Component: Arm Compiler for Embedded 6.19 Tool: armlink [5e73cb00]

==============================================================================

Section Cross References

    startup_stm32l073xx.o(STACK) refers (Special) to heapauxi.o(.text) for __use_two_region_memory
    startup_stm32l073xx.o(HEAP) refers (Special) to heapauxi.o(.text) for __use_two_region_memory
    startup_stm32l073xx.o(RESET) refers (Special) to heapauxi.o(.text) for __use_two_region_memory
    startup_stm32l073xx.o(RESET) refers to startup_stm32l073xx.o(STACK) for __initial_sp
    startup_stm32l073xx.o(RESET) refers to startup_stm32l073xx.o(.text) for Reset_Handler
    startup_stm32l073xx.o(RESET) refers to stm32l0xx_it.o(.text.NMI_Handler) for NMI_Handler
    startup_stm32l073xx.o(RESET) refers to stm32l0xx_it.o(.text.HardFault_Handler) for HardFault_Handler
    startup_stm32l073xx.o(RESET) refers to stm32l0xx_it.o(.text.SVC_Handler) for SVC_Handler
    startup_stm32l073xx.o(RESET) refers to stm32l0xx_it.o(.text.PendSV_Handler) for PendSV_Handler
    startup_stm32l073xx.o(RESET) refers to stm32l0xx_it.o(.text.SysTick_Handler) for SysTick_Handler
    startup_stm32l073xx.o(RESET) refers to stm32l0xx_it.o(.text.TIM2_IRQHandler) for TIM2_IRQHandler
    startup_stm32l073xx.o(RESET) refers to stm32l0xx_it.o(.text.I2C2_IRQHandler) for I2C2_IRQHandler
    startup_stm32l073xx.o(.text) refers (Special) to heapauxi.o(.text) for __use_two_region_memory
    startup_stm32l073xx.o(.text) refers to system_stm32l0xx.o(.text.SystemInit) for SystemInit
    startup_stm32l073xx.o(.text) refers to __main.o(!!!main) for __main
    startup_stm32l073xx.o(.text) refers to startup_stm32l073xx.o(HEAP) for Heap_Mem
    startup_stm32l073xx.o(.text) refers to startup_stm32l073xx.o(STACK) for Stack_Mem
    main.o(.text.HAL_TIM_PeriodElapsedCallback) refers to lps25hb.o(.text.LPS25HB_Measure_Temperature_IT) for LPS25HB_Measure_Temperature_IT
    main.o(.text.HAL_TIM_PeriodElapsedCallback) refers to main.o(.bss.Status) for Status
    main.o(.text.HAL_TIM_PeriodElapsedCallback) refers to main.o(.bss.hi2c2) for hi2c2
    main.o(.ARM.exidx.text.HAL_TIM_PeriodElapsedCallback) refers to main.o(.text.HAL_TIM_PeriodElapsedCallback) for [Anonymous Symbol]
    main.o(.text.main) refers to stm32l0xx_hal.o(.text.HAL_Init) for HAL_Init
    main.o(.text.main) refers to main.o(.text.SystemClock_Config) for SystemClock_Config
    main.o(.text.main) refers to main.o(.text.MX_GPIO_Init) for MX_GPIO_Init
    main.o(.text.main) refers to main.o(.text.MX_ADC_Init) for MX_ADC_Init
    main.o(.text.main) refers to main.o(.text.MX_I2C2_Init) for MX_I2C2_Init
    main.o(.text.main) refers to main.o(.text.MX_SPI1_Init) for MX_SPI1_Init
    main.o(.text.main) refers to main.o(.text.MX_USART2_UART_Init) for MX_USART2_UART_Init
    main.o(.text.main) refers to main.o(.text.MX_TIM2_Init) for MX_TIM2_Init
    main.o(.text.main) refers to lps25hb.o(.text.LPS25HB_Initialise) for LPS25HB_Initialise
    main.o(.text.main) refers to stm32l0xx_hal_tim.o(.text.HAL_TIM_Base_Start_IT) for HAL_TIM_Base_Start_IT
    main.o(.text.main) refers to fcmp.o(i._fleq) for __aeabi_fcmple
    main.o(.text.main) refers to rgb_leds.o(.text.RED_LED1) for RED_LED1
    main.o(.text.main) refers to rgb_leds.o(.text.GREEN_LED1) for GREEN_LED1
    main.o(.text.main) refers to rgb_leds.o(.text.BLUE_LED1) for BLUE_LED1
    main.o(.text.main) refers to ffixi.o(.text) for __aeabi_f2iz
    main.o(.text.main) refers to aeabi_sdiv.o(.text) for __aeabi_idivmod
    main.o(.text.main) refers to main.o(.bss.hi2c2) for hi2c2
    main.o(.text.main) refers to main.o(.bss.htim2) for htim2
    main.o(.text.main) refers to main.o(.bss.Status) for Status
    main.o(.text.main) refers to main.o(.bss.temperatura) for temperatura
    main.o(.text.main) refers to main.o(.bss.temperature_digits_to_display) for temperature_digits_to_display
    main.o(.ARM.exidx.text.main) refers to main.o(.text.main) for [Anonymous Symbol]
    main.o(.text.SystemClock_Config) refers to rt_memclr.o(.text) for __aeabi_memclr4
    main.o(.text.SystemClock_Config) refers to stm32l0xx_hal_rcc.o(.text.HAL_RCC_OscConfig) for HAL_RCC_OscConfig
    main.o(.text.SystemClock_Config) refers to main.o(.text.Error_Handler) for Error_Handler
    main.o(.text.SystemClock_Config) refers to stm32l0xx_hal_rcc.o(.text.HAL_RCC_ClockConfig) for HAL_RCC_ClockConfig
    main.o(.text.SystemClock_Config) refers to stm32l0xx_hal_rcc_ex.o(.text.HAL_RCCEx_PeriphCLKConfig) for HAL_RCCEx_PeriphCLKConfig
    main.o(.ARM.exidx.text.SystemClock_Config) refers to main.o(.text.SystemClock_Config) for [Anonymous Symbol]
    main.o(.text.MX_GPIO_Init) refers to stm32l0xx_hal_gpio.o(.text.HAL_GPIO_WritePin) for HAL_GPIO_WritePin
    main.o(.text.MX_GPIO_Init) refers to stm32l0xx_hal_gpio.o(.text.HAL_GPIO_Init) for HAL_GPIO_Init
    main.o(.ARM.exidx.text.MX_GPIO_Init) refers to main.o(.text.MX_GPIO_Init) for [Anonymous Symbol]
[...]
    [Anonymous Symbol]                       0x08001cc8   Section        0  stm32l0xx_hal_msp.o(.text.HAL_MspInit)
    __arm_cp.0_0                             0x08001ce0   Number         4  stm32l0xx_hal_msp.o(.text.HAL_MspInit)
    __arm_cp.0_1                             0x08001ce4   Number         4  stm32l0xx_hal_msp.o(.text.HAL_MspInit)
    [Anonymous Symbol]                       0x08001ce8   Section        0  stm32l0xx_hal_cortex.o(.text.HAL_NVIC_EnableIRQ)
    [Anonymous Symbol]                       0x08001cfe   Section        0  stm32l0xx_hal_cortex.o(.text.HAL_NVIC_SetPriority)
    [Anonymous Symbol]                       0x08001d1c   Section        0  stm32l0xx_hal_rcc_ex.o(.text.HAL_RCCEx_PeriphCLKConfig)
    __arm_cp.0_0                             0x08002014   Number         4  stm32l0xx_hal_rcc_ex.o(.text.HAL_RCCEx_PeriphCLKConfig)
    __arm_cp.0_1                             0x08002018   Number         4  stm32l0xx_hal_rcc_ex.o(.text.HAL_RCCEx_PeriphCLKConfig)
    __arm_cp.0_2                             0x0800201c   Number         4  stm32l0xx_hal_rcc_ex.o(.text.HAL_RCCEx_PeriphCLKConfig)
    __arm_cp.0_3                             0x08002020   Number         4  stm32l0xx_hal_rcc_ex.o(.text.HAL_RCCEx_PeriphCLKConfig)
    __arm_cp.0_4                             0x08002024   Number         4  stm32l0xx_hal_rcc_ex.o(.text.HAL_RCCEx_PeriphCLKConfig)
    __arm_cp.0_5                             0x08002028   Number         4  stm32l0xx_hal_rcc_ex.o(.text.HAL_RCCEx_PeriphCLKConfig)
    [Anonymous Symbol]                       0x0800202c   Section        0  stm32l0xx_hal_rcc.o(.text.HAL_RCC_ClockConfig)
    __arm_cp.3_0                             0x08002314   Number         4  stm32l0xx_hal_rcc.o(.text.HAL_RCC_ClockConfig)
    __arm_cp.3_3                             0x08002318   Number         4  stm32l0xx_hal_rcc.o(.text.HAL_RCC_ClockConfig)
    __arm_cp.3_4                             0x0800231c   Number         4  stm32l0xx_hal_rcc.o(.text.HAL_RCC_ClockConfig)
    __arm_cp.3_6                             0x08002320   Number         4  stm32l0xx_hal_rcc.o(.text.HAL_RCC_ClockConfig)
    [Anonymous Symbol]                       0x08002324   Section        0  stm32l0xx_hal_rcc.o(.text.HAL_RCC_GetHCLKFreq)
    __arm_cp.6_0                             0x0800232c   Number         4  stm32l0xx_hal_rcc.o(.text.HAL_RCC_GetHCLKFreq)
    [Anonymous Symbol]                       0x08002330   Section        0  stm32l0xx_hal_rcc.o(.text.HAL_RCC_GetPCLK1Freq)
    [Anonymous Symbol]                       0x0800234c   Section        0  stm32l0xx_hal_rcc.o(.text.HAL_RCC_GetPCLK2Freq)
    __arm_cp.8_0                             0x08002368   Number         4  stm32l0xx_hal_rcc.o(.text.HAL_RCC_GetPCLK2Freq)
    __arm_cp.8_1                             0x0800236c   Number         4  stm32l0xx_hal_rcc.o(.text.HAL_RCC_GetPCLK2Freq)
    [Anonymous Symbol]                       0x08002370   Section        0  stm32l0xx_hal_rcc.o(.text.HAL_RCC_GetSysClockFreq)
    __arm_cp.2_0                             0x08002490   Number         4  stm32l0xx_hal_rcc.o(.text.HAL_RCC_GetSysClockFreq)
    __arm_cp.2_1                             0x08002494   Number         4  stm32l0xx_hal_rcc.o(.text.HAL_RCC_GetSysClockFreq)
    __arm_cp.2_2                             0x08002498   Number         4  stm32l0xx_hal_rcc.o(.text.HAL_RCC_GetSysClockFreq)
    __arm_cp.2_3                             0x0800249c   Number         4  stm32l0xx_hal_rcc.o(.text.HAL_RCC_GetSysClockFreq)
    __arm_cp.2_4                             0x080024a0   Number         4  stm32l0xx_hal_rcc.o(.text.HAL_RCC_GetSysClockFreq)
    __arm_cp.2_5                             0x080024a4   Number         4  stm32l0xx_hal_rcc.o(.text.HAL_RCC_GetSysClockFreq)
    __arm_cp.2_6                             0x080024a8   Number         4  stm32l0xx_hal_rcc.o(.text.HAL_RCC_GetSysClockFreq)
    [Anonymous Symbol]                       0x080024ac   Section        0  stm32l0xx_hal_rcc.o(.text.HAL_RCC_OscConfig)
    __arm_cp.1_15                            0x080028c4   Number         4  stm32l0xx_hal_rcc.o(.text.HAL_RCC_OscConfig)
    __arm_cp.1_16                            0x080028c8   Number         4  stm32l0xx_hal_rcc.o(.text.HAL_RCC_OscConfig)
    __arm_cp.1_17                            0x080028cc   Number         4  stm32l0xx_hal_rcc.o(.text.HAL_RCC_OscConfig)
    __arm_cp.1_18                            0x080028d0   Number         4  stm32l0xx_hal_rcc.o(.text.HAL_RCC_OscConfig)
    __arm_cp.1_0                             0x08002cf8   Number         4  stm32l0xx_hal_rcc.o(.text.HAL_RCC_OscConfig)
    __arm_cp.1_1                             0x08002cfc   Number         4  stm32l0xx_hal_rcc.o(.text.HAL_RCC_OscConfig)
    __arm_cp.1_6                             0x08002d00   Number         4  stm32l0xx_hal_rcc.o(.text.HAL_RCC_OscConfig)
    __arm_cp.1_7                             0x08002d04   Number         4  stm32l0xx_hal_rcc.o(.text.HAL_RCC_OscConfig)
    __arm_cp.1_8                             0x08002d08   Number         4  stm32l0xx_hal_rcc.o(.text.HAL_RCC_OscConfig)
    __arm_cp.1_9                             0x08002d0c   Number         4  stm32l0xx_hal_rcc.o(.text.HAL_RCC_OscConfig)
    __arm_cp.1_10                            0x08002d10   Number         4  stm32l0xx_hal_rcc.o(.text.HAL_RCC_OscConfig)
    __arm_cp.1_11                            0x08002d14   Number         4  stm32l0xx_hal_rcc.o(.text.HAL_RCC_OscConfig)
    [Anonymous Symbol]                       0x08002d18   Section        0  stm32l0xx_hal_spi.o(.text.HAL_SPI_Init)
    [Anonymous Symbol]                       0x08002e1c   Section        0  stm32l0xx_hal_msp.o(.text.HAL_SPI_MspInit)
    __arm_cp.5_0                             0x08002eb8   Number         4  stm32l0xx_hal_msp.o(.text.HAL_SPI_MspInit)
    __arm_cp.5_1                             0x08002ebc   Number         4  stm32l0xx_hal_msp.o(.text.HAL_SPI_MspInit)
    __arm_cp.5_2                             0x08002ec0   Number         4  stm32l0xx_hal_msp.o(.text.HAL_SPI_MspInit)
    __arm_cp.5_3                             0x08002ec4   Number         4  stm32l0xx_hal_msp.o(.text.HAL_SPI_MspInit)
    [Anonymous Symbol]                       0x08002ec8   Section        0  stm32l0xx_hal_cortex.o(.text.HAL_SYSTICK_Config)
    [Anonymous Symbol]                       0x08002ed8   Section        0  stm32l0xx_hal_tim_ex.o(.text.HAL_TIMEx_MasterConfigSynchronization)
    [Anonymous Symbol]                       0x08002fa4   Section        0  stm32l0xx_hal_tim.o(.text.HAL_TIM_Base_Init)
    [Anonymous Symbol]                       0x08003024   Section        0  stm32l0xx_hal_msp.o(.text.HAL_TIM_Base_MspInit)
    __arm_cp.7_0                             0x0800305c   Number         4  stm32l0xx_hal_msp.o(.text.HAL_TIM_Base_MspInit)
    [Anonymous Symbol]                       0x08003060   Section        0  stm32l0xx_hal_tim.o(.text.HAL_TIM_Base_Start_IT)
    __arm_cp.7_0                             0x08003100   Number         4  stm32l0xx_hal_tim.o(.text.HAL_TIM_Base_Start_IT)
    __arm_cp.7_1                             0x08003104   Number         4  stm32l0xx_hal_tim.o(.text.HAL_TIM_Base_Start_IT)
    __arm_cp.7_2                             0x08003108   Number         4  stm32l0xx_hal_tim.o(.text.HAL_TIM_Base_Start_IT)
    [Anonymous Symbol]                       0x0800310c   Section        0  stm32l0xx_hal_tim.o(.text.HAL_TIM_ConfigClockSource)
    [Anonymous Symbol]                       0x08003296   Section        0  stm32l0xx_hal_tim.o(.text.HAL_TIM_IC_CaptureCallback)
    [Anonymous Symbol]                       0x0800329e   Section        0  stm32l0xx_hal_tim.o(.text.HAL_TIM_IRQHandler)
    [Anonymous Symbol]                       0x0800349c   Section        0  stm32l0xx_hal_tim.o(.text.HAL_TIM_OC_DelayElapsedCallback)
    [Anonymous Symbol]                       0x080034a4   Section        0  stm32l0xx_hal_tim.o(.text.HAL_TIM_PWM_PulseFinishedCallback)
    [Anonymous Symbol]                       0x080034ac   Section        0  main.o(.text.HAL_TIM_PeriodElapsedCallback)
    __arm_cp.0_0                             0x080034e0   Number         4  main.o(.text.HAL_TIM_PeriodElapsedCallback)
    [Anonymous Symbol]                       0x080034e4   Section        0  stm32l0xx_hal_tim.o(.text.HAL_TIM_TriggerCallback)
    [Anonymous Symbol]                       0x080034ec   Section        0  stm32l0xx_hal_uart.o(.text.HAL_UART_Init)
    [Anonymous Symbol]                       0x0800359c   Section        0  stm32l0xx_hal_msp.o(.text.HAL_UART_MspInit)
    __arm_cp.9_0                             0x08003600   Number         4  stm32l0xx_hal_msp.o(.text.HAL_UART_MspInit)
    __arm_cp.9_1                             0x08003604   Number         4  stm32l0xx_hal_msp.o(.text.HAL_UART_MspInit)
    __arm_cp.9_2                             0x08003608   Number         4  stm32l0xx_hal_msp.o(.text.HAL_UART_MspInit)
    [Anonymous Symbol]                       0x0800360c   Section        0  stm32l0xx_it.o(.text.HardFault_Handler)
    [Anonymous Symbol]                       0x08003610   Section        0  stm32l0xx_it.o(.text.I2C2_IRQHandler)
    __arm_cp.6_0                             0x08003634   Number         4  stm32l0xx_it.o(.text.I2C2_IRQHandler)
    I2C_DMAAbort                             0x08003639   Thumb Code    62  stm32l0xx_hal_i2c.o(.text.I2C_DMAAbort)
    [Anonymous Symbol]                       0x08003638   Section        0  stm32l0xx_hal_i2c.o(.text.I2C_DMAAbort)
    I2C_Disable_IRQ                          0x08003677   Thumb Code   204  stm32l0xx_hal_i2c.o(.text.I2C_Disable_IRQ)
    [Anonymous Symbol]                       0x08003676   Section        0  stm32l0xx_hal_i2c.o(.text.I2C_Disable_IRQ)
    I2C_Enable_IRQ                           0x08003745   Thumb Code   224  stm32l0xx_hal_i2c.o(.text.I2C_Enable_IRQ)
    [Anonymous Symbol]                       0x08003744   Section        0  stm32l0xx_hal_i2c.o(.text.I2C_Enable_IRQ)
    __arm_cp.15_0                            0x08003824   Number         4  stm32l0xx_hal_i2c.o(.text.I2C_Enable_IRQ)
    __arm_cp.15_1                            0x08003828   Number         4  stm32l0xx_hal_i2c.o(.text.I2C_Enable_IRQ)
    I2C_Flush_TXDR                           0x0800382d   Thumb Code    64  stm32l0xx_hal_i2c.o(.text.I2C_Flush_TXDR)
    [Anonymous Symbol]                       0x0800382c   Section        0  stm32l0xx_hal_i2c.o(.text.I2C_Flush_TXDR)
    I2C_ITAddrCplt                           0x0800386d   Thumb Code   300  stm32l0xx_hal_i2c.o(.text.I2C_ITAddrCplt)
    [Anonymous Symbol]                       0x0800386c   Section        0  stm32l0xx_hal_i2c.o(.text.I2C_ITAddrCplt)
    __arm_cp.76_0                            0x08003998   Number         4  stm32l0xx_hal_i2c.o(.text.I2C_ITAddrCplt)
    I2C_ITError                              0x0800399d   Thumb Code   408  stm32l0xx_hal_i2c.o(.text.I2C_ITError)
    [Anonymous Symbol]                       0x0800399c   Section        0  stm32l0xx_hal_i2c.o(.text.I2C_ITError)
    __arm_cp.56_2                            0x08003b34   Number         4  stm32l0xx_hal_i2c.o(.text.I2C_ITError)
    __arm_cp.56_3                            0x08003b38   Number         4  stm32l0xx_hal_i2c.o(.text.I2C_ITError)
    I2C_ITListenCplt                         0x08003b3d   Thumb Code   152  stm32l0xx_hal_i2c.o(.text.I2C_ITListenCplt)
    [Anonymous Symbol]                       0x08003b3c   Section        0  stm32l0xx_hal_i2c.o(.text.I2C_ITListenCplt)
    __arm_cp.74_1                            0x08003bd4   Number         4  stm32l0xx_hal_i2c.o(.text.I2C_ITListenCplt)
    I2C_ITMasterCplt                         0x08003bd9   Thumb Code   428  stm32l0xx_hal_i2c.o(.text.I2C_ITMasterCplt)
    [Anonymous Symbol]                       0x08003bd8   Section        0  stm32l0xx_hal_i2c.o(.text.I2C_ITMasterCplt)
    __arm_cp.72_0                            0x08003d84   Number         4  stm32l0xx_hal_i2c.o(.text.I2C_ITMasterCplt)
    __arm_cp.72_1                            0x08003d88   Number         4  stm32l0xx_hal_i2c.o(.text.I2C_ITMasterCplt)
    I2C_ITMasterSeqCplt                      0x08003d8d   Thumb Code   126  stm32l0xx_hal_i2c.o(.text.I2C_ITMasterSeqCplt)
    [Anonymous Symbol]                       0x08003d8c   Section        0  stm32l0xx_hal_i2c.o(.text.I2C_ITMasterSeqCplt)
    I2C_ITSlaveCplt                          0x08003e0d   Thumb Code   552  stm32l0xx_hal_i2c.o(.text.I2C_ITSlaveCplt)
    [Anonymous Symbol]                       0x08003e0c   Section        0  stm32l0xx_hal_i2c.o(.text.I2C_ITSlaveCplt)
    __arm_cp.73_0                            0x08004034   Number         4  stm32l0xx_hal_i2c.o(.text.I2C_ITSlaveCplt)
    __arm_cp.73_1                            0x08004038   Number         4  stm32l0xx_hal_i2c.o(.text.I2C_ITSlaveCplt)
    __arm_cp.73_3                            0x0800403c   Number         4  stm32l0xx_hal_i2c.o(.text.I2C_ITSlaveCplt)
    I2C_ITSlaveSeqCplt                       0x08004041   Thumb Code   202  stm32l0xx_hal_i2c.o(.text.I2C_ITSlaveSeqCplt)
    [Anonymous Symbol]                       0x08004040   Section        0  stm32l0xx_hal_i2c.o(.text.I2C_ITSlaveSeqCplt)
    I2C_IsAcknowledgeFailed                  0x0800410d   Thumb Code   264  stm32l0xx_hal_i2c.o(.text.I2C_IsAcknowledgeFailed)
    [Anonymous Symbol]                       0x0800410c   Section        0  stm32l0xx_hal_i2c.o(.text.I2C_IsAcknowledgeFailed)
    __arm_cp.78_0                            0x08004214   Number         4  stm32l0xx_hal_i2c.o(.text.I2C_IsAcknowledgeFailed)
    I2C_Master_ISR_DMA                       0x08004219   Thumb Code   544  stm32l0xx_hal_i2c.o(.text.I2C_Master_ISR_DMA)
    [Anonymous Symbol]                       0x08004218   Section        0  stm32l0xx_hal_i2c.o(.text.I2C_Master_ISR_DMA)
    __arm_cp.21_1                            0x08004438   Number         4  stm32l0xx_hal_i2c.o(.text.I2C_Master_ISR_DMA)
    I2C_Master_ISR_IT                        0x0800443d   Thumb Code   660  stm32l0xx_hal_i2c.o(.text.I2C_Master_ISR_IT)
    [Anonymous Symbol]                       0x0800443c   Section        0  stm32l0xx_hal_i2c.o(.text.I2C_Master_ISR_IT)
    __arm_cp.14_0                            0x080046d0   Number         4  stm32l0xx_hal_i2c.o(.text.I2C_Master_ISR_IT)
    __arm_cp.14_1                            0x080046d4   Number         4  stm32l0xx_hal_i2c.o(.text.I2C_Master_ISR_IT)
    I2C_RequestMemoryRead                    0x080046d9   Thumb Code   184  stm32l0xx_hal_i2c.o(.text.I2C_RequestMemoryRead)
    [Anonymous Symbol]                       0x080046d8   Section        0  stm32l0xx_hal_i2c.o(.text.I2C_RequestMemoryRead)
    I2C_RequestMemoryWrite                   0x08004791   Thumb Code   184  stm32l0xx_hal_i2c.o(.text.I2C_RequestMemoryWrite)
    [Anonymous Symbol]                       0x08004790   Section        0  stm32l0xx_hal_i2c.o(.text.I2C_RequestMemoryWrite)
    __arm_cp.32_0                            0x08004848   Number         4  stm32l0xx_hal_i2c.o(.text.I2C_RequestMemoryWrite)
    I2C_Slave_ISR_DMA                        0x0800484d   Thumb Code   560  stm32l0xx_hal_i2c.o(.text.I2C_Slave_ISR_DMA)
    [Anonymous Symbol]                       0x0800484c   Section        0  stm32l0xx_hal_i2c.o(.text.I2C_Slave_ISR_DMA)
    I2C_Slave_ISR_IT                         0x08004a7d   Thumb Code   580  stm32l0xx_hal_i2c.o(.text.I2C_Slave_ISR_IT)
    [Anonymous Symbol]                       0x08004a7c   Section        0  stm32l0xx_hal_i2c.o(.text.I2C_Slave_ISR_IT)
    __arm_cp.18_0                            0x08004cc0   Number         4  stm32l0xx_hal_i2c.o(.text.I2C_Slave_ISR_IT)
    I2C_TransferConfig                       0x08004cc5   Thumb Code    72  stm32l0xx_hal_i2c.o(.text.I2C_TransferConfig)
    [Anonymous Symbol]                       0x08004cc4   Section        0  stm32l0xx_hal_i2c.o(.text.I2C_TransferConfig)
    __arm_cp.6_0                             0x08004d0c   Number         4  stm32l0xx_hal_i2c.o(.text.I2C_TransferConfig)
    __arm_cp.6_1                             0x08004d10   Number         4  stm32l0xx_hal_i2c.o(.text.I2C_TransferConfig)
    I2C_TreatErrorCallback                   0x08004d15   Thumb Code    82  stm32l0xx_hal_i2c.o(.text.I2C_TreatErrorCallback)
    [Anonymous Symbol]                       0x08004d14   Section        0  stm32l0xx_hal_i2c.o(.text.I2C_TreatErrorCallback)
    I2C_WaitOnFlagUntilTimeout               0x08004d67   Thumb Code   142  stm32l0xx_hal_i2c.o(.text.I2C_WaitOnFlagUntilTimeout)
    [Anonymous Symbol]                       0x08004d66   Section        0  stm32l0xx_hal_i2c.o(.text.I2C_WaitOnFlagUntilTimeout)
    I2C_WaitOnSTOPFlagUntilTimeout           0x08004df5   Thumb Code   140  stm32l0xx_hal_i2c.o(.text.I2C_WaitOnSTOPFlagUntilTimeout)
    [Anonymous Symbol]                       0x08004df4   Section        0  stm32l0xx_hal_i2c.o(.text.I2C_WaitOnSTOPFlagUntilTimeout)
    I2C_WaitOnTXISFlagUntilTimeout           0x08004e81   Thumb Code   152  stm32l0xx_hal_i2c.o(.text.I2C_WaitOnTXISFlagUntilTimeout)
    [Anonymous Symbol]                       0x08004e80   Section        0  stm32l0xx_hal_i2c.o(.text.I2C_WaitOnTXISFlagUntilTimeout)
    [Anonymous Symbol]                       0x08004f18   Section        0  lps25hb.o(.text.LPS25HB_Initialise)
    __arm_cp.0_0                             0x08004f80   Number         4  lps25hb.o(.text.LPS25HB_Initialise)
    [Anonymous Symbol]                       0x08004f84   Section        0  lps25hb.o(.text.LPS25HB_Measure_Temperature_IT)
    __arm_cp.1_0                             0x08004fd4   Number         4  lps25hb.o(.text.LPS25HB_Measure_Temperature_IT)
    __arm_cp.1_1                             0x08004fd8   Number         4  lps25hb.o(.text.LPS25HB_Measure_Temperature_IT)
    MX_ADC_Init                              0x08004fdd   Thumb Code   116  main.o(.text.MX_ADC_Init)
    [Anonymous Symbol]                       0x08004fdc   Section        0  main.o(.text.MX_ADC_Init)
    __arm_cp.4_0                             0x08005050   Number         4  main.o(.text.MX_ADC_Init)
    __arm_cp.4_1                             0x08005054   Number         4  main.o(.text.MX_ADC_Init)
    __arm_cp.4_2                             0x08005058   Number         4  main.o(.text.MX_ADC_Init)
    MX_GPIO_Init                             0x0800505d   Thumb Code   284  main.o(.text.MX_GPIO_Init)
    [Anonymous Symbol]                       0x0800505c   Section        0  main.o(.text.MX_GPIO_Init)
    __arm_cp.3_0                             0x08005178   Number         4  main.o(.text.MX_GPIO_Init)
    __arm_cp.3_1                             0x0800517c   Number         4  main.o(.text.MX_GPIO_Init)
    __arm_cp.3_2                             0x08005180   Number         4  main.o(.text.MX_GPIO_Init)
    MX_I2C2_Init                             0x08005185   Thumb Code    96  main.o(.text.MX_I2C2_Init)
    [Anonymous Symbol]                       0x08005184   Section        0  main.o(.text.MX_I2C2_Init)
    __arm_cp.5_0                             0x080051e4   Number         4  main.o(.text.MX_I2C2_Init)
    __arm_cp.5_1                             0x080051e8   Number         4  main.o(.text.MX_I2C2_Init)
    __arm_cp.5_2                             0x080051ec   Number         4  main.o(.text.MX_I2C2_Init)
    MX_SPI1_Init                             0x080051f1   Thumb Code    68  main.o(.text.MX_SPI1_Init)
    [Anonymous Symbol]                       0x080051f0   Section        0  main.o(.text.MX_SPI1_Init)
    __arm_cp.6_0                             0x08005234   Number         4  main.o(.text.MX_SPI1_Init)
    __arm_cp.6_1                             0x08005238   Number         4  main.o(.text.MX_SPI1_Init)
    MX_TIM2_Init                             0x0800523d   Thumb Code   116  main.o(.text.MX_TIM2_Init)
    [Anonymous Symbol]                       0x0800523c   Section        0  main.o(.text.MX_TIM2_Init)
    __arm_cp.8_1                             0x080052b0   Number         4  main.o(.text.MX_TIM2_Init)
    __arm_cp.8_2                             0x080052b4   Number         4  main.o(.text.MX_TIM2_Init)
    MX_USART2_UART_Init                      0x080052b9   Thumb Code    60  main.o(.text.MX_USART2_UART_Init)
    [Anonymous Symbol]                       0x080052b8   Section        0  main.o(.text.MX_USART2_UART_Init)
    __arm_cp.7_0                             0x080052f4   Number         4  main.o(.text.MX_USART2_UART_Init)
    __arm_cp.7_1                             0x080052f8   Number         4  main.o(.text.MX_USART2_UART_Init)
    [Anonymous Symbol]                       0x080052fc   Section        0  stm32l0xx_it.o(.text.NMI_Handler)
    [Anonymous Symbol]                       0x08005300   Section        0  stm32l0xx_it.o(.text.PendSV_Handler)
    [Anonymous Symbol]                       0x08005304   Section        0  rgb_leds.o(.text.RED_LED1)
    __arm_cp.0_0                             0x08005378   Number         4  rgb_leds.o(.text.RED_LED1)
    __arm_cp.0_1                             0x0800537c   Number         4  rgb_leds.o(.text.RED_LED1)
    [Anonymous Symbol]                       0x08005380   Section        0  stm32l0xx_it.o(.text.SVC_Handler)
    [Anonymous Symbol]                       0x08005384   Section        0  4dig_7seg_display.o(.text.SevenSegment_DisplayDigit)
    [Anonymous Symbol]                       0x080053a4   Section        0  4dig_7seg_display.o(.text.SevenSegment_SymbolOff)
    __arm_cp.1_0                             0x080053b8   Number         4  4dig_7seg_display.o(.text.SevenSegment_SymbolOff)
    [Anonymous Symbol]                       0x080053bc   Section        0  4dig_7seg_display.o(.text.SevenSegment_Update)
    __arm_cp.2_0                             0x08005424   Number         4  4dig_7seg_display.o(.text.SevenSegment_Update)
    __arm_cp.2_2                             0x08005428   Number         4  4dig_7seg_display.o(.text.SevenSegment_Update)
    __arm_cp.2_3                             0x0800542c   Number         4  4dig_7seg_display.o(.text.SevenSegment_Update)
    __arm_cp.2_4                             0x08005430   Number         4  4dig_7seg_display.o(.text.SevenSegment_Update)
    SysTick_Config                           0x08005435   Thumb Code    68  stm32l0xx_hal_cortex.o(.text.SysTick_Config)
    [Anonymous Symbol]                       0x08005434   Section        0  stm32l0xx_hal_cortex.o(.text.SysTick_Config)
    __arm_cp.9_0                             0x08005478   Number         4  stm32l0xx_hal_cortex.o(.text.SysTick_Config)
    __arm_cp.9_1                             0x0800547c   Number         4  stm32l0xx_hal_cortex.o(.text.SysTick_Config)
    __arm_cp.9_2                             0x08005480   Number         4  stm32l0xx_hal_cortex.o(.text.SysTick_Config)
    [Anonymous Symbol]                       0x08005484   Section        0  stm32l0xx_it.o(.text.SysTick_Handler)
    __arm_cp.4_0                             0x080054f4   Number         4  stm32l0xx_it.o(.text.SysTick_Handler)
    __arm_cp.4_1                             0x080054f8   Number         4  stm32l0xx_it.o(.text.SysTick_Handler)
    __arm_cp.4_2                             0x080054fc   Number         4  stm32l0xx_it.o(.text.SysTick_Handler)
    __arm_cp.4_3                             0x08005500   Number         4  stm32l0xx_it.o(.text.SysTick_Handler)
    __arm_cp.4_4                             0x08005504   Number         4  stm32l0xx_it.o(.text.SysTick_Handler)
    __arm_cp.4_5                             0x08005508   Number         4  stm32l0xx_it.o(.text.SysTick_Handler)
    __arm_cp.4_6                             0x0800550c   Number         4  stm32l0xx_it.o(.text.SysTick_Handler)
    __arm_cp.4_7                             0x08005510   Number         4  stm32l0xx_it.o(.text.SysTick_Handler)
    [Anonymous Symbol]                       0x08005514   Section        0  main.o(.text.SystemClock_Config)
    __arm_cp.2_0                             0x080055b4   Number         4  main.o(.text.SystemClock_Config)
    [Anonymous Symbol]                       0x080055b8   Section        0  system_stm32l0xx.o(.text.SystemInit)
    [Anonymous Symbol]                       0x080055bc   Section        0  stm32l0xx_it.o(.text.TIM2_IRQHandler)
    __arm_cp.5_0                             0x080055c8   Number         4  stm32l0xx_it.o(.text.TIM2_IRQHandler)
    TIM_Base_SetConfig                       0x080055cd   Thumb Code   184  stm32l0xx_hal_tim.o(.text.TIM_Base_SetConfig)
    [Anonymous Symbol]                       0x080055cc   Section        0  stm32l0xx_hal_tim.o(.text.TIM_Base_SetConfig)
    __arm_cp.2_0                             0x08005684   Number         4  stm32l0xx_hal_tim.o(.text.TIM_Base_SetConfig)
    __arm_cp.2_1                             0x08005688   Number         4  stm32l0xx_hal_tim.o(.text.TIM_Base_SetConfig)
    __arm_cp.2_2                             0x0800568c   Number         4  stm32l0xx_hal_tim.o(.text.TIM_Base_SetConfig)
    TIM_ETR_SetConfig                        0x08005691   Thumb Code    54  stm32l0xx_hal_tim.o(.text.TIM_ETR_SetConfig)
    [Anonymous Symbol]                       0x08005690   Section        0  stm32l0xx_hal_tim.o(.text.TIM_ETR_SetConfig)
    TIM_ITRx_SetConfig                       0x080056c7   Thumb Code    42  stm32l0xx_hal_tim.o(.text.TIM_ITRx_SetConfig)
    [Anonymous Symbol]                       0x080056c6   Section        0  stm32l0xx_hal_tim.o(.text.TIM_ITRx_SetConfig)
    TIM_TI1_ConfigInputStage                 0x080056f1   Thumb Code    80  stm32l0xx_hal_tim.o(.text.TIM_TI1_ConfigInputStage)
    [Anonymous Symbol]                       0x080056f0   Section        0  stm32l0xx_hal_tim.o(.text.TIM_TI1_ConfigInputStage)
    TIM_TI2_ConfigInputStage                 0x08005741   Thumb Code    84  stm32l0xx_hal_tim.o(.text.TIM_TI2_ConfigInputStage)
    [Anonymous Symbol]                       0x08005740   Section        0  stm32l0xx_hal_tim.o(.text.TIM_TI2_ConfigInputStage)
    [Anonymous Symbol]                       0x08005794   Section        0  stm32l0xx_hal_uart.o(.text.UART_AdvFeatureConfig)
    [Anonymous Symbol]                       0x080058f0   Section        0  stm32l0xx_hal_uart.o(.text.UART_CheckIdleState)
    __arm_cp.4_0                             0x08005990   Number         4  stm32l0xx_hal_uart.o(.text.UART_CheckIdleState)
    [Anonymous Symbol]                       0x08005994   Section        0  stm32l0xx_hal_uart.o(.text.UART_SetConfig)
    __arm_cp.2_16                            0x08005dac   Number         4  stm32l0xx_hal_uart.o(.text.UART_SetConfig)
    __arm_cp.2_17                            0x08005de4   Number         4  stm32l0xx_hal_uart.o(.text.UART_SetConfig)
    __arm_cp.2_19                            0x08005e7c   Number         4  stm32l0xx_hal_uart.o(.text.UART_SetConfig)
    __arm_cp.2_0                             0x08005e80   Number         4  stm32l0xx_hal_uart.o(.text.UART_SetConfig)
    __arm_cp.2_4                             0x08005e84   Number         4  stm32l0xx_hal_uart.o(.text.UART_SetConfig)
    __arm_cp.2_5                             0x08005e88   Number         4  stm32l0xx_hal_uart.o(.text.UART_SetConfig)
    __arm_cp.2_6                             0x08005e8c   Number         4  stm32l0xx_hal_uart.o(.text.UART_SetConfig)
    __arm_cp.2_7                             0x08005e90   Number         4  stm32l0xx_hal_uart.o(.text.UART_SetConfig)
    __arm_cp.2_8                             0x08005e94   Number         4  stm32l0xx_hal_uart.o(.text.UART_SetConfig)
    __arm_cp.2_9                             0x08005e98   Number         4  stm32l0xx_hal_uart.o(.text.UART_SetConfig)
    [Anonymous Symbol]                       0x08005e9c   Section        0  stm32l0xx_hal_uart.o(.text.UART_WaitOnFlagUntilTimeout)
    __NVIC_EnableIRQ                         0x08006029   Thumb Code    40  stm32l0xx_hal_cortex.o(.text.__NVIC_EnableIRQ)
    [Anonymous Symbol]                       0x08006028   Section        0  stm32l0xx_hal_cortex.o(.text.__NVIC_EnableIRQ)
    __arm_cp.3_0                             0x08006050   Number         4  stm32l0xx_hal_cortex.o(.text.__NVIC_EnableIRQ)
    __NVIC_SetPriority                       0x08006055   Thumb Code   124  stm32l0xx_hal_cortex.o(.text.__NVIC_SetPriority)
    [Anonymous Symbol]                       0x08006054   Section        0  stm32l0xx_hal_cortex.o(.text.__NVIC_SetPriority)
    __arm_cp.1_0                             0x080060d0   Number         4  stm32l0xx_hal_cortex.o(.text.__NVIC_SetPriority)
    __arm_cp.1_1                             0x080060d4   Number         4  stm32l0xx_hal_cortex.o(.text.__NVIC_SetPriority)
    [Anonymous Symbol]                       0x080060d8   Section        0  main.o(.text.main)
    __arm_cp.1_0                             0x080061b8   Number         4  main.o(.text.main)
    __arm_cp.1_1                             0x080061bc   Number         4  main.o(.text.main)
    __arm_cp.1_2                             0x080061c0   Number         4  main.o(.text.main)
    __arm_cp.1_3                             0x080061c4   Number         4  main.o(.text.main)
    __arm_cp.1_4                             0x080061c8   Number         4  main.o(.text.main)
    __arm_cp.1_5                             0x080061cc   Number         4  main.o(.text.main)
    __arm_cp.1_6                             0x080061d0   Number         4  main.o(.text.main)
    i._fleq                                  0x080061d4   Section        0  fcmp.o(i._fleq)
    x$fpl$fadd                               0x080061f0   Section      140  faddsub.o(x$fpl$fadd)
    _fadd1                                   0x080061fd   Thumb Code     0  faddsub.o(x$fpl$fadd)
    x$fpl$fleqf                              0x0800627c   Section       84  flef.o(x$fpl$fleqf)
    x$fpl$fsub                               0x080062d0   Section      208  faddsub.o(x$fpl$fsub)
    _fsub1                                   0x080062dd   Thumb Code     0  faddsub.o(x$fpl$fsub)
    fdiv_tab                                 0x080063a0   Data          64  fdiv.o(.constdata)
    .constdata                               0x080063a0   Section       64  fdiv.o(.constdata)
    x$fpl$usenofp                            0x080063a0   Section        0  usenofp.o(x$fpl$usenofp)
    SevenSegment_Update.dig_no               0x20000004   Data           1  4dig_7seg_display.o(.data.SevenSegment_Update.dig_no)
    [Anonymous Symbol]                       0x20000004   Section        0  4dig_7seg_display.o(.data.SevenSegment_Update.dig_no)
    .bss                                     0x20000020   Section       96  libspace.o(.bss)
    SevenSegment_Update.start_display        0x20000094   Data           1  4dig_7seg_display.o(.bss.SevenSegment_Update.start_display)
    [Anonymous Symbol]                       0x20000094   Section        0  4dig_7seg_display.o(.bss.SevenSegment_Update.start_display)
    SysTick_Handler.i                        0x20000098   Data           4  stm32l0xx_it.o(.bss.SysTick_Handler.i)
    [Anonymous Symbol]                       0x20000098   Section        0  stm32l0xx_it.o(.bss.SysTick_Handler.i)
    SysTick_Handler.mux_counter              0x2000009c   Data           4  stm32l0xx_it.o(.bss.SysTick_Handler.mux_counter)
    [Anonymous Symbol]                       0x2000009c   Section        0  stm32l0xx_it.o(.bss.SysTick_Handler.mux_counter)
    SysTick_Handler.symbol_no                0x200000a0   Data           1  stm32l0xx_it.o(.bss.SysTick_Handler.symbol_no)
    [Anonymous Symbol]                       0x200000a0   Section        0  stm32l0xx_it.o(.bss.SysTick_Handler.symbol_no)
    Heap_Mem                                 0x20000280   Data         512  startup_stm32l073xx.o(HEAP)
    HEAP                                     0x20000280   Section      512  startup_stm32l073xx.o(HEAP)
    Stack_Mem                                0x20000480   Data        1024  startup_stm32l073xx.o(STACK)
    STACK                                    0x20000480   Section     1024  startup_stm32l073xx.o(STACK)
    __initial_sp                             0x20000880   Data           0  startup_stm32l073xx.o(STACK)

    Global Symbols

    Symbol Name                              Value     Ov Type        Size  Object(Section)

    BuildAttributes$$THM_ISAv3M$S$PE$A:L22$X:L11$S22$IEEE1$IW$~IW$USESV6$~STKCKD$USESV7$~SHL$OSPACE$ROPI$EBA8$UX$STANDARDLIB$REQ8$PRES8$EABIv2 0x00000000   Number         0  anon$$obj.o ABSOLUTE
    __ARM_exceptions_init                     - Undefined Weak Reference
    __alloca_initialize                       - Undefined Weak Reference
    __arm_preinit_                            - Undefined Weak Reference
    __arm_relocate_pie_                       - Undefined Weak Reference
    __cpp_initialize__aeabi_                  - Undefined Weak Reference
    __cxa_finalize                            - Undefined Weak Reference
    __rt_locale                               - Undefined Weak Reference
    __sigvec_lookup                           - Undefined Weak Reference
    _atexit_init                              - Undefined Weak Reference
    _call_atexit_fns                          - Undefined Weak Reference
    _clock_init                               - Undefined Weak Reference
    _fp_trap_init                             - Undefined Weak Reference
    _fp_trap_shutdown                         - Undefined Weak Reference
    _get_lc_collate                           - Undefined Weak Reference
    _get_lc_ctype                             - Undefined Weak Reference
    _get_lc_monetary                          - Undefined Weak Reference
    _get_lc_numeric                           - Undefined Weak Reference
    _get_lc_time                              - Undefined Weak Reference
    _getenv_init                              - Undefined Weak Reference
    _handle_redirection                       - Undefined Weak Reference
    _init_alloc                               - Undefined Weak Reference
    _init_user_alloc                          - Undefined Weak Reference
    _initio                                   - Undefined Weak Reference
    _rand_init                                - Undefined Weak Reference
    _signal_finish                            - Undefined Weak Reference
    _signal_init                              - Undefined Weak Reference
    _terminate_alloc                          - Undefined Weak Reference
    _terminate_user_alloc                     - Undefined Weak Reference
    _terminateio                              - Undefined Weak Reference
    __Vectors_Size                           0x000000c0   Number         0  startup_stm32l073xx.o ABSOLUTE
    __Vectors                                0x08000000   Data           4  startup_stm32l073xx.o(RESET)
    __Vectors_End                            0x080000c0   Data           0  startup_stm32l073xx.o(RESET)
    __main                                   0x080000c1   Thumb Code     8  __main.o(!!!main)
    __scatterload                            0x080000c9   Thumb Code     0  __scatter.o(!!!scatter)
    __scatterload_rt2                        0x080000c9   Thumb Code    52  __scatter.o(!!!scatter)
    __scatterload_rt2_thumb_only             0x080000c9   Thumb Code     0  __scatter.o(!!!scatter)
    __scatterload_null                       0x080000d9   Thumb Code     0  __scatter.o(!!!scatter)
    __scatterload_copy                       0x08000105   Thumb Code    26  __scatter_copy.o(!!handler_copy)
    __scatterload_zeroinit                   0x08000121   Thumb Code    28  __scatter_zi.o(!!handler_zi)
    __rt_lib_init                            0x0800013d   Thumb Code     0  libinit.o(.ARM.Collect$$libinit$$00000000)
    __rt_lib_init_alloca_1                   0x0800013f   Thumb Code     0  libinit2.o(.ARM.Collect$$libinit$$00000030)
    __rt_lib_init_argv_1                     0x0800013f   Thumb Code     0  libinit2.o(.ARM.Collect$$libinit$$0000002E)
    __rt_lib_init_atexit_1                   0x0800013f   Thumb Code     0  libinit2.o(.ARM.Collect$$libinit$$0000001D)
    __rt_lib_init_clock_1                    0x0800013f   Thumb Code     0  libinit2.o(.ARM.Collect$$libinit$$00000023)
    __rt_lib_init_cpp_1                      0x0800013f   Thumb Code     0  libinit2.o(.ARM.Collect$$libinit$$00000034)
    __rt_lib_init_exceptions_1               0x0800013f   Thumb Code     0  libinit2.o(.ARM.Collect$$libinit$$00000032)
    __rt_lib_init_fp_1                       0x0800013f   Thumb Code     0  libinit2.o(.ARM.Collect$$libinit$$00000002)
    __rt_lib_init_fp_trap_1                  0x0800013f   Thumb Code     0  libinit2.o(.ARM.Collect$$libinit$$00000021)
    __rt_lib_init_getenv_1                   0x0800013f   Thumb Code     0  libinit2.o(.ARM.Collect$$libinit$$00000025)
    __rt_lib_init_heap_1                     0x0800013f   Thumb Code     0  libinit2.o(.ARM.Collect$$libinit$$0000000C)
    __rt_lib_init_lc_collate_1               0x0800013f   Thumb Code     0  libinit2.o(.ARM.Collect$$libinit$$00000013)
    __rt_lib_init_lc_ctype_1                 0x0800013f   Thumb Code     0  libinit2.o(.ARM.Collect$$libinit$$00000015)
    __rt_lib_init_lc_monetary_1              0x0800013f   Thumb Code     0  libinit2.o(.ARM.Collect$$libinit$$00000017)
    __rt_lib_init_lc_numeric_1               0x0800013f   Thumb Code     0  libinit2.o(.ARM.Collect$$libinit$$00000019)
    __rt_lib_init_lc_time_1                  0x0800013f   Thumb Code     0  libinit2.o(.ARM.Collect$$libinit$$0000001B)
    __rt_lib_init_preinit_1                  0x0800013f   Thumb Code     0  libinit2.o(.ARM.Collect$$libinit$$00000006)
    __rt_lib_init_rand_1                     0x0800013f   Thumb Code     0  libinit2.o(.ARM.Collect$$libinit$$00000010)
    __rt_lib_init_relocate_pie_1             0x0800013f   Thumb Code     0  libinit2.o(.ARM.Collect$$libinit$$00000004)
    __rt_lib_init_return                     0x0800013f   Thumb Code     0  libinit2.o(.ARM.Collect$$libinit$$00000035)
    __rt_lib_init_signal_1                   0x0800013f   Thumb Code     0  libinit2.o(.ARM.Collect$$libinit$$0000001F)
    __rt_lib_init_stdio_1                    0x0800013f   Thumb Code     0  libinit2.o(.ARM.Collect$$libinit$$00000027)
    __rt_lib_init_user_alloc_1               0x0800013f   Thumb Code     0  libinit2.o(.ARM.Collect$$libinit$$0000000E)
    __rt_lib_shutdown                        0x08000141   Thumb Code     0  libshutdown.o(.ARM.Collect$$libshutdown$$00000000)
    __rt_lib_shutdown_cpp_1                  0x08000143   Thumb Code     0  libshutdown2.o(.ARM.Collect$$libshutdown$$00000002)
    __rt_lib_shutdown_fp_trap_1              0x08000143   Thumb Code     0  libshutdown2.o(.ARM.Collect$$libshutdown$$00000007)
    __rt_lib_shutdown_heap_1                 0x08000143   Thumb Code     0  libshutdown2.o(.ARM.Collect$$libshutdown$$0000000F)
    __rt_lib_shutdown_return                 0x08000143   Thumb Code     0  libshutdown2.o(.ARM.Collect$$libshutdown$$00000010)
    __rt_lib_shutdown_signal_1               0x08000143   Thumb Code     0  libshutdown2.o(.ARM.Collect$$libshutdown$$0000000A)
    __rt_lib_shutdown_stdio_1                0x08000143   Thumb Code     0  libshutdown2.o(.ARM.Collect$$libshutdown$$00000004)
    __rt_lib_shutdown_user_alloc_1           0x08000143   Thumb Code     0  libshutdown2.o(.ARM.Collect$$libshutdown$$0000000C)
    __rt_entry                               0x08000145   Thumb Code     0  __rtentry.o(.ARM.Collect$$rtentry$$00000000)
    __rt_entry_presh_1                       0x08000145   Thumb Code     0  __rtentry2.o(.ARM.Collect$$rtentry$$00000002)
    __rt_entry_sh                            0x08000145   Thumb Code     0  __rtentry4.o(.ARM.Collect$$rtentry$$00000004)
    __rt_entry_li                            0x0800014b   Thumb Code     0  __rtentry2.o(.ARM.Collect$$rtentry$$0000000A)
    __rt_entry_postsh_1                      0x0800014b   Thumb Code     0  __rtentry2.o(.ARM.Collect$$rtentry$$00000009)
    __rt_entry_main                          0x0800014f   Thumb Code     0  __rtentry2.o(.ARM.Collect$$rtentry$$0000000D)
    __rt_entry_postli_1                      0x0800014f   Thumb Code     0  __rtentry2.o(.ARM.Collect$$rtentry$$0000000C)
    __rt_exit                                0x08000157   Thumb Code     0  rtexit.o(.ARM.Collect$$rtexit$$00000000)
    __rt_exit_ls                             0x08000159   Thumb Code     0  rtexit2.o(.ARM.Collect$$rtexit$$00000003)
    __rt_exit_prels_1                        0x08000159   Thumb Code     0  rtexit2.o(.ARM.Collect$$rtexit$$00000002)
    __rt_exit_exit                           0x0800015d   Thumb Code     0  rtexit2.o(.ARM.Collect$$rtexit$$00000004)
    Reset_Handler                            0x08000165   Thumb Code     8  startup_stm32l073xx.o(.text)
    ADC1_COMP_IRQHandler                     0x08000177   Thumb Code     0  startup_stm32l073xx.o(.text)
    DMA1_Channel1_IRQHandler                 0x08000177   Thumb Code     0  startup_stm32l073xx.o(.text)
    DMA1_Channel2_3_IRQHandler               0x08000177   Thumb Code     0  startup_stm32l073xx.o(.text)
    DMA1_Channel4_5_6_7_IRQHandler           0x08000177   Thumb Code     0  startup_stm32l073xx.o(.text)
    EXTI0_1_IRQHandler                       0x08000177   Thumb Code     0  startup_stm32l073xx.o(.text)
    EXTI2_3_IRQHandler                       0x08000177   Thumb Code     0  startup_stm32l073xx.o(.text)
    EXTI4_15_IRQHandler                      0x08000177   Thumb Code     0  startup_stm32l073xx.o(.text)
    FLASH_IRQHandler                         0x08000177   Thumb Code     0  startup_stm32l073xx.o(.text)
    I2C1_IRQHandler                          0x08000177   Thumb Code     0  startup_stm32l073xx.o(.text)
    I2C3_IRQHandler                          0x08000177   Thumb Code     0  startup_stm32l073xx.o(.text)
    LCD_IRQHandler                           0x08000177   Thumb Code     0  startup_stm32l073xx.o(.text)
    LPTIM1_IRQHandler                        0x08000177   Thumb Code     0  startup_stm32l073xx.o(.text)
    PVD_IRQHandler                           0x08000177   Thumb Code     0  startup_stm32l073xx.o(.text)
    RCC_CRS_IRQHandler                       0x08000177   Thumb Code     0  startup_stm32l073xx.o(.text)
    RNG_LPUART1_IRQHandler                   0x08000177   Thumb Code     0  startup_stm32l073xx.o(.text)
    RTC_IRQHandler                           0x08000177   Thumb Code     0  startup_stm32l073xx.o(.text)
    SPI1_IRQHandler                          0x08000177   Thumb Code     0  startup_stm32l073xx.o(.text)
    SPI2_IRQHandler                          0x08000177   Thumb Code     0  startup_stm32l073xx.o(.text)
    TIM21_IRQHandler                         0x08000177   Thumb Code     0  startup_stm32l073xx.o(.text)
    TIM22_IRQHandler                         0x08000177   Thumb Code     0  startup_stm32l073xx.o(.text)
    TIM3_IRQHandler                          0x08000177   Thumb Code     0  startup_stm32l073xx.o(.text)
    TIM6_DAC_IRQHandler                      0x08000177   Thumb Code     0  startup_stm32l073xx.o(.text)
    TIM7_IRQHandler                          0x08000177   Thumb Code     0  startup_stm32l073xx.o(.text)
    TSC_IRQHandler                           0x08000177   Thumb Code     0  startup_stm32l073xx.o(.text)
    USART1_IRQHandler                        0x08000177   Thumb Code     0  startup_stm32l073xx.o(.text)
    USART2_IRQHandler                        0x08000177   Thumb Code     0  startup_stm32l073xx.o(.text)
    USART4_5_IRQHandler                      0x08000177   Thumb Code     0  startup_stm32l073xx.o(.text)
    USB_IRQHandler                           0x08000177   Thumb Code     0  startup_stm32l073xx.o(.text)
    WWDG_IRQHandler                          0x08000177   Thumb Code     0  startup_stm32l073xx.o(.text)
    __user_initial_stackheap                 0x08000179   Thumb Code     0  startup_stm32l073xx.o(.text)
    __aeabi_lmul                             0x0800019d   Thumb Code    48  llmul.o(.text)
    _ll_mul                                  0x0800019d   Thumb Code     0  llmul.o(.text)
    __aeabi_uldivmod                         0x080001cd   Thumb Code   272  lludiv.o(.text)
    _ll_udiv                                 0x080001cd   Thumb Code     0  lludiv.o(.text)
    _memset_w                                0x080002dd   Thumb Code    26  rt_memclr.o(.text)
    _memset                                  0x080002f7   Thumb Code    30  rt_memclr.o(.text)
    __aeabi_memclr                           0x08000315   Thumb Code     4  rt_memclr.o(.text)
    __rt_memclr                              0x08000315   Thumb Code     0  rt_memclr.o(.text)
    __aeabi_memclr4                          0x08000319   Thumb Code     0  rt_memclr.o(.text)
    __aeabi_memclr8                          0x08000319   Thumb Code     0  rt_memclr.o(.text)
    __rt_memclr_w                            0x08000319   Thumb Code     4  rt_memclr.o(.text)
    __aeabi_uidiv                            0x0800031d   Thumb Code     0  aeabi_sdiv.o(.text)
    __aeabi_uidivmod                         0x0800031d   Thumb Code    20  aeabi_sdiv.o(.text)
    __aeabi_idiv                             0x08000331   Thumb Code     0  aeabi_sdiv.o(.text)
    __aeabi_idivmod                          0x08000331   Thumb Code   338  aeabi_sdiv.o(.text)
    __use_two_region_memory                  0x08000489   Thumb Code     2  heapauxi.o(.text)
    __rt_heap_escrow$2region                 0x0800048b   Thumb Code     2  heapauxi.o(.text)
    __rt_heap_expand$2region                 0x0800048d   Thumb Code     2  heapauxi.o(.text)
    __aeabi_fdiv                             0x08000491   Thumb Code     0  fdiv.o(.text)
    _fdiv                                    0x08000491   Thumb Code   334  fdiv.o(.text)
    _frdiv                                   0x080005df   Thumb Code     8  fdiv.o(.text)
    __aeabi_f2iz                             0x080005f1   Thumb Code     0  ffixi.o(.text)
    _ffix                                    0x080005f1   Thumb Code    76  ffixi.o(.text)
    __aeabi_i2f_normalise                    0x0800063d   Thumb Code    72  fflti.o(.text)
    __aeabi_i2f                              0x08000685   Thumb Code    16  fflti.o(.text)
    _fflt                                    0x08000685   Thumb Code     0  fflti.o(.text)
    __aeabi_ui2f                             0x08000695   Thumb Code     6  fflti.o(.text)
    _ffltu                                   0x08000695   Thumb Code     0  fflti.o(.text)
    __fpl_fcmp_InfNaN                        0x0800069d   Thumb Code    96  fcmpin.o(.text)
    __user_setup_stackheap                   0x08000701   Thumb Code    62  sys_stackheap_outer.o(.text)
    exit                                     0x0800073f   Thumb Code    16  exit.o(.text)
    __fpl_cmpreturn                          0x0800074f   Thumb Code    46  cmpret.o(.text)
    __fpl_fcheck_NaN2                        0x0800077d   Thumb Code    10  fnan2.o(.text)
    __user_libspace                          0x0800078d   Thumb Code     8  libspace.o(.text)
    __user_perproc_libspace                  0x0800078d   Thumb Code     0  libspace.o(.text)
    __user_perthread_libspace                0x0800078d   Thumb Code     0  libspace.o(.text)
    __fpl_return_NaN                         0x08000795   Thumb Code    94  retnan.o(.text)
    _sys_exit                                0x080007f5   Thumb Code     8  sys_exit.o(.text)
    __I$use$semihosting                      0x08000801   Thumb Code     0  use_no_semi.o(.text)
    __use_no_semihosting_swi                 0x08000801   Thumb Code     2  use_no_semi.o(.text)
    __semihosting_library_function           0x08000803   Thumb Code     0  indicate_semi.o(.text)
    BLUE_LED1                                0x0800083d   Thumb Code   116  rgb_leds.o(.text.BLUE_LED1)
    Error_Handler                            0x080008b1   Thumb Code    14  main.o(.text.Error_Handler)
    GREEN_LED1                               0x080008c1   Thumb Code   116  rgb_leds.o(.text.GREEN_LED1)
    HAL_ADC_ConfigChannel                    0x0800093d   Thumb Code   336  stm32l0xx_hal_adc.o(.text.HAL_ADC_ConfigChannel)
    HAL_ADC_Init                             0x08000a99   Thumb Code   680  stm32l0xx_hal_adc.o(.text.HAL_ADC_Init)
    HAL_ADC_MspInit                          0x08000d49   Thumb Code    92  stm32l0xx_hal_msp.o(.text.HAL_ADC_MspInit)
    HAL_DMA_Abort_IT                         0x08000dad   Thumb Code   124  stm32l0xx_hal_dma.o(.text.HAL_DMA_Abort_IT)
    HAL_DMA_GetState                         0x08000e29   Thumb Code    14  stm32l0xx_hal_dma.o(.text.HAL_DMA_GetState)
    HAL_GPIO_Init                            0x08000e39   Thumb Code   744  stm32l0xx_hal_gpio.o(.text.HAL_GPIO_Init)
    HAL_GPIO_WritePin                        0x0800114d   Thumb Code    44  stm32l0xx_hal_gpio.o(.text.HAL_GPIO_WritePin)
    HAL_GetTick                              0x08001179   Thumb Code     8  stm32l0xx_hal.o(.text.HAL_GetTick)
    HAL_I2CEx_ConfigAnalogFilter             0x08001185   Thumb Code   150  stm32l0xx_hal_i2c_ex.o(.text.HAL_I2CEx_ConfigAnalogFilter)
    HAL_I2CEx_ConfigDigitalFilter            0x0800121b   Thumb Code   160  stm32l0xx_hal_i2c_ex.o(.text.HAL_I2CEx_ConfigDigitalFilter)
    HAL_I2C_AbortCpltCallback                0x080012bb   Thumb Code     8  stm32l0xx_hal_i2c.o(.text.HAL_I2C_AbortCpltCallback)
    HAL_I2C_AddrCallback                     0x080012c3   Thumb Code    16  stm32l0xx_hal_i2c.o(.text.HAL_I2C_AddrCallback)
    HAL_I2C_ER_IRQHandler                    0x080012d3   Thumb Code   198  stm32l0xx_hal_i2c.o(.text.HAL_I2C_ER_IRQHandler)
    HAL_I2C_EV_IRQHandler                    0x08001399   Thumb Code    48  stm32l0xx_hal_i2c.o(.text.HAL_I2C_EV_IRQHandler)
    HAL_I2C_ErrorCallback                    0x080013c9   Thumb Code     8  stm32l0xx_hal_i2c.o(.text.HAL_I2C_ErrorCallback)
    HAL_I2C_Init                             0x080013d1   Thumb Code   264  stm32l0xx_hal_i2c.o(.text.HAL_I2C_Init)
    HAL_I2C_ListenCpltCallback               0x080014dd   Thumb Code     8  stm32l0xx_hal_i2c.o(.text.HAL_I2C_ListenCpltCallback)
    HAL_I2C_MasterRxCpltCallback             0x080014e5   Thumb Code     8  stm32l0xx_hal_i2c.o(.text.HAL_I2C_MasterRxCpltCallback)
    HAL_I2C_MasterTxCpltCallback             0x080014ed   Thumb Code     8  stm32l0xx_hal_i2c.o(.text.HAL_I2C_MasterTxCpltCallback)
    HAL_I2C_MemRxCpltCallback                0x080014f5   Thumb Code    68  lps25hb.o(.text.HAL_I2C_MemRxCpltCallback)
    HAL_I2C_MemTxCpltCallback                0x08001555   Thumb Code     8  stm32l0xx_hal_i2c.o(.text.HAL_I2C_MemTxCpltCallback)
    HAL_I2C_Mem_Read                         0x0800155d   Thumb Code   608  stm32l0xx_hal_i2c.o(.text.HAL_I2C_Mem_Read)
    HAL_I2C_Mem_Read_IT                      0x080017bd   Thumb Code   340  stm32l0xx_hal_i2c.o(.text.HAL_I2C_Mem_Read_IT)
    HAL_I2C_Mem_Write                        0x0800191d   Thumb Code   600  stm32l0xx_hal_i2c.o(.text.HAL_I2C_Mem_Write)
    HAL_I2C_MspInit                          0x08001b79   Thumb Code   120  stm32l0xx_hal_msp.o(.text.HAL_I2C_MspInit)
    HAL_I2C_SlaveRxCpltCallback              0x08001bfd   Thumb Code     8  stm32l0xx_hal_i2c.o(.text.HAL_I2C_SlaveRxCpltCallback)
    HAL_I2C_SlaveTxCpltCallback              0x08001c05   Thumb Code     8  stm32l0xx_hal_i2c.o(.text.HAL_I2C_SlaveTxCpltCallback)
    HAL_IncTick                              0x08001c0d   Thumb Code    16  stm32l0xx_hal.o(.text.HAL_IncTick)
    HAL_Init                                 0x08001c21   Thumb Code    52  stm32l0xx_hal.o(.text.HAL_Init)
    HAL_InitTick                             0x08001c59   Thumb Code   100  stm32l0xx_hal.o(.text.HAL_InitTick)
    HAL_MspInit                              0x08001cc9   Thumb Code    24  stm32l0xx_hal_msp.o(.text.HAL_MspInit)
    HAL_NVIC_EnableIRQ                       0x08001ce9   Thumb Code    22  stm32l0xx_hal_cortex.o(.text.HAL_NVIC_EnableIRQ)
    HAL_NVIC_SetPriority                     0x08001cff   Thumb Code    28  stm32l0xx_hal_cortex.o(.text.HAL_NVIC_SetPriority)
    HAL_RCCEx_PeriphCLKConfig                0x08001d1d   Thumb Code   760  stm32l0xx_hal_rcc_ex.o(.text.HAL_RCCEx_PeriphCLKConfig)
    HAL_RCC_ClockConfig                      0x0800202d   Thumb Code   744  stm32l0xx_hal_rcc.o(.text.HAL_RCC_ClockConfig)
    HAL_RCC_GetHCLKFreq                      0x08002325   Thumb Code     8  stm32l0xx_hal_rcc.o(.text.HAL_RCC_GetHCLKFreq)
    HAL_RCC_GetPCLK1Freq                     0x08002331   Thumb Code    28  stm32l0xx_hal_rcc.o(.text.HAL_RCC_GetPCLK1Freq)
    HAL_RCC_GetPCLK2Freq                     0x0800234d   Thumb Code    28  stm32l0xx_hal_rcc.o(.text.HAL_RCC_GetPCLK2Freq)
    HAL_RCC_GetSysClockFreq                  0x08002371   Thumb Code   288  stm32l0xx_hal_rcc.o(.text.HAL_RCC_GetSysClockFreq)
    HAL_RCC_OscConfig                        0x080024ad   Thumb Code  2124  stm32l0xx_hal_rcc.o(.text.HAL_RCC_OscConfig)
    HAL_SPI_Init                             0x08002d19   Thumb Code   258  stm32l0xx_hal_spi.o(.text.HAL_SPI_Init)
    HAL_SPI_MspInit                          0x08002e1d   Thumb Code   156  stm32l0xx_hal_msp.o(.text.HAL_SPI_MspInit)
    HAL_SYSTICK_Config                       0x08002ec9   Thumb Code    16  stm32l0xx_hal_cortex.o(.text.HAL_SYSTICK_Config)
    HAL_TIMEx_MasterConfigSynchronization    0x08002ed9   Thumb Code   204  stm32l0xx_hal_tim_ex.o(.text.HAL_TIMEx_MasterConfigSynchronization)
    HAL_TIM_Base_Init                        0x08002fa5   Thumb Code   128  stm32l0xx_hal_tim.o(.text.HAL_TIM_Base_Init)
    HAL_TIM_Base_MspInit                     0x08003025   Thumb Code    56  stm32l0xx_hal_msp.o(.text.HAL_TIM_Base_MspInit)
    HAL_TIM_Base_Start_IT                    0x08003061   Thumb Code   160  stm32l0xx_hal_tim.o(.text.HAL_TIM_Base_Start_IT)
    HAL_TIM_ConfigClockSource                0x0800310d   Thumb Code   394  stm32l0xx_hal_tim.o(.text.HAL_TIM_ConfigClockSource)
    HAL_TIM_IC_CaptureCallback               0x08003297   Thumb Code     8  stm32l0xx_hal_tim.o(.text.HAL_TIM_IC_CaptureCallback)
    HAL_TIM_IRQHandler                       0x0800329f   Thumb Code   510  stm32l0xx_hal_tim.o(.text.HAL_TIM_IRQHandler)
    HAL_TIM_OC_DelayElapsedCallback          0x0800349d   Thumb Code     8  stm32l0xx_hal_tim.o(.text.HAL_TIM_OC_DelayElapsedCallback)
    HAL_TIM_PWM_PulseFinishedCallback        0x080034a5   Thumb Code     8  stm32l0xx_hal_tim.o(.text.HAL_TIM_PWM_PulseFinishedCallback)
    HAL_TIM_PeriodElapsedCallback            0x080034ad   Thumb Code    52  main.o(.text.HAL_TIM_PeriodElapsedCallback)
    HAL_TIM_TriggerCallback                  0x080034e5   Thumb Code     8  stm32l0xx_hal_tim.o(.text.HAL_TIM_TriggerCallback)
    HAL_UART_Init                            0x080034ed   Thumb Code   176  stm32l0xx_hal_uart.o(.text.HAL_UART_Init)
    HAL_UART_MspInit                         0x0800359d   Thumb Code   100  stm32l0xx_hal_msp.o(.text.HAL_UART_MspInit)
    HardFault_Handler                        0x0800360d   Thumb Code     4  stm32l0xx_it.o(.text.HardFault_Handler)
    I2C2_IRQHandler                          0x08003611   Thumb Code    36  stm32l0xx_it.o(.text.I2C2_IRQHandler)
    LPS25HB_Initialise                       0x08004f19   Thumb Code   104  lps25hb.o(.text.LPS25HB_Initialise)
    LPS25HB_Measure_Temperature_IT           0x08004f85   Thumb Code    80  lps25hb.o(.text.LPS25HB_Measure_Temperature_IT)
    NMI_Handler                              0x080052fd   Thumb Code     4  stm32l0xx_it.o(.text.NMI_Handler)
    PendSV_Handler                           0x08005301   Thumb Code     2  stm32l0xx_it.o(.text.PendSV_Handler)
    RED_LED1                                 0x08005305   Thumb Code   116  rgb_leds.o(.text.RED_LED1)
    SVC_Handler                              0x08005381   Thumb Code     2  stm32l0xx_it.o(.text.SVC_Handler)
    SevenSegment_DisplayDigit                0x08005385   Thumb Code    32  4dig_7seg_display.o(.text.SevenSegment_DisplayDigit)
    SevenSegment_SymbolOff                   0x080053a5   Thumb Code    20  4dig_7seg_display.o(.text.SevenSegment_SymbolOff)
    SevenSegment_Update                      0x080053bd   Thumb Code   104  4dig_7seg_display.o(.text.SevenSegment_Update)
    SysTick_Handler                          0x08005485   Thumb Code   112  stm32l0xx_it.o(.text.SysTick_Handler)
    SystemClock_Config                       0x08005515   Thumb Code   160  main.o(.text.SystemClock_Config)
    SystemInit                               0x080055b9   Thumb Code     2  system_stm32l0xx.o(.text.SystemInit)
    TIM2_IRQHandler                          0x080055bd   Thumb Code    12  stm32l0xx_it.o(.text.TIM2_IRQHandler)
    UART_AdvFeatureConfig                    0x08005795   Thumb Code   346  stm32l0xx_hal_uart.o(.text.UART_AdvFeatureConfig)
    UART_CheckIdleState                      0x080058f1   Thumb Code   160  stm32l0xx_hal_uart.o(.text.UART_CheckIdleState)
    UART_SetConfig                           0x08005995   Thumb Code  1256  stm32l0xx_hal_uart.o(.text.UART_SetConfig)
    UART_WaitOnFlagUntilTimeout              0x08005e9d   Thumb Code   394  stm32l0xx_hal_uart.o(.text.UART_WaitOnFlagUntilTimeout)
    main                                     0x080060d9   Thumb Code   224  main.o(.text.main)
    __aeabi_fcmple                           0x080061d5   Thumb Code     0  fcmp.o(i._fleq)
    _fleq                                    0x080061d5   Thumb Code    26  fcmp.o(i._fleq)
    __aeabi_fadd                             0x080061f1   Thumb Code     0  faddsub.o(x$fpl$fadd)
    _fadd                                    0x080061f1   Thumb Code   134  faddsub.o(x$fpl$fadd)
    __aeabi_cfcmple                          0x0800627d   Thumb Code     0  flef.o(x$fpl$fleqf)
    _fcmple                                  0x0800627d   Thumb Code    78  flef.o(x$fpl$fleqf)
    __aeabi_fsub                             0x080062d1   Thumb Code     0  faddsub.o(x$fpl$fsub)
    _fsub                                    0x080062d1   Thumb Code   204  faddsub.o(x$fpl$fsub)
    __I$use$fp                               0x080063a0   Number         0  usenofp.o(x$fpl$usenofp)
    AHBPrescTable                            0x080063e0   Data          16  system_stm32l0xx.o(.rodata.AHBPrescTable)
    APBPrescTable                            0x080063f0   Data           8  system_stm32l0xx.o(.rodata.APBPrescTable)
    PLLMulTable                              0x080063f8   Data           9  system_stm32l0xx.o(.rodata.PLLMulTable)
    Region$$Table$$Base                      0x08006404   Number         0  anon$$obj.o(Region$$Table)
    Region$$Table$$Limit                     0x08006424   Number         0  anon$$obj.o(Region$$Table)
    DigitNumber                              0x20000000   Data           4  4dig_7seg_display.o(.data.DigitNumber)
    SystemCoreClock                          0x20000008   Data           4  system_stm32l0xx.o(.data.SystemCoreClock)
    segmentNumber                            0x2000000c   Data          10  4dig_7seg_display.o(.data.segmentNumber)
    uwTickFreq                               0x20000016   Data           1  stm32l0xx_hal.o(.data.uwTickFreq)
    uwTickPrio                               0x20000018   Data           4  stm32l0xx_hal.o(.data.uwTickPrio)
    __libspace_start                         0x20000020   Data          96  libspace.o(.bss)
    GPIO_InitStruct                          0x20000080   Data          20  rgb_leds.o(.bss.GPIO_InitStruct)
    __temporary_stack_top$libspace           0x20000080   Data           0  libspace.o(.bss)
    Status                                   0x20000095   Data           1  main.o(.bss.Status)
    Temp_RAW                                 0x200000a1   Data           2  lps25hb.o(.bss.Temp_RAW)
    chipID                                   0x200000a3   Data           1  lps25hb.o(.bss.chipID)
    datatowrite                              0x200000a4   Data           1  lps25hb.o(.bss.datatowrite)
    display_digits                           0x200000a5   Data           4  4dig_7seg_display.o(.bss.display_digits)
    hadc                                     0x200000ac   Data          92  main.o(.bss.hadc)
    hi2c2                                    0x20000108   Data          76  main.o(.bss.hi2c2)
    hspi1                                    0x20000154   Data          88  main.o(.bss.hspi1)
    htim2                                    0x200001ac   Data          64  main.o(.bss.htim2)
    huart2                                   0x200001ec   Data         132  main.o(.bss.huart2)
    temperatura                              0x20000270   Data           4  main.o(.bss.temperatura)
    temperature_digits_to_display            0x20000274   Data           4  main.o(.bss.temperature_digits_to_display)
    uwTick                                   0x20000278   Data           4  stm32l0xx_hal.o(.bss.uwTick)
    val                                      0x2000027c   Data           2  lps25hb.o(.bss.val)



==============================================================================

Memory Map of the image

  Image Entry point : 0x080000c1

  Load Region LR_IROM1 (Base: 0x08000000, Size: 0x00006448, Max: 0x00030000, ABSOLUTE)

    Execution Region ER_IROM1 (Exec base: 0x08000000, Load base: 0x08000000, Size: 0x00006424, Max: 0x00030000, ABSOLUTE)

    Exec Addr    Load Addr    Size         Type   Attr      Idx    E Section Name        Object

    0x08000000   0x08000000   0x000000c0   Data   RO            3    RESET               startup_stm32l073xx.o
    0x080000c0   0x080000c0   0x00000008   Code   RO         1458  * !!!main             c_p.l(__main.o)
    0x080000c8   0x080000c8   0x0000003c   Code   RO         1679    !!!scatter          c_p.l(__scatter.o)
    0x08000104   0x08000104   0x0000001a   Code   RO         1681    !!handler_copy      c_p.l(__scatter_copy.o)
    0x0800011e   0x0800011e   0x00000002   PAD
    0x08000120   0x08000120   0x0000001c   Code   RO         1683    !!handler_zi        c_p.l(__scatter_zi.o)
    0x0800013c   0x0800013c   0x00000002   Code   RO         1534    .ARM.Collect$$libinit$$00000000  c_p.l(libinit.o)
    0x0800013e   0x0800013e   0x00000000   Code   RO         1552    .ARM.Collect$$libinit$$00000002  c_p.l(libinit2.o)
    0x0800013e   0x0800013e   0x00000000   Code   RO         1554    .ARM.Collect$$libinit$$00000004  c_p.l(libinit2.o)
    0x0800013e   0x0800013e   0x00000000   Code   RO         1556    .ARM.Collect$$libinit$$00000006  c_p.l(libinit2.o)
    0x0800013e   0x0800013e   0x00000000   Code   RO         1559    .ARM.Collect$$libinit$$0000000C  c_p.l(libinit2.o)
    0x0800013e   0x0800013e   0x00000000   Code   RO         1561    .ARM.Collect$$libinit$$0000000E  c_p.l(libinit2.o)
    0x0800013e   0x0800013e   0x00000000   Code   RO         1563    .ARM.Collect$$libinit$$00000010  c_p.l(libinit2.o)
    0x0800013e   0x0800013e   0x00000000   Code   RO         1566    .ARM.Collect$$libinit$$00000013  c_p.l(libinit2.o)
    0x0800013e   0x0800013e   0x00000000   Code   RO         1568    .ARM.Collect$$libinit$$00000015  c_p.l(libinit2.o)
    0x0800013e   0x0800013e   0x00000000   Code   RO         1570    .ARM.Collect$$libinit$$00000017  c_p.l(libinit2.o)
    0x0800013e   0x0800013e   0x00000000   Code   RO         1572    .ARM.Collect$$libinit$$00000019  c_p.l(libinit2.o)
    0x0800013e   0x0800013e   0x00000000   Code   RO         1574    .ARM.Collect$$libinit$$0000001B  c_p.l(libinit2.o)
    0x0800013e   0x0800013e   0x00000000   Code   RO         1576    .ARM.Collect$$libinit$$0000001D  c_p.l(libinit2.o)
    0x0800013e   0x0800013e   0x00000000   Code   RO         1578    .ARM.Collect$$libinit$$0000001F  c_p.l(libinit2.o)
    0x0800013e   0x0800013e   0x00000000   Code   RO         1580    .ARM.Collect$$libinit$$00000021  c_p.l(libinit2.o)
    0x0800013e   0x0800013e   0x00000000   Code   RO         1582    .ARM.Collect$$libinit$$00000023  c_p.l(libinit2.o)
    0x0800013e   0x0800013e   0x00000000   Code   RO         1584    .ARM.Collect$$libinit$$00000025  c_p.l(libinit2.o)
    0x0800013e   0x0800013e   0x00000000   Code   RO         1586    .ARM.Collect$$libinit$$00000027  c_p.l(libinit2.o)
    0x0800013e   0x0800013e   0x00000000   Code   RO         1590    .ARM.Collect$$libinit$$0000002E  c_p.l(libinit2.o)
    0x0800013e   0x0800013e   0x00000000   Code   RO         1592    .ARM.Collect$$libinit$$00000030  c_p.l(libinit2.o)
    0x0800013e   0x0800013e   0x00000000   Code   RO         1594    .ARM.Collect$$libinit$$00000032  c_p.l(libinit2.o)
    0x0800013e   0x0800013e   0x00000000   Code   RO         1596    .ARM.Collect$$libinit$$00000034  c_p.l(libinit2.o)
    0x0800013e   0x0800013e   0x00000002   Code   RO         1597    .ARM.Collect$$libinit$$00000035  c_p.l(libinit2.o)
    0x08000140   0x08000140   0x00000002   Code   RO         1634    .ARM.Collect$$libshutdown$$00000000  c_p.l(libshutdown.o)
    0x08000142   0x08000142   0x00000000   Code   RO         1662    .ARM.Collect$$libshutdown$$00000002  c_p.l(libshutdown2.o)
    0x08000142   0x08000142   0x00000000   Code   RO         1664    .ARM.Collect$$libshutdown$$00000004  c_p.l(libshutdown2.o)
    0x08000142   0x08000142   0x00000000   Code   RO         1667    .ARM.Collect$$libshutdown$$00000007  c_p.l(libshutdown2.o)
    0x08000142   0x08000142   0x00000000   Code   RO         1670    .ARM.Collect$$libshutdown$$0000000A  c_p.l(libshutdown2.o)
    0x08000142   0x08000142   0x00000000   Code   RO         1672    .ARM.Collect$$libshutdown$$0000000C  c_p.l(libshutdown2.o)
    0x08000142   0x08000142   0x00000000   Code   RO         1675    .ARM.Collect$$libshutdown$$0000000F  c_p.l(libshutdown2.o)
    0x08000142   0x08000142   0x00000002   Code   RO         1676    .ARM.Collect$$libshutdown$$00000010  c_p.l(libshutdown2.o)
    0x08000144   0x08000144   0x00000000   Code   RO         1485    .ARM.Collect$$rtentry$$00000000  c_p.l(__rtentry.o)
    0x08000144   0x08000144   0x00000000   Code   RO         1502    .ARM.Collect$$rtentry$$00000002  c_p.l(__rtentry2.o)
    0x08000144   0x08000144   0x00000006   Code   RO         1514    .ARM.Collect$$rtentry$$00000004  c_p.l(__rtentry4.o)
    0x0800014a   0x0800014a   0x00000000   Code   RO         1504    .ARM.Collect$$rtentry$$00000009  c_p.l(__rtentry2.o)
    0x0800014a   0x0800014a   0x00000004   Code   RO         1505    .ARM.Collect$$rtentry$$0000000A  c_p.l(__rtentry2.o)
    0x0800014e   0x0800014e   0x00000000   Code   RO         1507    .ARM.Collect$$rtentry$$0000000C  c_p.l(__rtentry2.o)
    0x0800014e   0x0800014e   0x00000008   Code   RO         1508    .ARM.Collect$$rtentry$$0000000D  c_p.l(__rtentry2.o)
    0x08000156   0x08000156   0x00000002   Code   RO         1543    .ARM.Collect$$rtexit$$00000000  c_p.l(rtexit.o)
    0x08000158   0x08000158   0x00000000   Code   RO         1605    .ARM.Collect$$rtexit$$00000002  c_p.l(rtexit2.o)
    0x08000158   0x08000158   0x00000004   Code   RO         1606    .ARM.Collect$$rtexit$$00000003  c_p.l(rtexit2.o)
    0x0800015c   0x0800015c   0x00000006   Code   RO         1607    .ARM.Collect$$rtexit$$00000004  c_p.l(rtexit2.o)
    0x08000162   0x08000162   0x00000002   PAD
    0x08000164   0x08000164   0x00000038   Code   RO            4    .text               startup_stm32l073xx.o
    0x0800019c   0x0800019c   0x00000030   Code   RO         1446    .text               c_p.l(llmul.o)
    0x080001cc   0x080001cc   0x00000110   Code   RO         1448    .text               c_p.l(lludiv.o)
    0x080002dc   0x080002dc   0x00000040   Code   RO         1450    .text               c_p.l(rt_memclr.o)
    0x0800031c   0x0800031c   0x0000016c   Code   RO         1452    .text               c_p.l(aeabi_sdiv.o)
    0x08000488   0x08000488   0x00000006   Code   RO         1456    .text               c_p.l(heapauxi.o)
    0x0800048e   0x0800048e   0x00000002   PAD
    0x08000490   0x08000490   0x00000160   Code   RO         1478    .text               fz_ps.l(fdiv.o)
    0x080005f0   0x080005f0   0x0000004c   Code   RO         1481    .text               fz_ps.l(ffixi.o)
    0x0800063c   0x0800063c   0x0000005e   Code   RO         1483    .text               fz_ps.l(fflti.o)
    0x0800069a   0x0800069a   0x00000002   PAD
    0x0800069c   0x0800069c   0x00000064   Code   RO         1518    .text               fz_ps.l(fcmpin.o)
    0x08000700   0x08000700   0x0000003e   Code   RO         1520    .text               c_p.l(sys_stackheap_outer.o)
    0x0800073e   0x0800073e   0x00000010   Code   RO         1523    .text               c_p.l(exit.o)
    0x0800074e   0x0800074e   0x0000002e   Code   RO         1535    .text               fz_ps.l(cmpret.o)
    0x0800077c   0x0800077c   0x00000010   Code   RO         1537    .text               fz_ps.l(fnan2.o)
    0x0800078c   0x0800078c   0x00000008   Code   RO         1539    .text               c_p.l(libspace.o)
    0x08000794   0x08000794   0x0000005e   Code   RO         1598    .text               fz_ps.l(retnan.o)
    0x080007f2   0x080007f2   0x00000002   PAD
    0x080007f4   0x080007f4   0x0000000c   Code   RO         1600    .text               c_p.l(sys_exit.o)
    0x08000800   0x08000800   0x00000002   Code   RO         1623    .text               c_p.l(use_no_semi.o)
    0x08000802   0x08000802   0x00000000   Code   RO         1625    .text               c_p.l(indicate_semi.o)
    0x08000802   0x08000802   0x00000002   PAD
    0x08000804   0x08000804   0x00000038   Code   RO          185    .text.ADC_DelayMicroSecond  stm32l0xx_hal_adc.o
    0x0800083c   0x0800083c   0x00000074   Code   RO         1433    .text.BLUE_LED1     rgb_leds.o
    0x080008b0   0x080008b0   0x0000000e   Code   RO           29    .text.Error_Handler  main.o
    0x080008be   0x080008be   0x00000002   PAD
    0x080008c0   0x080008c0   0x0000007c   Code   RO         1431    .text.GREEN_LED1    rgb_leds.o
    0x0800093c   0x0800093c   0x0000015c   Code   RO          183    .text.HAL_ADC_ConfigChannel  stm32l0xx_hal_adc.o
    0x08000a98   0x08000a98   0x000002b0   Code   RO          135    .text.HAL_ADC_Init  stm32l0xx_hal_adc.o
    0x08000d48   0x08000d48   0x00000064   Code   RO           73    .text.HAL_ADC_MspInit  stm32l0xx_hal_msp.o
    0x08000dac   0x08000dac   0x0000007c   Code   RO          708    .text.HAL_DMA_Abort_IT  stm32l0xx_hal_dma.o
    0x08000e28   0x08000e28   0x0000000e   Code   RO          718    .text.HAL_DMA_GetState  stm32l0xx_hal_dma.o
    0x08000e36   0x08000e36   0x00000002   PAD
    0x08000e38   0x08000e38   0x00000314   Code   RO          673    .text.HAL_GPIO_Init  stm32l0xx_hal_gpio.o
    0x0800114c   0x0800114c   0x0000002c   Code   RO          679    .text.HAL_GPIO_WritePin  stm32l0xx_hal_gpio.o
    0x08001178   0x08001178   0x0000000c   Code   RO          233    .text.HAL_GetTick   stm32l0xx_hal.o
    0x08001184   0x08001184   0x00000096   Code   RO          458    .text.HAL_I2CEx_ConfigAnalogFilter  stm32l0xx_hal_i2c_ex.o
    0x0800121a   0x0800121a   0x000000a0   Code   RO          460    .text.HAL_I2CEx_ConfigDigitalFilter  stm32l0xx_hal_i2c_ex.o
    0x080012ba   0x080012ba   0x00000008   Code   RO          425    .text.HAL_I2C_AbortCpltCallback  stm32l0xx_hal_i2c.o
    0x080012c2   0x080012c2   0x00000010   Code   RO          415    .text.HAL_I2C_AddrCallback  stm32l0xx_hal_i2c.o
    0x080012d2   0x080012d2   0x000000c6   Code   RO          403    .text.HAL_I2C_ER_IRQHandler  stm32l0xx_hal_i2c.o
    0x08001398   0x08001398   0x00000030   Code   RO          401    .text.HAL_I2C_EV_IRQHandler  stm32l0xx_hal_i2c.o
    0x080013c8   0x080013c8   0x00000008   Code   RO          423    .text.HAL_I2C_ErrorCallback  stm32l0xx_hal_i2c.o
    0x080013d0   0x080013d0   0x0000010c   Code   RO          293    .text.HAL_I2C_Init  stm32l0xx_hal_i2c.o
    0x080014dc   0x080014dc   0x00000008   Code   RO          417    .text.HAL_I2C_ListenCpltCallback  stm32l0xx_hal_i2c.o
    0x080014e4   0x080014e4   0x00000008   Code   RO          409    .text.HAL_I2C_MasterRxCpltCallback  stm32l0xx_hal_i2c.o
    0x080014ec   0x080014ec   0x00000008   Code   RO          407    .text.HAL_I2C_MasterTxCpltCallback  stm32l0xx_hal_i2c.o
    0x080014f4   0x080014f4   0x00000060   Code   RO          122    .text.HAL_I2C_MemRxCpltCallback  lps25hb.o
    0x08001554   0x08001554   0x00000008   Code   RO          419    .text.HAL_I2C_MemTxCpltCallback  stm32l0xx_hal_i2c.o
    0x0800155c   0x0800155c   0x00000260   Code   RO          359    .text.HAL_I2C_Mem_Read  stm32l0xx_hal_i2c.o
    0x080017bc   0x080017bc   0x00000160   Code   RO          365    .text.HAL_I2C_Mem_Read_IT  stm32l0xx_hal_i2c.o
    0x0800191c   0x0800191c   0x0000025c   Code   RO          355    .text.HAL_I2C_Mem_Write  stm32l0xx_hal_i2c.o
    0x08001b78   0x08001b78   0x00000084   Code   RO           77    .text.HAL_I2C_MspInit  stm32l0xx_hal_msp.o
    0x08001bfc   0x08001bfc   0x00000008   Code   RO          413    .text.HAL_I2C_SlaveRxCpltCallback  stm32l0xx_hal_i2c.o
    0x08001c04   0x08001c04   0x00000008   Code   RO          411    .text.HAL_I2C_SlaveTxCpltCallback  stm32l0xx_hal_i2c.o
    0x08001c0c   0x08001c0c   0x00000014   Code   RO          231    .text.HAL_IncTick   stm32l0xx_hal.o
    0x08001c20   0x08001c20   0x00000038   Code   RO          221    .text.HAL_Init      stm32l0xx_hal.o
    0x08001c58   0x08001c58   0x00000070   Code   RO          223    .text.HAL_InitTick  stm32l0xx_hal.o
    0x08001cc8   0x08001cc8   0x00000020   Code   RO           71    .text.HAL_MspInit   stm32l0xx_hal_msp.o
    0x08001ce8   0x08001ce8   0x00000016   Code   RO          795    .text.HAL_NVIC_EnableIRQ  stm32l0xx_hal_cortex.o
    0x08001cfe   0x08001cfe   0x0000001c   Code   RO          791    .text.HAL_NVIC_SetPriority  stm32l0xx_hal_cortex.o
    0x08001d1a   0x08001d1a   0x00000002   PAD
    0x08001d1c   0x08001d1c   0x00000310   Code   RO          510    .text.HAL_RCCEx_PeriphCLKConfig  stm32l0xx_hal_rcc_ex.o
    0x0800202c   0x0800202c   0x000002f8   Code   RO          483    .text.HAL_RCC_ClockConfig  stm32l0xx_hal_rcc.o
    0x08002324   0x08002324   0x0000000c   Code   RO          489    .text.HAL_RCC_GetHCLKFreq  stm32l0xx_hal_rcc.o
    0x08002330   0x08002330   0x0000001c   Code   RO          491    .text.HAL_RCC_GetPCLK1Freq  stm32l0xx_hal_rcc.o
    0x0800234c   0x0800234c   0x00000024   Code   RO          493    .text.HAL_RCC_GetPCLK2Freq  stm32l0xx_hal_rcc.o
    0x08002370   0x08002370   0x0000013c   Code   RO          481    .text.HAL_RCC_GetSysClockFreq  stm32l0xx_hal_rcc.o
    0x080024ac   0x080024ac   0x0000086c   Code   RO          479    .text.HAL_RCC_OscConfig  stm32l0xx_hal_rcc.o
    0x08002d18   0x08002d18   0x00000102   Code   RO          871    .text.HAL_SPI_Init  stm32l0xx_hal_spi.o
    0x08002e1a   0x08002e1a   0x00000002   PAD
    0x08002e1c   0x08002e1c   0x000000ac   Code   RO           81    .text.HAL_SPI_MspInit  stm32l0xx_hal_msp.o
    0x08002ec8   0x08002ec8   0x00000010   Code   RO          807    .text.HAL_SYSTICK_Config  stm32l0xx_hal_cortex.o
    0x08002ed8   0x08002ed8   0x000000cc   Code   RO         1233    .text.HAL_TIMEx_MasterConfigSynchronization  stm32l0xx_hal_tim_ex.o
    0x08002fa4   0x08002fa4   0x00000080   Code   RO          988    .text.HAL_TIM_Base_Init  stm32l0xx_hal_tim.o
    0x08003024   0x08003024   0x0000003c   Code   RO           85    .text.HAL_TIM_Base_MspInit  stm32l0xx_hal_msp.o
    0x08003060   0x08003060   0x000000ac   Code   RO         1002    .text.HAL_TIM_Base_Start_IT  stm32l0xx_hal_tim.o
    0x0800310c   0x0800310c   0x0000018a   Code   RO         1180    .text.HAL_TIM_ConfigClockSource  stm32l0xx_hal_tim.o
    0x08003296   0x08003296   0x00000008   Code   RO         1124    .text.HAL_TIM_IC_CaptureCallback  stm32l0xx_hal_tim.o
    0x0800329e   0x0800329e   0x000001fe   Code   RO         1122    .text.HAL_TIM_IRQHandler  stm32l0xx_hal_tim.o
    0x0800349c   0x0800349c   0x00000008   Code   RO         1126    .text.HAL_TIM_OC_DelayElapsedCallback  stm32l0xx_hal_tim.o
    0x080034a4   0x080034a4   0x00000008   Code   RO         1128    .text.HAL_TIM_PWM_PulseFinishedCallback  stm32l0xx_hal_tim.o
    0x080034ac   0x080034ac   0x00000038   Code   RO           11    .text.HAL_TIM_PeriodElapsedCallback  main.o
    0x080034e4   0x080034e4   0x00000008   Code   RO         1132    .text.HAL_TIM_TriggerCallback  stm32l0xx_hal_tim.o
    0x080034ec   0x080034ec   0x000000b0   Code   RO         1244    .text.HAL_UART_Init  stm32l0xx_hal_uart.o
    0x0800359c   0x0800359c   0x00000070   Code   RO           89    .text.HAL_UART_MspInit  stm32l0xx_hal_msp.o
    0x0800360c   0x0800360c   0x00000004   Code   RO           49    .text.HardFault_Handler  stm32l0xx_it.o
    0x08003610   0x08003610   0x00000028   Code   RO           59    .text.I2C2_IRQHandler  stm32l0xx_it.o
    0x08003638   0x08003638   0x0000003e   Code   RO          387    .text.I2C_DMAAbort  stm32l0xx_hal_i2c.o
    0x08003676   0x08003676   0x000000cc   Code   RO          385    .text.I2C_Disable_IRQ  stm32l0xx_hal_i2c.o
    0x08003742   0x08003742   0x00000002   PAD
    0x08003744   0x08003744   0x000000e8   Code   RO          323    .text.I2C_Enable_IRQ  stm32l0xx_hal_i2c.o
    0x0800382c   0x0800382c   0x00000040   Code   RO          433    .text.I2C_Flush_TXDR  stm32l0xx_hal_i2c.o
    0x0800386c   0x0800386c   0x00000130   Code   RO          445    .text.I2C_ITAddrCplt  stm32l0xx_hal_i2c.o
    0x0800399c   0x0800399c   0x000001a0   Code   RO          405    .text.I2C_ITError   stm32l0xx_hal_i2c.o
    0x08003b3c   0x08003b3c   0x0000009c   Code   RO          441    .text.I2C_ITListenCplt  stm32l0xx_hal_i2c.o
    0x08003bd8   0x08003bd8   0x000001b4   Code   RO          437    .text.I2C_ITMasterCplt  stm32l0xx_hal_i2c.o
    0x08003d8c   0x08003d8c   0x0000007e   Code   RO          435    .text.I2C_ITMasterSeqCplt  stm32l0xx_hal_i2c.o
    0x08003e0a   0x08003e0a   0x00000002   PAD
    0x08003e0c   0x08003e0c   0x00000234   Code   RO          439    .text.I2C_ITSlaveCplt  stm32l0xx_hal_i2c.o
    0x08004040   0x08004040   0x000000ca   Code   RO          443    .text.I2C_ITSlaveSeqCplt  stm32l0xx_hal_i2c.o
    0x0800410a   0x0800410a   0x00000002   PAD
    0x0800410c   0x0800410c   0x0000010c   Code   RO          449    .text.I2C_IsAcknowledgeFailed  stm32l0xx_hal_i2c.o
    0x08004218   0x08004218   0x00000224   Code   RO          335    .text.I2C_Master_ISR_DMA  stm32l0xx_hal_i2c.o
    0x0800443c   0x0800443c   0x0000029c   Code   RO          321    .text.I2C_Master_ISR_IT  stm32l0xx_hal_i2c.o
    0x080046d8   0x080046d8   0x000000b8   Code   RO          361    .text.I2C_RequestMemoryRead  stm32l0xx_hal_i2c.o
    0x08004790   0x08004790   0x000000bc   Code   RO          357    .text.I2C_RequestMemoryWrite  stm32l0xx_hal_i2c.o
    0x0800484c   0x0800484c   0x00000230   Code   RO          347    .text.I2C_Slave_ISR_DMA  stm32l0xx_hal_i2c.o
    0x08004a7c   0x08004a7c   0x00000248   Code   RO          329    .text.I2C_Slave_ISR_IT  stm32l0xx_hal_i2c.o
    0x08004cc4   0x08004cc4   0x00000050   Code   RO          305    .text.I2C_TransferConfig  stm32l0xx_hal_i2c.o
    0x08004d14   0x08004d14   0x00000052   Code   RO          447    .text.I2C_TreatErrorCallback  stm32l0xx_hal_i2c.o
    0x08004d66   0x08004d66   0x0000008e   Code   RO          303    .text.I2C_WaitOnFlagUntilTimeout  stm32l0xx_hal_i2c.o
    0x08004df4   0x08004df4   0x0000008c   Code   RO          309    .text.I2C_WaitOnSTOPFlagUntilTimeout  stm32l0xx_hal_i2c.o
    0x08004e80   0x08004e80   0x00000098   Code   RO          307    .text.I2C_WaitOnTXISFlagUntilTimeout  stm32l0xx_hal_i2c.o
    0x08004f18   0x08004f18   0x0000006c   Code   RO          118    .text.LPS25HB_Initialise  lps25hb.o
    0x08004f84   0x08004f84   0x00000058   Code   RO          120    .text.LPS25HB_Measure_Temperature_IT  lps25hb.o
    0x08004fdc   0x08004fdc   0x00000080   Code   RO           19    .text.MX_ADC_Init   main.o
    0x0800505c   0x0800505c   0x00000128   Code   RO           17    .text.MX_GPIO_Init  main.o
    0x08005184   0x08005184   0x0000006c   Code   RO           21    .text.MX_I2C2_Init  main.o
    0x080051f0   0x080051f0   0x0000004c   Code   RO           23    .text.MX_SPI1_Init  main.o
    0x0800523c   0x0800523c   0x0000007c   Code   RO           27    .text.MX_TIM2_Init  main.o
    0x080052b8   0x080052b8   0x00000044   Code   RO           25    .text.MX_USART2_UART_Init  main.o
    0x080052fc   0x080052fc   0x00000004   Code   RO           47    .text.NMI_Handler   stm32l0xx_it.o
    0x08005300   0x08005300   0x00000002   Code   RO           53    .text.PendSV_Handler  stm32l0xx_it.o
    0x08005302   0x08005302   0x00000002   PAD
    0x08005304   0x08005304   0x0000007c   Code   RO         1429    .text.RED_LED1      rgb_leds.o
    0x08005380   0x08005380   0x00000002   Code   RO           51    .text.SVC_Handler   stm32l0xx_it.o
    0x08005382   0x08005382   0x00000002   PAD
    0x08005384   0x08005384   0x00000020   Code   RO          100    .text.SevenSegment_DisplayDigit  4dig_7seg_display.o
    0x080053a4   0x080053a4   0x00000018   Code   RO          102    .text.SevenSegment_SymbolOff  4dig_7seg_display.o
    0x080053bc   0x080053bc   0x00000078   Code   RO          104    .text.SevenSegment_Update  4dig_7seg_display.o
    0x08005434   0x08005434   0x00000050   Code   RO          809    .text.SysTick_Config  stm32l0xx_hal_cortex.o
    0x08005484   0x08005484   0x00000090   Code   RO           55    .text.SysTick_Handler  stm32l0xx_it.o
    0x08005514   0x08005514   0x000000a4   Code   RO           15    .text.SystemClock_Config  main.o
    0x080055b8   0x080055b8   0x00000002   Code   RO         1414    .text.SystemInit    system_stm32l0xx.o
    0x080055ba   0x080055ba   0x00000002   PAD
    0x080055bc   0x080055bc   0x00000010   Code   RO           57    .text.TIM2_IRQHandler  stm32l0xx_it.o
    0x080055cc   0x080055cc   0x000000c4   Code   RO          992    .text.TIM_Base_SetConfig  stm32l0xx_hal_tim.o
    0x08005690   0x08005690   0x00000036   Code   RO         1178    .text.TIM_ETR_SetConfig  stm32l0xx_hal_tim.o
    0x080056c6   0x080056c6   0x0000002a   Code   RO         1184    .text.TIM_ITRx_SetConfig  stm32l0xx_hal_tim.o
    0x080056f0   0x080056f0   0x00000050   Code   RO         1182    .text.TIM_TI1_ConfigInputStage  stm32l0xx_hal_tim.o
    0x08005740   0x08005740   0x00000054   Code   RO         1186    .text.TIM_TI2_ConfigInputStage  stm32l0xx_hal_tim.o
    0x08005794   0x08005794   0x0000015a   Code   RO         1250    .text.UART_AdvFeatureConfig  stm32l0xx_hal_uart.o
    0x080058ee   0x080058ee   0x00000002   PAD
    0x080058f0   0x080058f0   0x000000a4   Code   RO         1252    .text.UART_CheckIdleState  stm32l0xx_hal_uart.o
    0x08005994   0x08005994   0x00000508   Code   RO         1248    .text.UART_SetConfig  stm32l0xx_hal_uart.o
    0x08005e9c   0x08005e9c   0x0000018a   Code   RO         1266    .text.UART_WaitOnFlagUntilTimeout  stm32l0xx_hal_uart.o
    0x08006026   0x08006026   0x00000002   PAD
    0x08006028   0x08006028   0x0000002c   Code   RO          797    .text.__NVIC_EnableIRQ  stm32l0xx_hal_cortex.o
    0x08006054   0x08006054   0x00000084   Code   RO          793    .text.__NVIC_SetPriority  stm32l0xx_hal_cortex.o
    0x080060d8   0x080060d8   0x000000fc   Code   RO           13    .text.main          main.o
    0x080061d4   0x080061d4   0x0000001a   Code   RO         1469    i._fleq             fz_ps.l(fcmp.o)
    0x080061ee   0x080061ee   0x00000002   PAD
    0x080061f0   0x080061f0   0x0000008c   Code   RO         1460    x$fpl$fadd          fz_ps.l(faddsub.o)
    0x0800627c   0x0800627c   0x00000054   Code   RO         1498    x$fpl$fleqf         fz_ps.l(flef.o)
    0x080062d0   0x080062d0   0x000000d0   Code   RO         1462    x$fpl$fsub          fz_ps.l(faddsub.o)
    0x080063a0   0x080063a0   0x00000000   Code   RO         1500    x$fpl$usenofp       fz_ps.l(usenofp.o)
    0x080063a0   0x080063a0   0x00000040   Data   RO         1479    .constdata          fz_ps.l(fdiv.o)
    0x080063e0   0x080063e0   0x00000010   Data   RO         1419    .rodata.AHBPrescTable  system_stm32l0xx.o
    0x080063f0   0x080063f0   0x00000008   Data   RO         1420    .rodata.APBPrescTable  system_stm32l0xx.o
    0x080063f8   0x080063f8   0x00000009   Data   RO         1421    .rodata.PLLMulTable  system_stm32l0xx.o
    0x08006401   0x08006401   0x00000003   PAD
    0x08006404   0x08006404   0x00000020   Data   RO         1678    Region$$Table       anon$$obj.o


    Execution Region RW_IRAM1 (Exec base: 0x20000000, Load base: 0x08006428, Size: 0x00000880, Max: 0x00005000, ABSOLUTE)

    Exec Addr    Load Addr    Size         Type   Attr      Idx    E Section Name        Object

    0x20000000   0x08006428   0x00000004   Data   RW          106    .data.DigitNumber   4dig_7seg_display.o
    0x20000004   0x0800642c   0x00000001   Data   RW          108    .data.SevenSegment_Update.dig_no  4dig_7seg_display.o
    0x20000005   0x0800642d   0x00000003   PAD
    0x20000008   0x08006430   0x00000004   Data   RW         1418    .data.SystemCoreClock  system_stm32l0xx.o
    0x2000000c   0x08006434   0x0000000a   Data   RW          107    .data.segmentNumber  4dig_7seg_display.o
    0x20000016   0x0800643e   0x00000001   Data   RW          284    .data.uwTickFreq    stm32l0xx_hal.o
    0x20000017   0x0800643f   0x00000001   PAD
    0x20000018   0x08006440   0x00000004   Data   RW          283    .data.uwTickPrio    stm32l0xx_hal.o
    0x2000001c   0x08006444   0x00000004   PAD
    0x20000020        -       0x00000060   Zero   RW         1540    .bss                c_p.l(libspace.o)
    0x20000080        -       0x00000014   Zero   RW         1437    .bss.GPIO_InitStruct  rgb_leds.o
    0x20000094        -       0x00000001   Zero   RW          109    .bss.SevenSegment_Update.start_display  4dig_7seg_display.o
    0x20000095        -       0x00000001   Zero   RW           31    .bss.Status         main.o
    0x20000096   0x08006444   0x00000002   PAD
    0x20000098        -       0x00000004   Zero   RW           63    .bss.SysTick_Handler.i  stm32l0xx_it.o
    0x2000009c        -       0x00000004   Zero   RW           62    .bss.SysTick_Handler.mux_counter  stm32l0xx_it.o
    0x200000a0        -       0x00000001   Zero   RW           61    .bss.SysTick_Handler.symbol_no  stm32l0xx_it.o
    0x200000a1        -       0x00000002   Zero   RW          126    .bss.Temp_RAW       lps25hb.o
    0x200000a3        -       0x00000001   Zero   RW          125    .bss.chipID         lps25hb.o
    0x200000a4        -       0x00000001   Zero   RW          124    .bss.datatowrite    lps25hb.o
    0x200000a5        -       0x00000004   Zero   RW          110    .bss.display_digits  4dig_7seg_display.o
    0x200000a9   0x08006444   0x00000003   PAD
    0x200000ac        -       0x0000005c   Zero   RW           36    .bss.hadc           main.o
    0x20000108        -       0x0000004c   Zero   RW           32    .bss.hi2c2          main.o
    0x20000154        -       0x00000058   Zero   RW           37    .bss.hspi1          main.o
    0x200001ac        -       0x00000040   Zero   RW           33    .bss.htim2          main.o
    0x200001ec        -       0x00000084   Zero   RW           38    .bss.huart2         main.o
    0x20000270        -       0x00000004   Zero   RW           34    .bss.temperatura    main.o
    0x20000274        -       0x00000004   Zero   RW           35    .bss.temperature_digits_to_display  main.o
    0x20000278        -       0x00000004   Zero   RW          285    .bss.uwTick         stm32l0xx_hal.o
    0x2000027c        -       0x00000002   Zero   RW          127    .bss.val            lps25hb.o
    0x2000027e   0x08006444   0x00000002   PAD
    0x20000280        -       0x00000200   Zero   RW            2    HEAP                startup_stm32l073xx.o
    0x20000480        -       0x00000400   Zero   RW            1    STACK               startup_stm32l073xx.o


==============================================================================

Image component sizes


      Code (inc. data)   RO Data    RW Data    ZI Data      Debug   Object Name

       176         20          0         15          5       1631   4dig_7seg_display.o
       292         40          0          0          6       4113   lps25hb.o
      1286         96          0          0        461      13009   main.o
       364         16          0          0         20       1654   rgb_leds.o
        56         26        192          0       1536        596   startup_stm32l073xx.o
       200         24          0          5          4       6646   stm32l0xx_hal.o
      1092         28          0          0          0      10388   stm32l0xx_hal_adc.o
       322         24          0          0          0       6199   stm32l0xx_hal_cortex.o
       138          0          0          0          0       6245   stm32l0xx_hal_dma.o
       832         44          0          0          0       4727   stm32l0xx_hal_gpio.o
      8520         96          0          0          0      34402   stm32l0xx_hal_i2c.o
       310          0          0          0          0       5282   stm32l0xx_hal_i2c_ex.o
       608         60          0          0          0      11789   stm32l0xx_hal_msp.o
      3308        168          0          0          0       8904   stm32l0xx_hal_rcc.o
       784         24          0          0          0       8032   stm32l0xx_hal_rcc_ex.o
       258          0          0          0          0      19959   stm32l0xx_hal_spi.o
      1692         24          0          0          0      34800   stm32l0xx_hal_tim.o
       204          0          0          0          0       4150   stm32l0xx_hal_tim_ex.o
      2368        228          0          0          0      34485   stm32l0xx_hal_uart.o
       212         40          0          0          9       1140   stm32l0xx_it.o
         2          0         33          4          0       1928   system_stm32l0xx.o

    ----------------------------------------------------------------------
     23048        958        260         28       2052     220079   Object Totals
         0          0         32          0          0          0   (incl. Generated)
        24          0          3          4         11          0   (incl. Padding)

    ----------------------------------------------------------------------

      Code (inc. data)   RO Data    RW Data    ZI Data      Debug   Library Member Name

         8          0          0          0          0         68   __main.o
         0          0          0          0          0          0   __rtentry.o
        12          0          0          0          0          0   __rtentry2.o
         6          0          0          0          0          0   __rtentry4.o
        60          8          0          0          0          0   __scatter.o
        26          0          0          0          0          0   __scatter_copy.o
        28          0          0          0          0          0   __scatter_zi.o
       364          4          0          0          0         92   aeabi_sdiv.o
        16          0          0          0          0         68   exit.o
         6          0          0          0          0        136   heapauxi.o
         0          0          0          0          0          0   indicate_semi.o
         2          0          0          0          0          0   libinit.o
         2          0          0          0          0          0   libinit2.o
         2          0          0          0          0          0   libshutdown.o
         2          0          0          0          0          0   libshutdown2.o
         8          4          0          0         96         68   libspace.o
        48          0          0          0          0         72   llmul.o
       272          0          0          0          0         88   lludiv.o
        64          0          0          0          0        108   rt_memclr.o
         2          0          0          0          0          0   rtexit.o
        10          0          0          0          0          0   rtexit2.o
        12          4          0          0          0         60   sys_exit.o
        62          0          0          0          0         80   sys_stackheap_outer.o
         2          0          0          0          0         68   use_no_semi.o
        46          0          0          0          0         60   cmpret.o
       348          8          0          0          0        160   faddsub.o
        26          0          0          0          0         68   fcmp.o
       100          4          0          0          0         68   fcmpin.o
       352         10         64          0          0         92   fdiv.o
        76          0          0          0          0         68   ffixi.o
        94          0          0          0          0         92   fflti.o
        84          4          0          0          0         76   flef.o
        16          6          0          0          0         68   fnan2.o
        94          0          0          0          0         68   retnan.o
         0          0          0          0          0          0   usenofp.o

    ----------------------------------------------------------------------
      2264         52         64          0         96       1728   Library Totals
        14          0          0          0          0          0   (incl. Padding)

    ----------------------------------------------------------------------

      Code (inc. data)   RO Data    RW Data    ZI Data      Debug   Library Name

      1014         20          0          0         96        908   c_p.l
      1236         32         64          0          0        820   fz_ps.l

    ----------------------------------------------------------------------
      2264         52         64          0         96       1728   Library Totals

    ----------------------------------------------------------------------

==============================================================================


      Code (inc. data)   RO Data    RW Data    ZI Data      Debug   

     25312       1010        324         28       2148     220643   Grand Totals
     25312       1010        324         28       2148     220643   ELF Image Totals
     25312       1010        324         28          0          0   ROM Totals

==============================================================================

    Total RO  Size (Code + RO Data)                25636 (  25.04kB)
    Total RW  Size (RW Data + ZI Data)              2176 (   2.12kB)
    Total ROM Size (Code + RO Data + RW Data)      25664 (  25.06kB)

==============================================================================

