Component: Arm Compiler for Embedded 6.18 Tool: armlink [5e4cc100]

==============================================================================

Section Cross References

    startup_stm32l073xx.o(STACK) refers (Special) to heapauxi.o(.text) for __use_two_region_memory
    startup_stm32l073xx.o(HEAP) refers (Special) to heapauxi.o(.text) for __use_two_region_memory
    startup_stm32l073xx.o(RESET) refers (Special) to heapauxi.o(.text) for __use_two_region_memory
    startup_stm32l073xx.o(RESET) refers to startup_stm32l073xx.o(STACK) for __initial_sp
    startup_stm32l073xx.o(RESET) refers to startup_stm32l073xx.o(.text) for Reset_Handler
    startup_stm32l073xx.o(RESET) refers to stm32l0xx_it.o(.text.NMI_Handler) for NMI_Handler
    startup_stm32l073xx.o(RESET) refers to stm32l0xx_it.o(.text.HardFault_Handler) for HardFault_Handler
    startup_stm32l073xx.o(RESET) refers to stm32l0xx_it.o(.text.SVC_Handler) for SVC_Handler
    startup_stm32l073xx.o(RESET) refers to stm32l0xx_it.o(.text.PendSV_Handler) for PendSV_Handler
    startup_stm32l073xx.o(RESET) refers to stm32l0xx_it.o(.text.SysTick_Handler) for SysTick_Handler
    startup_stm32l073xx.o(RESET) refers to stm32l0xx_it.o(.text.TIM2_IRQHandler) for TIM2_IRQHandler
    startup_stm32l073xx.o(RESET) refers to stm32l0xx_it.o(.text.I2C2_IRQHandler) for I2C2_IRQHandler
    startup_stm32l073xx.o(.text) refers (Special) to heapauxi.o(.text) for __use_two_region_memory
    startup_stm32l073xx.o(.text) refers to system_stm32l0xx.o(.text.SystemInit) for SystemInit
    startup_stm32l073xx.o(.text) refers to __main.o(!!!main) for __main
    startup_stm32l073xx.o(.text) refers to startup_stm32l073xx.o(HEAP) for Heap_Mem
    startup_stm32l073xx.o(.text) refers to startup_stm32l073xx.o(STACK) for Stack_Mem
    main.o(.text.HAL_TIM_PeriodElapsedCallback) refers to lps25hb.o(.text.LPS25HB_Measure_Temperature) for LPS25HB_Measure_Temperature
    main.o(.text.HAL_TIM_PeriodElapsedCallback) refers to main.o(.bss.hi2c2) for hi2c2
    main.o(.text.HAL_TIM_PeriodElapsedCallback) refers to main.o(.bss.temperatura) for temperatura
    main.o(.ARM.exidx.text.HAL_TIM_PeriodElapsedCallback) refers to main.o(.text.HAL_TIM_PeriodElapsedCallback) for [Anonymous Symbol]
    main.o(.text.main) refers to stm32l0xx_hal.o(.text.HAL_Init) for HAL_Init
    main.o(.text.main) refers to main.o(.text.SystemClock_Config) for SystemClock_Config
    main.o(.text.main) refers to main.o(.text.MX_GPIO_Init) for MX_GPIO_Init
    main.o(.text.main) refers to main.o(.text.MX_ADC_Init) for MX_ADC_Init
    main.o(.text.main) refers to main.o(.text.MX_I2C2_Init) for MX_I2C2_Init
    main.o(.text.main) refers to main.o(.text.MX_SPI1_Init) for MX_SPI1_Init
    main.o(.text.main) refers to main.o(.text.MX_USART2_UART_Init) for MX_USART2_UART_Init
    main.o(.text.main) refers to main.o(.text.MX_TIM2_Init) for MX_TIM2_Init
    main.o(.text.main) refers to stm32l0xx_hal_tim.o(.text.HAL_TIM_Base_Start_IT) for HAL_TIM_Base_Start_IT
    main.o(.text.main) refers to lps25hb.o(.text.LPS25HB_Initialise) for LPS25HB_Initialise
    main.o(.text.main) refers to 4dig_7seg_display.o(.text.SevenSegment_Display) for SevenSegment_Display
    main.o(.text.main) refers to main.o(.bss.htim2) for htim2
    main.o(.text.main) refers to main.o(.bss.hi2c2) for hi2c2
    main.o(.text.main) refers to main.o(.bss.temperatura) for temperatura
    main.o(.ARM.exidx.text.main) refers to main.o(.text.main) for [Anonymous Symbol]
    main.o(.text.SystemClock_Config) refers to rt_memclr.o(.text) for __aeabi_memclr4
    main.o(.text.SystemClock_Config) refers to stm32l0xx_hal_rcc.o(.text.HAL_RCC_OscConfig) for HAL_RCC_OscConfig
    main.o(.text.SystemClock_Config) refers to main.o(.text.Error_Handler) for Error_Handler
    main.o(.text.SystemClock_Config) refers to stm32l0xx_hal_rcc.o(.text.HAL_RCC_ClockConfig) for HAL_RCC_ClockConfig
    main.o(.text.SystemClock_Config) refers to stm32l0xx_hal_rcc_ex.o(.text.HAL_RCCEx_PeriphCLKConfig) for HAL_RCCEx_PeriphCLKConfig
    main.o(.ARM.exidx.text.SystemClock_Config) refers to main.o(.text.SystemClock_Config) for [Anonymous Symbol]
    main.o(.text.MX_GPIO_Init) refers to stm32l0xx_hal_gpio.o(.text.HAL_GPIO_WritePin) for HAL_GPIO_WritePin
    main.o(.text.MX_GPIO_Init) refers to stm32l0xx_hal_gpio.o(.text.HAL_GPIO_Init) for HAL_GPIO_Init
    main.o(.ARM.exidx.text.MX_GPIO_Init) refers to main.o(.text.MX_GPIO_Init) for [Anonymous Symbol]
    main.o(.text.MX_ADC_Init) refers to stm32l0xx_hal_adc.o(.text.HAL_ADC_Init) for HAL_ADC_Init
    main.o(.text.MX_ADC_Init) refers to main.o(.text.Error_Handler) for Error_Handler
    main.o(.text.MX_ADC_Init) refers to stm32l0xx_hal_adc.o(.text.HAL_ADC_ConfigChannel) for HAL_ADC_ConfigChannel
    main.o(.text.MX_ADC_Init) refers to main.o(.bss.hadc) for hadc
    main.o(.ARM.exidx.text.MX_ADC_Init) refers to main.o(.text.MX_ADC_Init) for [Anonymous Symbol]
    main.o(.text.MX_I2C2_Init) refers to stm32l0xx_hal_i2c.o(.text.HAL_I2C_Init) for HAL_I2C_Init
[...]
    __arm_cp.5_1                             0x080066e4   Number         4  main.o(.text.MX_I2C2_Init)
    __arm_cp.5_2                             0x080066e8   Number         4  main.o(.text.MX_I2C2_Init)
    MX_SPI1_Init                             0x080066ed   Thumb Code    68  main.o(.text.MX_SPI1_Init)
    [Anonymous Symbol]                       0x080066ec   Section        0  main.o(.text.MX_SPI1_Init)
    __arm_cp.6_0                             0x08006730   Number         4  main.o(.text.MX_SPI1_Init)
    __arm_cp.6_1                             0x08006734   Number         4  main.o(.text.MX_SPI1_Init)
    MX_TIM2_Init                             0x08006739   Thumb Code   116  main.o(.text.MX_TIM2_Init)
    [Anonymous Symbol]                       0x08006738   Section        0  main.o(.text.MX_TIM2_Init)
    __arm_cp.8_1                             0x080067ac   Number         4  main.o(.text.MX_TIM2_Init)
    __arm_cp.8_2                             0x080067b0   Number         4  main.o(.text.MX_TIM2_Init)
    MX_USART2_UART_Init                      0x080067b5   Thumb Code    60  main.o(.text.MX_USART2_UART_Init)
    [Anonymous Symbol]                       0x080067b4   Section        0  main.o(.text.MX_USART2_UART_Init)
    __arm_cp.7_0                             0x080067f0   Number         4  main.o(.text.MX_USART2_UART_Init)
    __arm_cp.7_1                             0x080067f4   Number         4  main.o(.text.MX_USART2_UART_Init)
    [Anonymous Symbol]                       0x080067f8   Section        0  stm32l0xx_it.o(.text.NMI_Handler)
    [Anonymous Symbol]                       0x080067fc   Section        0  stm32l0xx_it.o(.text.PendSV_Handler)
    [Anonymous Symbol]                       0x080067fe   Section        0  stm32l0xx_it.o(.text.SVC_Handler)
    [Anonymous Symbol]                       0x08006800   Section        0  4dig_7seg_display.o(.text.SevenSegment_Display)
    __arm_cp.1_0                             0x080068f8   Number         4  4dig_7seg_display.o(.text.SevenSegment_Display)
    __arm_cp.1_1                             0x080068fc   Number         4  4dig_7seg_display.o(.text.SevenSegment_Display)
    __arm_cp.1_2                             0x08006900   Number         4  4dig_7seg_display.o(.text.SevenSegment_Display)
    __arm_cp.1_3                             0x08006904   Number         4  4dig_7seg_display.o(.text.SevenSegment_Display)
    __arm_cp.1_4                             0x08006908   Number         4  4dig_7seg_display.o(.text.SevenSegment_Display)
    __arm_cp.1_5                             0x0800690c   Number         4  4dig_7seg_display.o(.text.SevenSegment_Display)
    __arm_cp.1_6                             0x08006910   Number         4  4dig_7seg_display.o(.text.SevenSegment_Display)
    [Anonymous Symbol]                       0x08006914   Section        0  4dig_7seg_display.o(.text.SevenSegment_Update)
    __arm_cp.0_0                             0x08006994   Number         4  4dig_7seg_display.o(.text.SevenSegment_Update)
    SysTick_Config                           0x08006999   Thumb Code    68  stm32l0xx_hal_cortex.o(.text.SysTick_Config)
    [Anonymous Symbol]                       0x08006998   Section        0  stm32l0xx_hal_cortex.o(.text.SysTick_Config)
    __arm_cp.9_0                             0x080069dc   Number         4  stm32l0xx_hal_cortex.o(.text.SysTick_Config)
    __arm_cp.9_1                             0x080069e0   Number         4  stm32l0xx_hal_cortex.o(.text.SysTick_Config)
    __arm_cp.9_2                             0x080069e4   Number         4  stm32l0xx_hal_cortex.o(.text.SysTick_Config)
    [Anonymous Symbol]                       0x080069e8   Section        0  stm32l0xx_it.o(.text.SysTick_Handler)
    [Anonymous Symbol]                       0x080069f0   Section        0  main.o(.text.SystemClock_Config)
    __arm_cp.2_0                             0x08006a90   Number         4  main.o(.text.SystemClock_Config)
    [Anonymous Symbol]                       0x08006a94   Section        0  system_stm32l0xx.o(.text.SystemInit)
    [Anonymous Symbol]                       0x08006a98   Section        0  stm32l0xx_it.o(.text.TIM2_IRQHandler)
    __arm_cp.5_0                             0x08006aa4   Number         4  stm32l0xx_it.o(.text.TIM2_IRQHandler)
    TIM_Base_SetConfig                       0x08006aa9   Thumb Code   184  stm32l0xx_hal_tim.o(.text.TIM_Base_SetConfig)
    [Anonymous Symbol]                       0x08006aa8   Section        0  stm32l0xx_hal_tim.o(.text.TIM_Base_SetConfig)
    __arm_cp.2_0                             0x08006b60   Number         4  stm32l0xx_hal_tim.o(.text.TIM_Base_SetConfig)
    __arm_cp.2_1                             0x08006b64   Number         4  stm32l0xx_hal_tim.o(.text.TIM_Base_SetConfig)
    __arm_cp.2_2                             0x08006b68   Number         4  stm32l0xx_hal_tim.o(.text.TIM_Base_SetConfig)
    TIM_ETR_SetConfig                        0x08006b6d   Thumb Code    54  stm32l0xx_hal_tim.o(.text.TIM_ETR_SetConfig)
    [Anonymous Symbol]                       0x08006b6c   Section        0  stm32l0xx_hal_tim.o(.text.TIM_ETR_SetConfig)
    TIM_ITRx_SetConfig                       0x08006ba3   Thumb Code    42  stm32l0xx_hal_tim.o(.text.TIM_ITRx_SetConfig)
    [Anonymous Symbol]                       0x08006ba2   Section        0  stm32l0xx_hal_tim.o(.text.TIM_ITRx_SetConfig)
    TIM_TI1_ConfigInputStage                 0x08006bcd   Thumb Code    80  stm32l0xx_hal_tim.o(.text.TIM_TI1_ConfigInputStage)
    [Anonymous Symbol]                       0x08006bcc   Section        0  stm32l0xx_hal_tim.o(.text.TIM_TI1_ConfigInputStage)
    TIM_TI2_ConfigInputStage                 0x08006c1d   Thumb Code    84  stm32l0xx_hal_tim.o(.text.TIM_TI2_ConfigInputStage)
    [Anonymous Symbol]                       0x08006c1c   Section        0  stm32l0xx_hal_tim.o(.text.TIM_TI2_ConfigInputStage)
    [Anonymous Symbol]                       0x08006c70   Section        0  stm32l0xx_hal_uart.o(.text.UART_AdvFeatureConfig)
    [Anonymous Symbol]                       0x08006dcc   Section        0  stm32l0xx_hal_uart.o(.text.UART_CheckIdleState)
    __arm_cp.4_0                             0x08006e6c   Number         4  stm32l0xx_hal_uart.o(.text.UART_CheckIdleState)
    [Anonymous Symbol]                       0x08006e70   Section        0  stm32l0xx_hal_uart.o(.text.UART_SetConfig)
    __arm_cp.2_16                            0x08007288   Number         4  stm32l0xx_hal_uart.o(.text.UART_SetConfig)
    __arm_cp.2_17                            0x080072c0   Number         4  stm32l0xx_hal_uart.o(.text.UART_SetConfig)
    __arm_cp.2_19                            0x08007358   Number         4  stm32l0xx_hal_uart.o(.text.UART_SetConfig)
    __arm_cp.2_0                             0x0800735c   Number         4  stm32l0xx_hal_uart.o(.text.UART_SetConfig)
    __arm_cp.2_4                             0x08007360   Number         4  stm32l0xx_hal_uart.o(.text.UART_SetConfig)
    __arm_cp.2_5                             0x08007364   Number         4  stm32l0xx_hal_uart.o(.text.UART_SetConfig)
    __arm_cp.2_6                             0x08007368   Number         4  stm32l0xx_hal_uart.o(.text.UART_SetConfig)
    __arm_cp.2_7                             0x0800736c   Number         4  stm32l0xx_hal_uart.o(.text.UART_SetConfig)
    __arm_cp.2_8                             0x08007370   Number         4  stm32l0xx_hal_uart.o(.text.UART_SetConfig)
    __arm_cp.2_9                             0x08007374   Number         4  stm32l0xx_hal_uart.o(.text.UART_SetConfig)
    [Anonymous Symbol]                       0x08007378   Section        0  stm32l0xx_hal_uart.o(.text.UART_WaitOnFlagUntilTimeout)
    __NVIC_EnableIRQ                         0x08007505   Thumb Code    40  stm32l0xx_hal_cortex.o(.text.__NVIC_EnableIRQ)
    [Anonymous Symbol]                       0x08007504   Section        0  stm32l0xx_hal_cortex.o(.text.__NVIC_EnableIRQ)
    __arm_cp.3_0                             0x0800752c   Number         4  stm32l0xx_hal_cortex.o(.text.__NVIC_EnableIRQ)
    __NVIC_SetPriority                       0x08007531   Thumb Code   124  stm32l0xx_hal_cortex.o(.text.__NVIC_SetPriority)
    [Anonymous Symbol]                       0x08007530   Section        0  stm32l0xx_hal_cortex.o(.text.__NVIC_SetPriority)
    __arm_cp.1_0                             0x080075ac   Number         4  stm32l0xx_hal_cortex.o(.text.__NVIC_SetPriority)
    __arm_cp.1_1                             0x080075b0   Number         4  stm32l0xx_hal_cortex.o(.text.__NVIC_SetPriority)
    [Anonymous Symbol]                       0x080075b4   Section        0  main.o(.text.main)
    __arm_cp.1_0                             0x080075f4   Number         4  main.o(.text.main)
    __arm_cp.1_1                             0x080075f8   Number         4  main.o(.text.main)
    __arm_cp.1_2                             0x080075fc   Number         4  main.o(.text.main)
    i.__ARM_common_ll_muluu                  0x08007600   Section        0  btod.o(i.__ARM_common_ll_muluu)
    i.__ARM_fpclassify                       0x08007630   Section        0  fpclassify.o(i.__ARM_fpclassify)
    i._is_digit                              0x0800765c   Section        0  __printf_wp.o(i._is_digit)
    locale$$code                             0x0800766c   Section       44  lc_numeric_c.o(locale$$code)
    locale$$code                             0x08007698   Section       44  lc_ctype_c.o(locale$$code)
    x$fpl$fadd                               0x080076c4   Section      140  faddsub.o(x$fpl$fadd)
    _fadd1                                   0x080076d1   Thumb Code     0  faddsub.o(x$fpl$fadd)
    x$fpl$fsub                               0x08007750   Section      208  faddsub.o(x$fpl$fsub)
    _fsub1                                   0x0800775d   Thumb Code     0  faddsub.o(x$fpl$fsub)
    x$fpl$printf1                            0x08007820   Section       16  printf1.o(x$fpl$printf1)
    x$fpl$printf2                            0x08007830   Section       16  printf2.o(x$fpl$printf2)
    fdiv_tab                                 0x08007840   Data          64  fdiv.o(.constdata)
    .constdata                               0x08007840   Section       64  fdiv.o(.constdata)
    x$fpl$usenofp                            0x08007840   Section        0  usenofp.o(x$fpl$usenofp)
    initial_mbstate                          0x08007880   Data           8  _printf_wctomb.o(.constdata)
    .constdata                               0x08007880   Section        8  _printf_wctomb.o(.constdata)
    uc_hextab                                0x08007888   Data          20  _printf_hex_int_ll_ptr.o(.constdata)
    .constdata                               0x08007888   Section       40  _printf_hex_int_ll_ptr.o(.constdata)
    lc_hextab                                0x0800789c   Data          20  _printf_hex_int_ll_ptr.o(.constdata)
    maptable                                 0x080078b0   Data          17  __printf_flags_ss_wp.o(.constdata)
    .constdata                               0x080078b0   Section       17  __printf_flags_ss_wp.o(.constdata)
    lc_hextab                                0x080078c1   Data          19  _printf_fp_hex.o(.constdata)
    .constdata                               0x080078c1   Section       38  _printf_fp_hex.o(.constdata)
    uc_hextab                                0x080078d4   Data          19  _printf_fp_hex.o(.constdata)
    tenpwrs_x                                0x080078e8   Data          60  bigflt0.o(.constdata)
    .constdata                               0x080078e8   Section      148  bigflt0.o(.constdata)
    tenpwrs_i                                0x08007924   Data          64  bigflt0.o(.constdata)
    [Anonymous Symbol]                       0x0800799d   Section        0  4dig_7seg_display.o(.rodata.str1.1)
    locale$$data                             0x080079c4   Section       28  lc_numeric_c.o(locale$$data)
    __lcnum_c_name                           0x080079c8   Data           2  lc_numeric_c.o(locale$$data)
    __lcnum_c_start                          0x080079d0   Data           0  lc_numeric_c.o(locale$$data)
    __lcnum_c_point                          0x080079dc   Data           0  lc_numeric_c.o(locale$$data)
    __lcnum_c_thousands                      0x080079de   Data           0  lc_numeric_c.o(locale$$data)
    __lcnum_c_grouping                       0x080079df   Data           0  lc_numeric_c.o(locale$$data)
    __lcnum_c_end                            0x080079e0   Data           0  lc_numeric_c.o(locale$$data)
    locale$$data                             0x080079e0   Section      272  lc_ctype_c.o(locale$$data)
    __lcctype_c_name                         0x080079e4   Data           2  lc_ctype_c.o(locale$$data)
    __lcctype_c_start                        0x080079ec   Data           0  lc_ctype_c.o(locale$$data)
    __lcctype_c_end                          0x08007af0   Data           0  lc_ctype_c.o(locale$$data)
    .bss                                     0x20000018   Section       96  libspace.o(.bss)
    Heap_Mem                                 0x20000258   Data         512  startup_stm32l073xx.o(HEAP)
    HEAP                                     0x20000258   Section      512  startup_stm32l073xx.o(HEAP)
    Stack_Mem                                0x20000458   Data        1024  startup_stm32l073xx.o(STACK)
    STACK                                    0x20000458   Section     1024  startup_stm32l073xx.o(STACK)
    __initial_sp                             0x20000858   Data           0  startup_stm32l073xx.o(STACK)

    Global Symbols

    Symbol Name                              Value     Ov Type        Size  Object(Section)

    BuildAttributes$$THM_ISAv3M$S$PE$A:L22$X:L11$S22$IEEE1$IW$~IW$USESV6$~STKCKD$USESV7$~SHL$OTIME$ROPI$IEEEJ$EBA8$UX$STANDARDLIB$REQ8$PRES8$EABIv2 0x00000000   Number         0  anon$$obj.o ABSOLUTE
    _printf_flags                            0x00000000   Number         0  printf_stubs.o ABSOLUTE
    _printf_return_value                     0x00000000   Number         0  printf_stubs.o ABSOLUTE
    _printf_sizespec                         0x00000000   Number         0  printf_stubs.o ABSOLUTE
    _printf_widthprec                        0x00000000   Number         0  printf_stubs.o ABSOLUTE
    __ARM_exceptions_init                     - Undefined Weak Reference
    __alloca_initialize                       - Undefined Weak Reference
    __arm_preinit_                            - Undefined Weak Reference
    __arm_relocate_pie_                       - Undefined Weak Reference
    __cpp_initialize__aeabi_                  - Undefined Weak Reference
    __cxa_finalize                            - Undefined Weak Reference
    __sigvec_lookup                           - Undefined Weak Reference
    _atexit_init                              - Undefined Weak Reference
    _call_atexit_fns                          - Undefined Weak Reference
    _clock_init                               - Undefined Weak Reference
    _fp_trap_init                             - Undefined Weak Reference
    _fp_trap_shutdown                         - Undefined Weak Reference
    _get_lc_collate                           - Undefined Weak Reference
    _get_lc_monetary                          - Undefined Weak Reference
    _get_lc_time                              - Undefined Weak Reference
    _getenv_init                              - Undefined Weak Reference
    _handle_redirection                       - Undefined Weak Reference
    _init_alloc                               - Undefined Weak Reference
    _init_user_alloc                          - Undefined Weak Reference
    _initio                                   - Undefined Weak Reference
    _printf_mbtowc                            - Undefined Weak Reference
    _printf_wc                                - Undefined Weak Reference
    _rand_init                                - Undefined Weak Reference
    _signal_finish                            - Undefined Weak Reference
    _signal_init                              - Undefined Weak Reference
    _terminate_alloc                          - Undefined Weak Reference
    _terminate_user_alloc                     - Undefined Weak Reference
    _terminateio                              - Undefined Weak Reference
    __Vectors_Size                           0x000000c0   Number         0  startup_stm32l073xx.o ABSOLUTE
    __Vectors                                0x08000000   Data           4  startup_stm32l073xx.o(RESET)
    __Vectors_End                            0x080000c0   Data           0  startup_stm32l073xx.o(RESET)
    __main                                   0x080000c1   Thumb Code     8  __main.o(!!!main)
    __scatterload                            0x080000c9   Thumb Code     0  __scatter.o(!!!scatter)
    __scatterload_rt2                        0x080000c9   Thumb Code    52  __scatter.o(!!!scatter)
    __scatterload_rt2_thumb_only             0x080000c9   Thumb Code     0  __scatter.o(!!!scatter)
    __scatterload_null                       0x080000d9   Thumb Code     0  __scatter.o(!!!scatter)
    __scatterload_copy                       0x08000105   Thumb Code    26  __scatter_copy.o(!!handler_copy)
    __scatterload_zeroinit                   0x08000121   Thumb Code    28  __scatter_zi.o(!!handler_zi)
    _printf_percent                          0x0800013d   Thumb Code     0  _printf_percent.o(.ARM.Collect$$_printf_percent$$00000000)
    _printf_n                                0x0800013f   Thumb Code     0  _printf_n.o(.ARM.Collect$$_printf_percent$$00000001)
    _printf_p                                0x08000149   Thumb Code     0  _printf_p.o(.ARM.Collect$$_printf_percent$$00000002)
    _printf_f                                0x08000153   Thumb Code     0  _printf_f.o(.ARM.Collect$$_printf_percent$$00000003)
    _printf_e                                0x0800015d   Thumb Code     0  _printf_e.o(.ARM.Collect$$_printf_percent$$00000004)
    _printf_g                                0x08000167   Thumb Code     0  _printf_g.o(.ARM.Collect$$_printf_percent$$00000005)
    _printf_a                                0x08000171   Thumb Code     0  _printf_a.o(.ARM.Collect$$_printf_percent$$00000006)
    _printf_ll                               0x0800017b   Thumb Code     0  _printf_ll.o(.ARM.Collect$$_printf_percent$$00000007)
    _printf_i                                0x08000185   Thumb Code     0  _printf_i.o(.ARM.Collect$$_printf_percent$$00000008)
    _printf_d                                0x0800018f   Thumb Code     0  _printf_d.o(.ARM.Collect$$_printf_percent$$00000009)
    _printf_u                                0x08000199   Thumb Code     0  _printf_u.o(.ARM.Collect$$_printf_percent$$0000000A)
    _printf_o                                0x080001a3   Thumb Code     0  _printf_o.o(.ARM.Collect$$_printf_percent$$0000000B)
    _printf_x                                0x080001ad   Thumb Code     0  _printf_x.o(.ARM.Collect$$_printf_percent$$0000000C)
    _printf_lli                              0x080001b7   Thumb Code     0  _printf_lli.o(.ARM.Collect$$_printf_percent$$0000000D)
    _printf_lld                              0x080001c1   Thumb Code     0  _printf_lld.o(.ARM.Collect$$_printf_percent$$0000000E)
    _printf_llu                              0x080001cb   Thumb Code     0  _printf_llu.o(.ARM.Collect$$_printf_percent$$0000000F)
    _printf_llo                              0x080001d5   Thumb Code     0  _printf_llo.o(.ARM.Collect$$_printf_percent$$00000010)
    _printf_llx                              0x080001df   Thumb Code     0  _printf_llx.o(.ARM.Collect$$_printf_percent$$00000011)
    _printf_l                                0x080001e9   Thumb Code     0  _printf_l.o(.ARM.Collect$$_printf_percent$$00000012)
    _printf_c                                0x080001f3   Thumb Code     0  _printf_c.o(.ARM.Collect$$_printf_percent$$00000013)
    _printf_s                                0x080001fd   Thumb Code     0  _printf_s.o(.ARM.Collect$$_printf_percent$$00000014)
    _printf_lc                               0x08000207   Thumb Code     0  _printf_lc.o(.ARM.Collect$$_printf_percent$$00000015)
    _printf_ls                               0x08000211   Thumb Code     0  _printf_ls.o(.ARM.Collect$$_printf_percent$$00000016)
    _printf_percent_end                      0x0800021b   Thumb Code     0  _printf_percent_end.o(.ARM.Collect$$_printf_percent$$00000017)
    __rt_lib_init                            0x0800021f   Thumb Code     0  libinit.o(.ARM.Collect$$libinit$$00000000)
    __rt_lib_init_fp_1                       0x08000221   Thumb Code     0  libinit2.o(.ARM.Collect$$libinit$$00000002)
    __rt_lib_init_heap_1                     0x08000221   Thumb Code     0  libinit2.o(.ARM.Collect$$libinit$$0000000C)
    __rt_lib_init_lc_common                  0x08000221   Thumb Code     0  libinit2.o(.ARM.Collect$$libinit$$00000011)
    __rt_lib_init_preinit_1                  0x08000221   Thumb Code     0  libinit2.o(.ARM.Collect$$libinit$$00000006)
    __rt_lib_init_rand_1                     0x08000221   Thumb Code     0  libinit2.o(.ARM.Collect$$libinit$$00000010)
    __rt_lib_init_relocate_pie_1             0x08000221   Thumb Code     0  libinit2.o(.ARM.Collect$$libinit$$00000004)
    __rt_lib_init_user_alloc_1               0x08000221   Thumb Code     0  libinit2.o(.ARM.Collect$$libinit$$0000000E)
    __rt_lib_init_lc_collate_1               0x08000227   Thumb Code     0  libinit2.o(.ARM.Collect$$libinit$$00000013)
    __rt_lib_init_lc_ctype_2                 0x08000227   Thumb Code     0  libinit2.o(.ARM.Collect$$libinit$$00000014)
    __rt_lib_init_lc_ctype_1                 0x08000233   Thumb Code     0  libinit2.o(.ARM.Collect$$libinit$$00000015)
    __rt_lib_init_lc_monetary_1              0x08000233   Thumb Code     0  libinit2.o(.ARM.Collect$$libinit$$00000017)
    __rt_lib_init_lc_numeric_2               0x08000233   Thumb Code     0  libinit2.o(.ARM.Collect$$libinit$$00000018)
    __rt_lib_init_alloca_1                   0x0800023d   Thumb Code     0  libinit2.o(.ARM.Collect$$libinit$$00000030)
    __rt_lib_init_argv_1                     0x0800023d   Thumb Code     0  libinit2.o(.ARM.Collect$$libinit$$0000002E)
    __rt_lib_init_atexit_1                   0x0800023d   Thumb Code     0  libinit2.o(.ARM.Collect$$libinit$$0000001D)
    __rt_lib_init_clock_1                    0x0800023d   Thumb Code     0  libinit2.o(.ARM.Collect$$libinit$$00000023)
    __rt_lib_init_cpp_1                      0x0800023d   Thumb Code     0  libinit2.o(.ARM.Collect$$libinit$$00000034)
    __rt_lib_init_exceptions_1               0x0800023d   Thumb Code     0  libinit2.o(.ARM.Collect$$libinit$$00000032)
    __rt_lib_init_fp_trap_1                  0x0800023d   Thumb Code     0  libinit2.o(.ARM.Collect$$libinit$$00000021)
    __rt_lib_init_getenv_1                   0x0800023d   Thumb Code     0  libinit2.o(.ARM.Collect$$libinit$$00000025)
    __rt_lib_init_lc_numeric_1               0x0800023d   Thumb Code     0  libinit2.o(.ARM.Collect$$libinit$$00000019)
    __rt_lib_init_lc_time_1                  0x0800023d   Thumb Code     0  libinit2.o(.ARM.Collect$$libinit$$0000001B)
    __rt_lib_init_return                     0x0800023d   Thumb Code     0  libinit2.o(.ARM.Collect$$libinit$$00000035)
    __rt_lib_init_signal_1                   0x0800023d   Thumb Code     0  libinit2.o(.ARM.Collect$$libinit$$0000001F)
    __rt_lib_init_stdio_1                    0x0800023d   Thumb Code     0  libinit2.o(.ARM.Collect$$libinit$$00000027)
    __rt_lib_shutdown                        0x0800023f   Thumb Code     0  libshutdown.o(.ARM.Collect$$libshutdown$$00000000)
    __rt_lib_shutdown_cpp_1                  0x08000241   Thumb Code     0  libshutdown2.o(.ARM.Collect$$libshutdown$$00000002)
    __rt_lib_shutdown_fp_trap_1              0x08000241   Thumb Code     0  libshutdown2.o(.ARM.Collect$$libshutdown$$00000007)
    __rt_lib_shutdown_heap_1                 0x08000241   Thumb Code     0  libshutdown2.o(.ARM.Collect$$libshutdown$$0000000F)
    __rt_lib_shutdown_return                 0x08000241   Thumb Code     0  libshutdown2.o(.ARM.Collect$$libshutdown$$00000010)
    __rt_lib_shutdown_signal_1               0x08000241   Thumb Code     0  libshutdown2.o(.ARM.Collect$$libshutdown$$0000000A)
    __rt_lib_shutdown_stdio_1                0x08000241   Thumb Code     0  libshutdown2.o(.ARM.Collect$$libshutdown$$00000004)
    __rt_lib_shutdown_user_alloc_1           0x08000241   Thumb Code     0  libshutdown2.o(.ARM.Collect$$libshutdown$$0000000C)
    __rt_entry                               0x08000243   Thumb Code     0  __rtentry.o(.ARM.Collect$$rtentry$$00000000)
    __rt_entry_presh_1                       0x08000243   Thumb Code     0  __rtentry2.o(.ARM.Collect$$rtentry$$00000002)
    __rt_entry_sh                            0x08000243   Thumb Code     0  __rtentry4.o(.ARM.Collect$$rtentry$$00000004)
    __rt_entry_li                            0x08000249   Thumb Code     0  __rtentry2.o(.ARM.Collect$$rtentry$$0000000A)
    __rt_entry_postsh_1                      0x08000249   Thumb Code     0  __rtentry2.o(.ARM.Collect$$rtentry$$00000009)
    __rt_entry_main                          0x0800024d   Thumb Code     0  __rtentry2.o(.ARM.Collect$$rtentry$$0000000D)
    __rt_entry_postli_1                      0x0800024d   Thumb Code     0  __rtentry2.o(.ARM.Collect$$rtentry$$0000000C)
    __rt_exit                                0x08000255   Thumb Code     0  rtexit.o(.ARM.Collect$$rtexit$$00000000)
    __rt_exit_ls                             0x08000257   Thumb Code     0  rtexit2.o(.ARM.Collect$$rtexit$$00000003)
    __rt_exit_prels_1                        0x08000257   Thumb Code     0  rtexit2.o(.ARM.Collect$$rtexit$$00000002)
    __rt_exit_exit                           0x0800025b   Thumb Code     0  rtexit2.o(.ARM.Collect$$rtexit$$00000004)
    Reset_Handler                            0x08000261   Thumb Code     8  startup_stm32l073xx.o(.text)
    ADC1_COMP_IRQHandler                     0x08000273   Thumb Code     0  startup_stm32l073xx.o(.text)
    DMA1_Channel1_IRQHandler                 0x08000273   Thumb Code     0  startup_stm32l073xx.o(.text)
    DMA1_Channel2_3_IRQHandler               0x08000273   Thumb Code     0  startup_stm32l073xx.o(.text)
    DMA1_Channel4_5_6_7_IRQHandler           0x08000273   Thumb Code     0  startup_stm32l073xx.o(.text)
    EXTI0_1_IRQHandler                       0x08000273   Thumb Code     0  startup_stm32l073xx.o(.text)
    EXTI2_3_IRQHandler                       0x08000273   Thumb Code     0  startup_stm32l073xx.o(.text)
    EXTI4_15_IRQHandler                      0x08000273   Thumb Code     0  startup_stm32l073xx.o(.text)
    FLASH_IRQHandler                         0x08000273   Thumb Code     0  startup_stm32l073xx.o(.text)
    I2C1_IRQHandler                          0x08000273   Thumb Code     0  startup_stm32l073xx.o(.text)
    I2C3_IRQHandler                          0x08000273   Thumb Code     0  startup_stm32l073xx.o(.text)
    LCD_IRQHandler                           0x08000273   Thumb Code     0  startup_stm32l073xx.o(.text)
    LPTIM1_IRQHandler                        0x08000273   Thumb Code     0  startup_stm32l073xx.o(.text)
    PVD_IRQHandler                           0x08000273   Thumb Code     0  startup_stm32l073xx.o(.text)
    RCC_CRS_IRQHandler                       0x08000273   Thumb Code     0  startup_stm32l073xx.o(.text)
    RNG_LPUART1_IRQHandler                   0x08000273   Thumb Code     0  startup_stm32l073xx.o(.text)
    RTC_IRQHandler                           0x08000273   Thumb Code     0  startup_stm32l073xx.o(.text)
    SPI1_IRQHandler                          0x08000273   Thumb Code     0  startup_stm32l073xx.o(.text)
    SPI2_IRQHandler                          0x08000273   Thumb Code     0  startup_stm32l073xx.o(.text)
    TIM21_IRQHandler                         0x08000273   Thumb Code     0  startup_stm32l073xx.o(.text)
    TIM22_IRQHandler                         0x08000273   Thumb Code     0  startup_stm32l073xx.o(.text)
    TIM3_IRQHandler                          0x08000273   Thumb Code     0  startup_stm32l073xx.o(.text)
    TIM6_DAC_IRQHandler                      0x08000273   Thumb Code     0  startup_stm32l073xx.o(.text)
    TIM7_IRQHandler                          0x08000273   Thumb Code     0  startup_stm32l073xx.o(.text)
    TSC_IRQHandler                           0x08000273   Thumb Code     0  startup_stm32l073xx.o(.text)
    USART1_IRQHandler                        0x08000273   Thumb Code     0  startup_stm32l073xx.o(.text)
    USART2_IRQHandler                        0x08000273   Thumb Code     0  startup_stm32l073xx.o(.text)
    USART4_5_IRQHandler                      0x08000273   Thumb Code     0  startup_stm32l073xx.o(.text)
    USB_IRQHandler                           0x08000273   Thumb Code     0  startup_stm32l073xx.o(.text)
    WWDG_IRQHandler                          0x08000273   Thumb Code     0  startup_stm32l073xx.o(.text)
    __user_initial_stackheap                 0x08000275   Thumb Code     0  startup_stm32l073xx.o(.text)
    __aeabi_lmul                             0x08000299   Thumb Code    48  llmul.o(.text)
    _ll_mul                                  0x08000299   Thumb Code     0  llmul.o(.text)
    __aeabi_uldivmod                         0x080002c9   Thumb Code   272  lludiv.o(.text)
    _ll_udiv                                 0x080002c9   Thumb Code     0  lludiv.o(.text)
    sprintf                                  0x080003d9   Thumb Code    40  sprintf.o(.text)
    _memset_w                                0x08000405   Thumb Code    26  rt_memclr.o(.text)
    _memset                                  0x0800041f   Thumb Code    30  rt_memclr.o(.text)
    __aeabi_memclr                           0x0800043d   Thumb Code     4  rt_memclr.o(.text)
    __rt_memclr                              0x0800043d   Thumb Code     0  rt_memclr.o(.text)
    __aeabi_memclr4                          0x08000441   Thumb Code     0  rt_memclr.o(.text)
    __aeabi_memclr8                          0x08000441   Thumb Code     0  rt_memclr.o(.text)
    __rt_memclr_w                            0x08000441   Thumb Code     4  rt_memclr.o(.text)
    __aeabi_uidiv                            0x08000445   Thumb Code     0  aeabi_sdiv.o(.text)
    __aeabi_uidivmod                         0x08000445   Thumb Code    20  aeabi_sdiv.o(.text)
    __aeabi_idiv                             0x08000459   Thumb Code     0  aeabi_sdiv.o(.text)
    __aeabi_idivmod                          0x08000459   Thumb Code   338  aeabi_sdiv.o(.text)
    __use_two_region_memory                  0x080005b1   Thumb Code     2  heapauxi.o(.text)
    __rt_heap_escrow$2region                 0x080005b3   Thumb Code     2  heapauxi.o(.text)
    __rt_heap_expand$2region                 0x080005b5   Thumb Code     2  heapauxi.o(.text)
    __aeabi_f2d                              0x080005b9   Thumb Code     0  f2d.o(.text)
    _f2d                                     0x080005b9   Thumb Code    80  f2d.o(.text)
    __aeabi_fdiv                             0x0800060d   Thumb Code     0  fdiv.o(.text)
    _fdiv                                    0x0800060d   Thumb Code   334  fdiv.o(.text)
    _frdiv                                   0x0800075b   Thumb Code     8  fdiv.o(.text)
    __aeabi_i2f_normalise                    0x0800076d   Thumb Code    72  fflti.o(.text)
    __aeabi_i2f                              0x080007b5   Thumb Code    16  fflti.o(.text)
    _fflt                                    0x080007b5   Thumb Code     0  fflti.o(.text)
    __aeabi_ui2f                             0x080007c5   Thumb Code     6  fflti.o(.text)
    _ffltu                                   0x080007c5   Thumb Code     0  fflti.o(.text)
    _printf_pre_padding                      0x080007cb   Thumb Code    44  _printf_pad.o(.text)
    _printf_post_padding                     0x080007f7   Thumb Code    34  _printf_pad.o(.text)
    _printf_truncate_signed                  0x08000819   Thumb Code    18  _printf_truncate.o(.text)
    _printf_truncate_unsigned                0x0800082b   Thumb Code    18  _printf_truncate.o(.text)
    _printf_str                              0x0800083d   Thumb Code    82  _printf_str.o(.text)
    _printf_int_dec                          0x08000891   Thumb Code    90  _printf_dec.o(.text)
    _printf_charcount                        0x080008fd   Thumb Code    38  _printf_charcount.o(.text)
    _printf_char_common                      0x0800092f   Thumb Code    32  _printf_char_common.o(.text)
    _sputc                                   0x08000955   Thumb Code    10  _sputc.o(.text)
    _printf_wctomb                           0x08000961   Thumb Code   182  _printf_wctomb.o(.text)
    _printf_longlong_dec                     0x08000a1d   Thumb Code    94  _printf_longlong_dec.o(.text)
    _printf_longlong_oct                     0x08000a8d   Thumb Code    68  _printf_oct_int_ll.o(.text)
    _printf_int_oct                          0x08000ad1   Thumb Code    24  _printf_oct_int_ll.o(.text)
    _printf_ll_oct                           0x08000ae9   Thumb Code    10  _printf_oct_int_ll.o(.text)
    _printf_longlong_hex                     0x08000afd   Thumb Code    88  _printf_hex_int_ll_ptr.o(.text)
    _printf_int_hex                          0x08000b55   Thumb Code    28  _printf_hex_int_ll_ptr.o(.text)
    _printf_ll_hex                           0x08000b71   Thumb Code    10  _printf_hex_int_ll_ptr.o(.text)
    _printf_hex_ptr                          0x08000b7b   Thumb Code    22  _printf_hex_int_ll_ptr.o(.text)
    __printf                                 0x08000b95   Thumb Code   386  __printf_flags_ss_wp.o(.text)
    _ll_udiv10                               0x08000d1d   Thumb Code   122  lludiv10.o(.text)
    _printf_int_common                       0x08000d97   Thumb Code   176  _printf_intcommon.o(.text)
    _printf_fp_dec_real                      0x08000fe5   Thumb Code   620  _printf_fp_dec.o(.text)
    _printf_fp_hex_real                      0x0800125d   Thumb Code   718  _printf_fp_hex.o(.text)
    _printf_cs_common                        0x08001535   Thumb Code    22  _printf_char.o(.text)
    _printf_char                             0x0800154b   Thumb Code    16  _printf_char.o(.text)
    _printf_string                           0x0800155b   Thumb Code     8  _printf_char.o(.text)
    _printf_lcs_common                       0x08001563   Thumb Code    22  _printf_wchar.o(.text)
    _printf_wchar                            0x08001579   Thumb Code    16  _printf_wchar.o(.text)
    _printf_wstring                          0x08001589   Thumb Code     8  _printf_wchar.o(.text)
    _c16rtomb                                0x08001591   Thumb Code    66  _c16rtomb.o(.text)
    _wcrtomb                                 0x08001591   Thumb Code     0  _c16rtomb.o(.text)
    __rt_udiv10                              0x080015d3   Thumb Code    40  rtudiv10.o(.text)
    __user_setup_stackheap                   0x080015fb   Thumb Code    62  sys_stackheap_outer.o(.text)
    __rt_ctype_table                         0x08001639   Thumb Code    16  rt_ctype_table.o(.text)
    __rt_locale                              0x08001649   Thumb Code     8  rt_locale_intlibspace.o(.text)
    _printf_fp_infnan                        0x08001651   Thumb Code   120  _printf_fp_infnan.o(.text)
    _btod_etento                             0x080016d9   Thumb Code   210  bigflt0.o(.text)
    _btod_d2e                                0x080017b1   Thumb Code    64  btod.o(.text)
    _btod_emul                               0x08001be5   Thumb Code    28  btod.o(.text)
    _btod_emuld                              0x08001c01   Thumb Code   144  btod.o(.text)
    _btod_ediv                               0x08001c91   Thumb Code    26  btod.o(.text)
    _btod_edivd                              0x08001cab   Thumb Code   124  btod.o(.text)
    exit                                     0x08001d31   Thumb Code    16  exit.o(.text)
    __user_libspace                          0x08001d41   Thumb Code     8  libspace.o(.text)
    __user_perproc_libspace                  0x08001d41   Thumb Code     0  libspace.o(.text)
    __user_perthread_libspace                0x08001d41   Thumb Code     0  libspace.o(.text)
    strcmp                                   0x08001d49   Thumb Code   132  strcmp.o(.text)
    _sys_exit                                0x08001dd1   Thumb Code     8  sys_exit.o(.text)
    __I$use$semihosting                      0x08001ddd   Thumb Code     0  use_no_semi.o(.text)
    __use_no_semihosting_swi                 0x08001ddd   Thumb Code     2  use_no_semi.o(.text)
    __semihosting_library_function           0x08001ddf   Thumb Code     0  indicate_semi.o(.text)
    Error_Handler                            0x08001e19   Thumb Code    14  main.o(.text.Error_Handler)
    HAL_ADC_ConfigChannel                    0x08001e29   Thumb Code   336  stm32l0xx_hal_adc.o(.text.HAL_ADC_ConfigChannel)
    HAL_ADC_Init                             0x08001f85   Thumb Code   680  stm32l0xx_hal_adc.o(.text.HAL_ADC_Init)
    HAL_ADC_MspInit                          0x08002235   Thumb Code    92  stm32l0xx_hal_msp.o(.text.HAL_ADC_MspInit)
    HAL_DMA_Abort_IT                         0x0800229d   Thumb Code   124  stm32l0xx_hal_dma.o(.text.HAL_DMA_Abort_IT)
    HAL_DMA_GetState                         0x08002319   Thumb Code    14  stm32l0xx_hal_dma.o(.text.HAL_DMA_GetState)
    HAL_Delay                                0x08002329   Thumb Code    64  stm32l0xx_hal.o(.text.HAL_Delay)
    HAL_GPIO_Init                            0x0800236d   Thumb Code   744  stm32l0xx_hal_gpio.o(.text.HAL_GPIO_Init)
    HAL_GPIO_WritePin                        0x08002681   Thumb Code    44  stm32l0xx_hal_gpio.o(.text.HAL_GPIO_WritePin)
    HAL_GetTick                              0x080026ad   Thumb Code     8  stm32l0xx_hal.o(.text.HAL_GetTick)
    HAL_I2CEx_ConfigAnalogFilter             0x080026b9   Thumb Code   150  stm32l0xx_hal_i2c_ex.o(.text.HAL_I2CEx_ConfigAnalogFilter)
    HAL_I2CEx_ConfigDigitalFilter            0x0800274f   Thumb Code   160  stm32l0xx_hal_i2c_ex.o(.text.HAL_I2CEx_ConfigDigitalFilter)
    HAL_I2C_AbortCpltCallback                0x080027ef   Thumb Code     8  stm32l0xx_hal_i2c.o(.text.HAL_I2C_AbortCpltCallback)
    HAL_I2C_AddrCallback                     0x080027f7   Thumb Code    16  stm32l0xx_hal_i2c.o(.text.HAL_I2C_AddrCallback)
    HAL_I2C_ER_IRQHandler                    0x08002807   Thumb Code   198  stm32l0xx_hal_i2c.o(.text.HAL_I2C_ER_IRQHandler)
    HAL_I2C_EV_IRQHandler                    0x080028cd   Thumb Code    48  stm32l0xx_hal_i2c.o(.text.HAL_I2C_EV_IRQHandler)
    HAL_I2C_ErrorCallback                    0x080028fd   Thumb Code     8  stm32l0xx_hal_i2c.o(.text.HAL_I2C_ErrorCallback)
    HAL_I2C_Init                             0x08002905   Thumb Code   264  stm32l0xx_hal_i2c.o(.text.HAL_I2C_Init)
    HAL_I2C_ListenCpltCallback               0x08002a11   Thumb Code     8  stm32l0xx_hal_i2c.o(.text.HAL_I2C_ListenCpltCallback)
    HAL_I2C_MasterRxCpltCallback             0x08002a19   Thumb Code     8  stm32l0xx_hal_i2c.o(.text.HAL_I2C_MasterRxCpltCallback)
    HAL_I2C_MasterTxCpltCallback             0x08002a21   Thumb Code     8  stm32l0xx_hal_i2c.o(.text.HAL_I2C_MasterTxCpltCallback)
    HAL_I2C_MemRxCpltCallback                0x08002a29   Thumb Code     8  stm32l0xx_hal_i2c.o(.text.HAL_I2C_MemRxCpltCallback)
    HAL_I2C_MemTxCpltCallback                0x08002a31   Thumb Code     8  stm32l0xx_hal_i2c.o(.text.HAL_I2C_MemTxCpltCallback)
    HAL_I2C_Mem_Read                         0x08002a39   Thumb Code   608  stm32l0xx_hal_i2c.o(.text.HAL_I2C_Mem_Read)
    HAL_I2C_Mem_Read_IT                      0x08002c99   Thumb Code   340  stm32l0xx_hal_i2c.o(.text.HAL_I2C_Mem_Read_IT)
    HAL_I2C_Mem_Write                        0x08002df9   Thumb Code   600  stm32l0xx_hal_i2c.o(.text.HAL_I2C_Mem_Write)
    HAL_I2C_MspInit                          0x08003055   Thumb Code   120  stm32l0xx_hal_msp.o(.text.HAL_I2C_MspInit)
    HAL_I2C_SlaveRxCpltCallback              0x080030d9   Thumb Code     8  stm32l0xx_hal_i2c.o(.text.HAL_I2C_SlaveRxCpltCallback)
    HAL_I2C_SlaveTxCpltCallback              0x080030e1   Thumb Code     8  stm32l0xx_hal_i2c.o(.text.HAL_I2C_SlaveTxCpltCallback)
    HAL_IncTick                              0x080030e9   Thumb Code    16  stm32l0xx_hal.o(.text.HAL_IncTick)
    HAL_Init                                 0x080030fd   Thumb Code    52  stm32l0xx_hal.o(.text.HAL_Init)
    HAL_InitTick                             0x08003135   Thumb Code   100  stm32l0xx_hal.o(.text.HAL_InitTick)
    HAL_MspInit                              0x080031a5   Thumb Code    24  stm32l0xx_hal_msp.o(.text.HAL_MspInit)
    HAL_NVIC_EnableIRQ                       0x080031c5   Thumb Code    22  stm32l0xx_hal_cortex.o(.text.HAL_NVIC_EnableIRQ)
    HAL_NVIC_SetPriority                     0x080031db   Thumb Code    28  stm32l0xx_hal_cortex.o(.text.HAL_NVIC_SetPriority)
    HAL_RCCEx_PeriphCLKConfig                0x080031f9   Thumb Code   760  stm32l0xx_hal_rcc_ex.o(.text.HAL_RCCEx_PeriphCLKConfig)
    HAL_RCC_ClockConfig                      0x08003509   Thumb Code   744  stm32l0xx_hal_rcc.o(.text.HAL_RCC_ClockConfig)
    HAL_RCC_GetHCLKFreq                      0x08003801   Thumb Code     8  stm32l0xx_hal_rcc.o(.text.HAL_RCC_GetHCLKFreq)
    HAL_RCC_GetPCLK1Freq                     0x0800380d   Thumb Code    28  stm32l0xx_hal_rcc.o(.text.HAL_RCC_GetPCLK1Freq)
    HAL_RCC_GetPCLK2Freq                     0x08003829   Thumb Code    28  stm32l0xx_hal_rcc.o(.text.HAL_RCC_GetPCLK2Freq)
    HAL_RCC_GetSysClockFreq                  0x0800384d   Thumb Code   288  stm32l0xx_hal_rcc.o(.text.HAL_RCC_GetSysClockFreq)
    HAL_RCC_OscConfig                        0x08003989   Thumb Code  2124  stm32l0xx_hal_rcc.o(.text.HAL_RCC_OscConfig)
    HAL_SPI_Init                             0x080041f5   Thumb Code   258  stm32l0xx_hal_spi.o(.text.HAL_SPI_Init)
    HAL_SPI_MspInit                          0x080042f9   Thumb Code   156  stm32l0xx_hal_msp.o(.text.HAL_SPI_MspInit)
    HAL_SYSTICK_Config                       0x080043a5   Thumb Code    16  stm32l0xx_hal_cortex.o(.text.HAL_SYSTICK_Config)
    HAL_TIMEx_MasterConfigSynchronization    0x080043b5   Thumb Code   204  stm32l0xx_hal_tim_ex.o(.text.HAL_TIMEx_MasterConfigSynchronization)
    HAL_TIM_Base_Init                        0x08004481   Thumb Code   128  stm32l0xx_hal_tim.o(.text.HAL_TIM_Base_Init)
    HAL_TIM_Base_MspInit                     0x08004501   Thumb Code    56  stm32l0xx_hal_msp.o(.text.HAL_TIM_Base_MspInit)
    HAL_TIM_Base_Start_IT                    0x0800453d   Thumb Code   160  stm32l0xx_hal_tim.o(.text.HAL_TIM_Base_Start_IT)
    HAL_TIM_ConfigClockSource                0x080045e9   Thumb Code   394  stm32l0xx_hal_tim.o(.text.HAL_TIM_ConfigClockSource)
    HAL_TIM_IC_CaptureCallback               0x08004773   Thumb Code     8  stm32l0xx_hal_tim.o(.text.HAL_TIM_IC_CaptureCallback)
    HAL_TIM_IRQHandler                       0x0800477b   Thumb Code   510  stm32l0xx_hal_tim.o(.text.HAL_TIM_IRQHandler)
    HAL_TIM_OC_DelayElapsedCallback          0x08004979   Thumb Code     8  stm32l0xx_hal_tim.o(.text.HAL_TIM_OC_DelayElapsedCallback)
    HAL_TIM_PWM_PulseFinishedCallback        0x08004981   Thumb Code     8  stm32l0xx_hal_tim.o(.text.HAL_TIM_PWM_PulseFinishedCallback)
    HAL_TIM_PeriodElapsedCallback            0x08004989   Thumb Code    36  main.o(.text.HAL_TIM_PeriodElapsedCallback)
    HAL_TIM_TriggerCallback                  0x080049b1   Thumb Code     8  stm32l0xx_hal_tim.o(.text.HAL_TIM_TriggerCallback)
    HAL_UART_Init                            0x080049b9   Thumb Code   176  stm32l0xx_hal_uart.o(.text.HAL_UART_Init)
    HAL_UART_MspInit                         0x08004a69   Thumb Code   100  stm32l0xx_hal_msp.o(.text.HAL_UART_MspInit)
    HardFault_Handler                        0x08004ad9   Thumb Code     4  stm32l0xx_it.o(.text.HardFault_Handler)
    I2C2_IRQHandler                          0x08004add   Thumb Code    36  stm32l0xx_it.o(.text.I2C2_IRQHandler)
    LPS25HB_Initialise                       0x080063e5   Thumb Code   104  lps25hb.o(.text.LPS25HB_Initialise)
    LPS25HB_Measure_Temperature              0x08006451   Thumb Code   112  lps25hb.o(.text.LPS25HB_Measure_Temperature)
    NMI_Handler                              0x080067f9   Thumb Code     4  stm32l0xx_it.o(.text.NMI_Handler)
    PendSV_Handler                           0x080067fd   Thumb Code     2  stm32l0xx_it.o(.text.PendSV_Handler)
    SVC_Handler                              0x080067ff   Thumb Code     2  stm32l0xx_it.o(.text.SVC_Handler)
    SevenSegment_Display                     0x08006801   Thumb Code   248  4dig_7seg_display.o(.text.SevenSegment_Display)
    SevenSegment_Update                      0x08006915   Thumb Code   128  4dig_7seg_display.o(.text.SevenSegment_Update)
    SysTick_Handler                          0x080069e9   Thumb Code     8  stm32l0xx_it.o(.text.SysTick_Handler)
    SystemClock_Config                       0x080069f1   Thumb Code   160  main.o(.text.SystemClock_Config)
    SystemInit                               0x08006a95   Thumb Code     2  system_stm32l0xx.o(.text.SystemInit)
    TIM2_IRQHandler                          0x08006a99   Thumb Code    12  stm32l0xx_it.o(.text.TIM2_IRQHandler)
    UART_AdvFeatureConfig                    0x08006c71   Thumb Code   346  stm32l0xx_hal_uart.o(.text.UART_AdvFeatureConfig)
    UART_CheckIdleState                      0x08006dcd   Thumb Code   160  stm32l0xx_hal_uart.o(.text.UART_CheckIdleState)
    UART_SetConfig                           0x08006e71   Thumb Code  1256  stm32l0xx_hal_uart.o(.text.UART_SetConfig)
    UART_WaitOnFlagUntilTimeout              0x08007379   Thumb Code   394  stm32l0xx_hal_uart.o(.text.UART_WaitOnFlagUntilTimeout)
    main                                     0x080075b5   Thumb Code    64  main.o(.text.main)
    __ARM_common_ll_muluu                    0x08007601   Thumb Code    48  btod.o(i.__ARM_common_ll_muluu)
    __ARM_fpclassify                         0x08007631   Thumb Code    40  fpclassify.o(i.__ARM_fpclassify)
    _is_digit                                0x0800765d   Thumb Code    14  __printf_wp.o(i._is_digit)
    _get_lc_numeric                          0x0800766d   Thumb Code    44  lc_numeric_c.o(locale$$code)
    _get_lc_ctype                            0x08007699   Thumb Code    44  lc_ctype_c.o(locale$$code)
    __aeabi_fadd                             0x080076c5   Thumb Code     0  faddsub.o(x$fpl$fadd)
    _fadd                                    0x080076c5   Thumb Code   134  faddsub.o(x$fpl$fadd)
    __aeabi_fsub                             0x08007751   Thumb Code     0  faddsub.o(x$fpl$fsub)
    _fsub                                    0x08007751   Thumb Code   204  faddsub.o(x$fpl$fsub)
    _printf_fp_dec                           0x08007821   Thumb Code    16  printf1.o(x$fpl$printf1)
    _printf_fp_hex                           0x08007831   Thumb Code    16  printf2.o(x$fpl$printf2)
    __I$use$fp                               0x08007840   Number         0  usenofp.o(x$fpl$usenofp)
    AHBPrescTable                            0x0800797c   Data          16  system_stm32l0xx.o(.rodata.AHBPrescTable)
    APBPrescTable                            0x0800798c   Data           8  system_stm32l0xx.o(.rodata.APBPrescTable)
    PLLMulTable                              0x08007994   Data           9  system_stm32l0xx.o(.rodata.PLLMulTable)
    Region$$Table$$Base                      0x080079a4   Number         0  anon$$obj.o(Region$$Table)
    Region$$Table$$Limit                     0x080079c4   Number         0  anon$$obj.o(Region$$Table)
    __ctype                                  0x080079ed   Data           0  lc_ctype_c.o(locale$$data)
    SystemCoreClock                          0x20000000   Data           4  system_stm32l0xx.o(.data.SystemCoreClock)
    segmentNumber                            0x20000004   Data          10  4dig_7seg_display.o(.data.segmentNumber)
    uwTickFreq                               0x2000000e   Data           1  stm32l0xx_hal.o(.data.uwTickFreq)
    uwTickPrio                               0x20000010   Data           4  stm32l0xx_hal.o(.data.uwTickPrio)
    __libspace_start                         0x20000018   Data          96  libspace.o(.bss)
    Temp_RAW                                 0x20000078   Data           2  lps25hb.o(.bss.Temp_RAW)
    __temporary_stack_top$libspace           0x20000078   Data           0  libspace.o(.bss)
    chipID                                   0x2000007a   Data           1  lps25hb.o(.bss.chipID)
    datatowrite                              0x2000007b   Data           1  lps25hb.o(.bss.datatowrite)
    hadc                                     0x2000007c   Data          92  main.o(.bss.hadc)
    hi2c2                                    0x200000d8   Data          76  main.o(.bss.hi2c2)
    hspi1                                    0x20000124   Data          88  main.o(.bss.hspi1)
    htim2                                    0x2000017c   Data          64  main.o(.bss.htim2)
    huart2                                   0x200001bc   Data         132  main.o(.bss.huart2)
    mas                                      0x20000240   Data           5  4dig_7seg_display.o(.bss.mas)
    temp1                                    0x20000245   Data           1  4dig_7seg_display.o(.bss.temp1)
    temp2                                    0x20000246   Data           1  4dig_7seg_display.o(.bss.temp2)
    temp3                                    0x20000247   Data           1  4dig_7seg_display.o(.bss.temp3)
    temp4                                    0x20000248   Data           1  4dig_7seg_display.o(.bss.temp4)
    temperatura                              0x2000024c   Data           4  main.o(.bss.temperatura)
    uwTick                                   0x20000250   Data           4  stm32l0xx_hal.o(.bss.uwTick)
    val                                      0x20000254   Data           2  lps25hb.o(.bss.val)



==============================================================================

Memory Map of the image

  Image Entry point : 0x080000c1

  Load Region LR_IROM1 (Base: 0x08000000, Size: 0x00007b08, Max: 0x00030000, ABSOLUTE)

    Execution Region ER_IROM1 (Exec base: 0x08000000, Load base: 0x08000000, Size: 0x00007af0, Max: 0x00030000, ABSOLUTE)

    Exec Addr    Load Addr    Size         Type   Attr      Idx    E Section Name        Object

    0x08000000   0x08000000   0x000000c0   Data   RO            3    RESET               startup_stm32l073xx.o
    0x080000c0   0x080000c0   0x00000008   Code   RO         1437  * !!!main             c_p.l(__main.o)
    0x080000c8   0x080000c8   0x0000003c   Code   RO         1787    !!!scatter          c_p.l(__scatter.o)
    0x08000104   0x08000104   0x0000001a   Code   RO         1789    !!handler_copy      c_p.l(__scatter_copy.o)
    0x0800011e   0x0800011e   0x00000002   PAD
    0x08000120   0x08000120   0x0000001c   Code   RO         1791    !!handler_zi        c_p.l(__scatter_zi.o)
    0x0800013c   0x0800013c   0x00000002   Code   RO         1542    .ARM.Collect$$_printf_percent$$00000000  c_p.l(_printf_percent.o)
    0x0800013e   0x0800013e   0x0000000a   Code   RO         1531    .ARM.Collect$$_printf_percent$$00000001  c_p.l(_printf_n.o)
    0x08000148   0x08000148   0x0000000a   Code   RO         1533    .ARM.Collect$$_printf_percent$$00000002  c_p.l(_printf_p.o)
    0x08000152   0x08000152   0x0000000a   Code   RO         1538    .ARM.Collect$$_printf_percent$$00000003  c_p.l(_printf_f.o)
    0x0800015c   0x0800015c   0x0000000a   Code   RO         1539    .ARM.Collect$$_printf_percent$$00000004  c_p.l(_printf_e.o)
    0x08000166   0x08000166   0x0000000a   Code   RO         1540    .ARM.Collect$$_printf_percent$$00000005  c_p.l(_printf_g.o)
    0x08000170   0x08000170   0x0000000a   Code   RO         1541    .ARM.Collect$$_printf_percent$$00000006  c_p.l(_printf_a.o)
    0x0800017a   0x0800017a   0x0000000a   Code   RO         1546    .ARM.Collect$$_printf_percent$$00000007  c_p.l(_printf_ll.o)
    0x08000184   0x08000184   0x0000000a   Code   RO         1535    .ARM.Collect$$_printf_percent$$00000008  c_p.l(_printf_i.o)
    0x0800018e   0x0800018e   0x0000000a   Code   RO         1536    .ARM.Collect$$_printf_percent$$00000009  c_p.l(_printf_d.o)
    0x08000198   0x08000198   0x0000000a   Code   RO         1537    .ARM.Collect$$_printf_percent$$0000000A  c_p.l(_printf_u.o)
    0x080001a2   0x080001a2   0x0000000a   Code   RO         1534    .ARM.Collect$$_printf_percent$$0000000B  c_p.l(_printf_o.o)
    0x080001ac   0x080001ac   0x0000000a   Code   RO         1532    .ARM.Collect$$_printf_percent$$0000000C  c_p.l(_printf_x.o)
    0x080001b6   0x080001b6   0x0000000a   Code   RO         1543    .ARM.Collect$$_printf_percent$$0000000D  c_p.l(_printf_lli.o)
    0x080001c0   0x080001c0   0x0000000a   Code   RO         1544    .ARM.Collect$$_printf_percent$$0000000E  c_p.l(_printf_lld.o)
    0x080001ca   0x080001ca   0x0000000a   Code   RO         1545    .ARM.Collect$$_printf_percent$$0000000F  c_p.l(_printf_llu.o)
    0x080001d4   0x080001d4   0x0000000a   Code   RO         1550    .ARM.Collect$$_printf_percent$$00000010  c_p.l(_printf_llo.o)
    0x080001de   0x080001de   0x0000000a   Code   RO         1551    .ARM.Collect$$_printf_percent$$00000011  c_p.l(_printf_llx.o)
    0x080001e8   0x080001e8   0x0000000a   Code   RO         1547    .ARM.Collect$$_printf_percent$$00000012  c_p.l(_printf_l.o)
    0x080001f2   0x080001f2   0x0000000a   Code   RO         1529    .ARM.Collect$$_printf_percent$$00000013  c_p.l(_printf_c.o)
    0x080001fc   0x080001fc   0x0000000a   Code   RO         1530    .ARM.Collect$$_printf_percent$$00000014  c_p.l(_printf_s.o)
    0x08000206   0x08000206   0x0000000a   Code   RO         1548    .ARM.Collect$$_printf_percent$$00000015  c_p.l(_printf_lc.o)
    0x08000210   0x08000210   0x0000000a   Code   RO         1549    .ARM.Collect$$_printf_percent$$00000016  c_p.l(_printf_ls.o)
    0x0800021a   0x0800021a   0x00000004   Code   RO         1595    .ARM.Collect$$_printf_percent$$00000017  c_p.l(_printf_percent_end.o)
    0x0800021e   0x0800021e   0x00000002   Code   RO         1635    .ARM.Collect$$libinit$$00000000  c_p.l(libinit.o)
    0x08000220   0x08000220   0x00000000   Code   RO         1660    .ARM.Collect$$libinit$$00000002  c_p.l(libinit2.o)
    0x08000220   0x08000220   0x00000000   Code   RO         1662    .ARM.Collect$$libinit$$00000004  c_p.l(libinit2.o)
    0x08000220   0x08000220   0x00000000   Code   RO         1664    .ARM.Collect$$libinit$$00000006  c_p.l(libinit2.o)
    0x08000220   0x08000220   0x00000000   Code   RO         1667    .ARM.Collect$$libinit$$0000000C  c_p.l(libinit2.o)
    0x08000220   0x08000220   0x00000000   Code   RO         1669    .ARM.Collect$$libinit$$0000000E  c_p.l(libinit2.o)
    0x08000220   0x08000220   0x00000000   Code   RO         1671    .ARM.Collect$$libinit$$00000010  c_p.l(libinit2.o)
    0x08000220   0x08000220   0x00000006   Code   RO         1672    .ARM.Collect$$libinit$$00000011  c_p.l(libinit2.o)
    0x08000226   0x08000226   0x00000000   Code   RO         1674    .ARM.Collect$$libinit$$00000013  c_p.l(libinit2.o)
    0x08000226   0x08000226   0x0000000c   Code   RO         1675    .ARM.Collect$$libinit$$00000014  c_p.l(libinit2.o)
    0x08000232   0x08000232   0x00000000   Code   RO         1676    .ARM.Collect$$libinit$$00000015  c_p.l(libinit2.o)
    0x08000232   0x08000232   0x00000000   Code   RO         1678    .ARM.Collect$$libinit$$00000017  c_p.l(libinit2.o)
    0x08000232   0x08000232   0x0000000a   Code   RO         1679    .ARM.Collect$$libinit$$00000018  c_p.l(libinit2.o)
    0x0800023c   0x0800023c   0x00000000   Code   RO         1680    .ARM.Collect$$libinit$$00000019  c_p.l(libinit2.o)
    0x0800023c   0x0800023c   0x00000000   Code   RO         1682    .ARM.Collect$$libinit$$0000001B  c_p.l(libinit2.o)
    0x0800023c   0x0800023c   0x00000000   Code   RO         1684    .ARM.Collect$$libinit$$0000001D  c_p.l(libinit2.o)
    0x0800023c   0x0800023c   0x00000000   Code   RO         1686    .ARM.Collect$$libinit$$0000001F  c_p.l(libinit2.o)
    0x0800023c   0x0800023c   0x00000000   Code   RO         1688    .ARM.Collect$$libinit$$00000021  c_p.l(libinit2.o)
    0x0800023c   0x0800023c   0x00000000   Code   RO         1690    .ARM.Collect$$libinit$$00000023  c_p.l(libinit2.o)
    0x0800023c   0x0800023c   0x00000000   Code   RO         1692    .ARM.Collect$$libinit$$00000025  c_p.l(libinit2.o)
    0x0800023c   0x0800023c   0x00000000   Code   RO         1694    .ARM.Collect$$libinit$$00000027  c_p.l(libinit2.o)
    0x0800023c   0x0800023c   0x00000000   Code   RO         1698    .ARM.Collect$$libinit$$0000002E  c_p.l(libinit2.o)
    0x0800023c   0x0800023c   0x00000000   Code   RO         1700    .ARM.Collect$$libinit$$00000030  c_p.l(libinit2.o)
    0x0800023c   0x0800023c   0x00000000   Code   RO         1702    .ARM.Collect$$libinit$$00000032  c_p.l(libinit2.o)
    0x0800023c   0x0800023c   0x00000000   Code   RO         1704    .ARM.Collect$$libinit$$00000034  c_p.l(libinit2.o)
    0x0800023c   0x0800023c   0x00000002   Code   RO         1705    .ARM.Collect$$libinit$$00000035  c_p.l(libinit2.o)
    0x0800023e   0x0800023e   0x00000002   Code   RO         1742    .ARM.Collect$$libshutdown$$00000000  c_p.l(libshutdown.o)
    0x08000240   0x08000240   0x00000000   Code   RO         1770    .ARM.Collect$$libshutdown$$00000002  c_p.l(libshutdown2.o)
    0x08000240   0x08000240   0x00000000   Code   RO         1772    .ARM.Collect$$libshutdown$$00000004  c_p.l(libshutdown2.o)
    0x08000240   0x08000240   0x00000000   Code   RO         1775    .ARM.Collect$$libshutdown$$00000007  c_p.l(libshutdown2.o)
    0x08000240   0x08000240   0x00000000   Code   RO         1778    .ARM.Collect$$libshutdown$$0000000A  c_p.l(libshutdown2.o)
    0x08000240   0x08000240   0x00000000   Code   RO         1780    .ARM.Collect$$libshutdown$$0000000C  c_p.l(libshutdown2.o)
    0x08000240   0x08000240   0x00000000   Code   RO         1783    .ARM.Collect$$libshutdown$$0000000F  c_p.l(libshutdown2.o)
    0x08000240   0x08000240   0x00000002   Code   RO         1784    .ARM.Collect$$libshutdown$$00000010  c_p.l(libshutdown2.o)
    0x08000242   0x08000242   0x00000000   Code   RO         1452    .ARM.Collect$$rtentry$$00000000  c_p.l(__rtentry.o)
    0x08000242   0x08000242   0x00000000   Code   RO         1562    .ARM.Collect$$rtentry$$00000002  c_p.l(__rtentry2.o)
    0x08000242   0x08000242   0x00000006   Code   RO         1574    .ARM.Collect$$rtentry$$00000004  c_p.l(__rtentry4.o)
    0x08000248   0x08000248   0x00000000   Code   RO         1564    .ARM.Collect$$rtentry$$00000009  c_p.l(__rtentry2.o)
    0x08000248   0x08000248   0x00000004   Code   RO         1565    .ARM.Collect$$rtentry$$0000000A  c_p.l(__rtentry2.o)
    0x0800024c   0x0800024c   0x00000000   Code   RO         1567    .ARM.Collect$$rtentry$$0000000C  c_p.l(__rtentry2.o)
    0x0800024c   0x0800024c   0x00000008   Code   RO         1568    .ARM.Collect$$rtentry$$0000000D  c_p.l(__rtentry2.o)
    0x08000254   0x08000254   0x00000002   Code   RO         1644    .ARM.Collect$$rtexit$$00000000  c_p.l(rtexit.o)
    0x08000256   0x08000256   0x00000000   Code   RO         1711    .ARM.Collect$$rtexit$$00000002  c_p.l(rtexit2.o)
    0x08000256   0x08000256   0x00000004   Code   RO         1712    .ARM.Collect$$rtexit$$00000003  c_p.l(rtexit2.o)
    0x0800025a   0x0800025a   0x00000006   Code   RO         1713    .ARM.Collect$$rtexit$$00000004  c_p.l(rtexit2.o)
    0x08000260   0x08000260   0x00000038   Code   RO            4    .text               startup_stm32l073xx.o
    0x08000298   0x08000298   0x00000030   Code   RO         1423    .text               c_p.l(llmul.o)
    0x080002c8   0x080002c8   0x00000110   Code   RO         1425    .text               c_p.l(lludiv.o)
    0x080003d8   0x080003d8   0x0000002c   Code   RO         1427    .text               c_p.l(sprintf.o)
    0x08000404   0x08000404   0x00000040   Code   RO         1429    .text               c_p.l(rt_memclr.o)
    0x08000444   0x08000444   0x0000016c   Code   RO         1431    .text               c_p.l(aeabi_sdiv.o)
    0x080005b0   0x080005b0   0x00000006   Code   RO         1435    .text               c_p.l(heapauxi.o)
    0x080005b6   0x080005b6   0x00000002   PAD
    0x080005b8   0x080005b8   0x00000054   Code   RO         1439    .text               fz_ps.l(f2d.o)
    0x0800060c   0x0800060c   0x00000160   Code   RO         1447    .text               fz_ps.l(fdiv.o)
    0x0800076c   0x0800076c   0x0000005e   Code   RO         1450    .text               fz_ps.l(fflti.o)
    0x080007ca   0x080007ca   0x0000004e   Code   RO         1463    .text               c_p.l(_printf_pad.o)
    0x08000818   0x08000818   0x00000024   Code   RO         1465    .text               c_p.l(_printf_truncate.o)
    0x0800083c   0x0800083c   0x00000052   Code   RO         1467    .text               c_p.l(_printf_str.o)
    0x0800088e   0x0800088e   0x00000002   PAD
    0x08000890   0x08000890   0x0000006c   Code   RO         1469    .text               c_p.l(_printf_dec.o)
    0x080008fc   0x080008fc   0x00000026   Code   RO         1471    .text               c_p.l(_printf_charcount.o)
    0x08000922   0x08000922   0x00000002   PAD
    0x08000924   0x08000924   0x00000030   Code   RO         1473    .text               c_p.l(_printf_char_common.o)
    0x08000954   0x08000954   0x0000000a   Code   RO         1475    .text               c_p.l(_sputc.o)
    0x0800095e   0x0800095e   0x00000002   PAD
    0x08000960   0x08000960   0x000000bc   Code   RO         1477    .text               c_p.l(_printf_wctomb.o)
    0x08000a1c   0x08000a1c   0x00000070   Code   RO         1480    .text               c_p.l(_printf_longlong_dec.o)
    0x08000a8c   0x08000a8c   0x00000070   Code   RO         1486    .text               c_p.l(_printf_oct_int_ll.o)
    0x08000afc   0x08000afc   0x00000098   Code   RO         1506    .text               c_p.l(_printf_hex_int_ll_ptr.o)
    0x08000b94   0x08000b94   0x00000188   Code   RO         1526    .text               c_p.l(__printf_flags_ss_wp.o)
    0x08000d1c   0x08000d1c   0x0000007a   Code   RO         1578    .text               c_p.l(lludiv10.o)
    0x08000d96   0x08000d96   0x000000b0   Code   RO         1580    .text               c_p.l(_printf_intcommon.o)
    0x08000e46   0x08000e46   0x00000002   PAD
    0x08000e48   0x08000e48   0x00000414   Code   RO         1582    .text               c_p.l(_printf_fp_dec.o)
    0x0800125c   0x0800125c   0x000002d8   Code   RO         1586    .text               c_p.l(_printf_fp_hex.o)
    0x08001534   0x08001534   0x0000002e   Code   RO         1591    .text               c_p.l(_printf_char.o)
    0x08001562   0x08001562   0x0000002e   Code   RO         1593    .text               c_p.l(_printf_wchar.o)
    0x08001590   0x08001590   0x00000042   Code   RO         1596    .text               c_p.l(_c16rtomb.o)
    0x080015d2   0x080015d2   0x00000028   Code   RO         1598    .text               c_p.l(rtudiv10.o)
    0x080015fa   0x080015fa   0x0000003e   Code   RO         1600    .text               c_p.l(sys_stackheap_outer.o)
    0x08001638   0x08001638   0x00000010   Code   RO         1603    .text               c_p.l(rt_ctype_table.o)
    0x08001648   0x08001648   0x00000008   Code   RO         1608    .text               c_p.l(rt_locale_intlibspace.o)
    0x08001650   0x08001650   0x00000088   Code   RO         1610    .text               c_p.l(_printf_fp_infnan.o)
    0x080016d8   0x080016d8   0x000000d8   Code   RO         1612    .text               c_p.l(bigflt0.o)
    0x080017b0   0x080017b0   0x00000580   Code   RO         1615    .text               c_p.l(btod.o)
    0x08001d30   0x08001d30   0x00000010   Code   RO         1624    .text               c_p.l(exit.o)
    0x08001d40   0x08001d40   0x00000008   Code   RO         1640    .text               c_p.l(libspace.o)
    0x08001d48   0x08001d48   0x00000088   Code   RO         1657    .text               c_p.l(strcmp.o)
    0x08001dd0   0x08001dd0   0x0000000c   Code   RO         1706    .text               c_p.l(sys_exit.o)
    0x08001ddc   0x08001ddc   0x00000002   Code   RO         1731    .text               c_p.l(use_no_semi.o)
    0x08001dde   0x08001dde   0x00000000   Code   RO         1733    .text               c_p.l(indicate_semi.o)
    0x08001dde   0x08001dde   0x00000002   PAD
    0x08001de0   0x08001de0   0x00000038   Code   RO          178    .text.ADC_DelayMicroSecond  stm32l0xx_hal_adc.o
    0x08001e18   0x08001e18   0x0000000e   Code   RO           29    .text.Error_Handler  main.o
    0x08001e26   0x08001e26   0x00000002   PAD
    0x08001e28   0x08001e28   0x0000015c   Code   RO          176    .text.HAL_ADC_ConfigChannel  stm32l0xx_hal_adc.o
    0x08001f84   0x08001f84   0x000002b0   Code   RO          128    .text.HAL_ADC_Init  stm32l0xx_hal_adc.o
    0x08002234   0x08002234   0x00000068   Code   RO           68    .text.HAL_ADC_MspInit  stm32l0xx_hal_msp.o
    0x0800229c   0x0800229c   0x0000007c   Code   RO          701    .text.HAL_DMA_Abort_IT  stm32l0xx_hal_dma.o
    0x08002318   0x08002318   0x0000000e   Code   RO          711    .text.HAL_DMA_GetState  stm32l0xx_hal_dma.o
    0x08002326   0x08002326   0x00000002   PAD
    0x08002328   0x08002328   0x00000044   Code   RO          234    .text.HAL_Delay     stm32l0xx_hal.o
    0x0800236c   0x0800236c   0x00000314   Code   RO          666    .text.HAL_GPIO_Init  stm32l0xx_hal_gpio.o
    0x08002680   0x08002680   0x0000002c   Code   RO          672    .text.HAL_GPIO_WritePin  stm32l0xx_hal_gpio.o
    0x080026ac   0x080026ac   0x0000000c   Code   RO          226    .text.HAL_GetTick   stm32l0xx_hal.o
    0x080026b8   0x080026b8   0x00000096   Code   RO          451    .text.HAL_I2CEx_ConfigAnalogFilter  stm32l0xx_hal_i2c_ex.o
    0x0800274e   0x0800274e   0x000000a0   Code   RO          453    .text.HAL_I2CEx_ConfigDigitalFilter  stm32l0xx_hal_i2c_ex.o
    0x080027ee   0x080027ee   0x00000008   Code   RO          418    .text.HAL_I2C_AbortCpltCallback  stm32l0xx_hal_i2c.o
    0x080027f6   0x080027f6   0x00000010   Code   RO          408    .text.HAL_I2C_AddrCallback  stm32l0xx_hal_i2c.o
    0x08002806   0x08002806   0x000000c6   Code   RO          396    .text.HAL_I2C_ER_IRQHandler  stm32l0xx_hal_i2c.o
    0x080028cc   0x080028cc   0x00000030   Code   RO          394    .text.HAL_I2C_EV_IRQHandler  stm32l0xx_hal_i2c.o
    0x080028fc   0x080028fc   0x00000008   Code   RO          416    .text.HAL_I2C_ErrorCallback  stm32l0xx_hal_i2c.o
    0x08002904   0x08002904   0x0000010c   Code   RO          286    .text.HAL_I2C_Init  stm32l0xx_hal_i2c.o
    0x08002a10   0x08002a10   0x00000008   Code   RO          410    .text.HAL_I2C_ListenCpltCallback  stm32l0xx_hal_i2c.o
    0x08002a18   0x08002a18   0x00000008   Code   RO          402    .text.HAL_I2C_MasterRxCpltCallback  stm32l0xx_hal_i2c.o
    0x08002a20   0x08002a20   0x00000008   Code   RO          400    .text.HAL_I2C_MasterTxCpltCallback  stm32l0xx_hal_i2c.o
    0x08002a28   0x08002a28   0x00000008   Code   RO          414    .text.HAL_I2C_MemRxCpltCallback  stm32l0xx_hal_i2c.o
    0x08002a30   0x08002a30   0x00000008   Code   RO          412    .text.HAL_I2C_MemTxCpltCallback  stm32l0xx_hal_i2c.o
    0x08002a38   0x08002a38   0x00000260   Code   RO          352    .text.HAL_I2C_Mem_Read  stm32l0xx_hal_i2c.o
    0x08002c98   0x08002c98   0x00000160   Code   RO          358    .text.HAL_I2C_Mem_Read_IT  stm32l0xx_hal_i2c.o
    0x08002df8   0x08002df8   0x0000025c   Code   RO          348    .text.HAL_I2C_Mem_Write  stm32l0xx_hal_i2c.o
    0x08003054   0x08003054   0x00000084   Code   RO           72    .text.HAL_I2C_MspInit  stm32l0xx_hal_msp.o
    0x080030d8   0x080030d8   0x00000008   Code   RO          406    .text.HAL_I2C_SlaveRxCpltCallback  stm32l0xx_hal_i2c.o
    0x080030e0   0x080030e0   0x00000008   Code   RO          404    .text.HAL_I2C_SlaveTxCpltCallback  stm32l0xx_hal_i2c.o
    0x080030e8   0x080030e8   0x00000014   Code   RO          224    .text.HAL_IncTick   stm32l0xx_hal.o
    0x080030fc   0x080030fc   0x00000038   Code   RO          214    .text.HAL_Init      stm32l0xx_hal.o
    0x08003134   0x08003134   0x00000070   Code   RO          216    .text.HAL_InitTick  stm32l0xx_hal.o
    0x080031a4   0x080031a4   0x00000020   Code   RO           66    .text.HAL_MspInit   stm32l0xx_hal_msp.o
    0x080031c4   0x080031c4   0x00000016   Code   RO          788    .text.HAL_NVIC_EnableIRQ  stm32l0xx_hal_cortex.o
    0x080031da   0x080031da   0x0000001c   Code   RO          784    .text.HAL_NVIC_SetPriority  stm32l0xx_hal_cortex.o
    0x080031f6   0x080031f6   0x00000002   PAD
    0x080031f8   0x080031f8   0x00000310   Code   RO          503    .text.HAL_RCCEx_PeriphCLKConfig  stm32l0xx_hal_rcc_ex.o
    0x08003508   0x08003508   0x000002f8   Code   RO          476    .text.HAL_RCC_ClockConfig  stm32l0xx_hal_rcc.o
    0x08003800   0x08003800   0x0000000c   Code   RO          482    .text.HAL_RCC_GetHCLKFreq  stm32l0xx_hal_rcc.o
    0x0800380c   0x0800380c   0x0000001c   Code   RO          484    .text.HAL_RCC_GetPCLK1Freq  stm32l0xx_hal_rcc.o
    0x08003828   0x08003828   0x00000024   Code   RO          486    .text.HAL_RCC_GetPCLK2Freq  stm32l0xx_hal_rcc.o
    0x0800384c   0x0800384c   0x0000013c   Code   RO          474    .text.HAL_RCC_GetSysClockFreq  stm32l0xx_hal_rcc.o
    0x08003988   0x08003988   0x0000086c   Code   RO          472    .text.HAL_RCC_OscConfig  stm32l0xx_hal_rcc.o
    0x080041f4   0x080041f4   0x00000102   Code   RO          864    .text.HAL_SPI_Init  stm32l0xx_hal_spi.o
    0x080042f6   0x080042f6   0x00000002   PAD
    0x080042f8   0x080042f8   0x000000ac   Code   RO           76    .text.HAL_SPI_MspInit  stm32l0xx_hal_msp.o
    0x080043a4   0x080043a4   0x00000010   Code   RO          800    .text.HAL_SYSTICK_Config  stm32l0xx_hal_cortex.o
    0x080043b4   0x080043b4   0x000000cc   Code   RO         1226    .text.HAL_TIMEx_MasterConfigSynchronization  stm32l0xx_hal_tim_ex.o
    0x08004480   0x08004480   0x00000080   Code   RO          981    .text.HAL_TIM_Base_Init  stm32l0xx_hal_tim.o
    0x08004500   0x08004500   0x0000003c   Code   RO           80    .text.HAL_TIM_Base_MspInit  stm32l0xx_hal_msp.o
    0x0800453c   0x0800453c   0x000000ac   Code   RO          995    .text.HAL_TIM_Base_Start_IT  stm32l0xx_hal_tim.o
    0x080045e8   0x080045e8   0x0000018a   Code   RO         1173    .text.HAL_TIM_ConfigClockSource  stm32l0xx_hal_tim.o
    0x08004772   0x08004772   0x00000008   Code   RO         1117    .text.HAL_TIM_IC_CaptureCallback  stm32l0xx_hal_tim.o
    0x0800477a   0x0800477a   0x000001fe   Code   RO         1115    .text.HAL_TIM_IRQHandler  stm32l0xx_hal_tim.o
    0x08004978   0x08004978   0x00000008   Code   RO         1119    .text.HAL_TIM_OC_DelayElapsedCallback  stm32l0xx_hal_tim.o
    0x08004980   0x08004980   0x00000008   Code   RO         1121    .text.HAL_TIM_PWM_PulseFinishedCallback  stm32l0xx_hal_tim.o
    0x08004988   0x08004988   0x00000028   Code   RO           11    .text.HAL_TIM_PeriodElapsedCallback  main.o
    0x080049b0   0x080049b0   0x00000008   Code   RO         1125    .text.HAL_TIM_TriggerCallback  stm32l0xx_hal_tim.o
    0x080049b8   0x080049b8   0x000000b0   Code   RO         1237    .text.HAL_UART_Init  stm32l0xx_hal_uart.o
    0x08004a68   0x08004a68   0x00000070   Code   RO           84    .text.HAL_UART_MspInit  stm32l0xx_hal_msp.o
    0x08004ad8   0x08004ad8   0x00000004   Code   RO           47    .text.HardFault_Handler  stm32l0xx_it.o
    0x08004adc   0x08004adc   0x00000028   Code   RO           57    .text.I2C2_IRQHandler  stm32l0xx_it.o
    0x08004b04   0x08004b04   0x0000003e   Code   RO          380    .text.I2C_DMAAbort  stm32l0xx_hal_i2c.o
    0x08004b42   0x08004b42   0x000000cc   Code   RO          378    .text.I2C_Disable_IRQ  stm32l0xx_hal_i2c.o
    0x08004c0e   0x08004c0e   0x00000002   PAD
    0x08004c10   0x08004c10   0x000000e8   Code   RO          316    .text.I2C_Enable_IRQ  stm32l0xx_hal_i2c.o
    0x08004cf8   0x08004cf8   0x00000040   Code   RO          426    .text.I2C_Flush_TXDR  stm32l0xx_hal_i2c.o
    0x08004d38   0x08004d38   0x00000130   Code   RO          438    .text.I2C_ITAddrCplt  stm32l0xx_hal_i2c.o
    0x08004e68   0x08004e68   0x000001a0   Code   RO          398    .text.I2C_ITError   stm32l0xx_hal_i2c.o
    0x08005008   0x08005008   0x0000009c   Code   RO          434    .text.I2C_ITListenCplt  stm32l0xx_hal_i2c.o
    0x080050a4   0x080050a4   0x000001b4   Code   RO          430    .text.I2C_ITMasterCplt  stm32l0xx_hal_i2c.o
    0x08005258   0x08005258   0x0000007e   Code   RO          428    .text.I2C_ITMasterSeqCplt  stm32l0xx_hal_i2c.o
    0x080052d6   0x080052d6   0x00000002   PAD
    0x080052d8   0x080052d8   0x00000234   Code   RO          432    .text.I2C_ITSlaveCplt  stm32l0xx_hal_i2c.o
    0x0800550c   0x0800550c   0x000000ca   Code   RO          436    .text.I2C_ITSlaveSeqCplt  stm32l0xx_hal_i2c.o
    0x080055d6   0x080055d6   0x00000002   PAD
    0x080055d8   0x080055d8   0x0000010c   Code   RO          442    .text.I2C_IsAcknowledgeFailed  stm32l0xx_hal_i2c.o
    0x080056e4   0x080056e4   0x00000224   Code   RO          328    .text.I2C_Master_ISR_DMA  stm32l0xx_hal_i2c.o
    0x08005908   0x08005908   0x0000029c   Code   RO          314    .text.I2C_Master_ISR_IT  stm32l0xx_hal_i2c.o
    0x08005ba4   0x08005ba4   0x000000b8   Code   RO          354    .text.I2C_RequestMemoryRead  stm32l0xx_hal_i2c.o
    0x08005c5c   0x08005c5c   0x000000bc   Code   RO          350    .text.I2C_RequestMemoryWrite  stm32l0xx_hal_i2c.o
    0x08005d18   0x08005d18   0x00000230   Code   RO          340    .text.I2C_Slave_ISR_DMA  stm32l0xx_hal_i2c.o
    0x08005f48   0x08005f48   0x00000248   Code   RO          322    .text.I2C_Slave_ISR_IT  stm32l0xx_hal_i2c.o
    0x08006190   0x08006190   0x00000050   Code   RO          298    .text.I2C_TransferConfig  stm32l0xx_hal_i2c.o
    0x080061e0   0x080061e0   0x00000052   Code   RO          440    .text.I2C_TreatErrorCallback  stm32l0xx_hal_i2c.o
    0x08006232   0x08006232   0x0000008e   Code   RO          296    .text.I2C_WaitOnFlagUntilTimeout  stm32l0xx_hal_i2c.o
    0x080062c0   0x080062c0   0x0000008c   Code   RO          302    .text.I2C_WaitOnSTOPFlagUntilTimeout  stm32l0xx_hal_i2c.o
    0x0800634c   0x0800634c   0x00000098   Code   RO          300    .text.I2C_WaitOnTXISFlagUntilTimeout  stm32l0xx_hal_i2c.o
    0x080063e4   0x080063e4   0x0000006c   Code   RO          113    .text.LPS25HB_Initialise  lps25hb.o
    0x08006450   0x08006450   0x00000084   Code   RO          115    .text.LPS25HB_Measure_Temperature  lps25hb.o
    0x080064d4   0x080064d4   0x00000084   Code   RO           19    .text.MX_ADC_Init   main.o
    0x08006558   0x08006558   0x00000128   Code   RO           17    .text.MX_GPIO_Init  main.o
    0x08006680   0x08006680   0x0000006c   Code   RO           21    .text.MX_I2C2_Init  main.o
    0x080066ec   0x080066ec   0x0000004c   Code   RO           23    .text.MX_SPI1_Init  main.o
    0x08006738   0x08006738   0x0000007c   Code   RO           27    .text.MX_TIM2_Init  main.o
    0x080067b4   0x080067b4   0x00000044   Code   RO           25    .text.MX_USART2_UART_Init  main.o
    0x080067f8   0x080067f8   0x00000004   Code   RO           45    .text.NMI_Handler   stm32l0xx_it.o
    0x080067fc   0x080067fc   0x00000002   Code   RO           51    .text.PendSV_Handler  stm32l0xx_it.o
    0x080067fe   0x080067fe   0x00000002   Code   RO           49    .text.SVC_Handler   stm32l0xx_it.o
    0x08006800   0x08006800   0x00000114   Code   RO           97    .text.SevenSegment_Display  4dig_7seg_display.o
    0x08006914   0x08006914   0x00000084   Code   RO           95    .text.SevenSegment_Update  4dig_7seg_display.o
    0x08006998   0x08006998   0x00000050   Code   RO          802    .text.SysTick_Config  stm32l0xx_hal_cortex.o
    0x080069e8   0x080069e8   0x00000008   Code   RO           53    .text.SysTick_Handler  stm32l0xx_it.o
    0x080069f0   0x080069f0   0x000000a4   Code   RO           15    .text.SystemClock_Config  main.o
    0x08006a94   0x08006a94   0x00000002   Code   RO         1407    .text.SystemInit    system_stm32l0xx.o
    0x08006a96   0x08006a96   0x00000002   PAD
    0x08006a98   0x08006a98   0x00000010   Code   RO           55    .text.TIM2_IRQHandler  stm32l0xx_it.o
    0x08006aa8   0x08006aa8   0x000000c4   Code   RO          985    .text.TIM_Base_SetConfig  stm32l0xx_hal_tim.o
    0x08006b6c   0x08006b6c   0x00000036   Code   RO         1171    .text.TIM_ETR_SetConfig  stm32l0xx_hal_tim.o
    0x08006ba2   0x08006ba2   0x0000002a   Code   RO         1177    .text.TIM_ITRx_SetConfig  stm32l0xx_hal_tim.o
    0x08006bcc   0x08006bcc   0x00000050   Code   RO         1175    .text.TIM_TI1_ConfigInputStage  stm32l0xx_hal_tim.o
    0x08006c1c   0x08006c1c   0x00000054   Code   RO         1179    .text.TIM_TI2_ConfigInputStage  stm32l0xx_hal_tim.o
    0x08006c70   0x08006c70   0x0000015a   Code   RO         1243    .text.UART_AdvFeatureConfig  stm32l0xx_hal_uart.o
    0x08006dca   0x08006dca   0x00000002   PAD
    0x08006dcc   0x08006dcc   0x000000a4   Code   RO         1245    .text.UART_CheckIdleState  stm32l0xx_hal_uart.o
    0x08006e70   0x08006e70   0x00000508   Code   RO         1241    .text.UART_SetConfig  stm32l0xx_hal_uart.o
    0x08007378   0x08007378   0x0000018a   Code   RO         1259    .text.UART_WaitOnFlagUntilTimeout  stm32l0xx_hal_uart.o
    0x08007502   0x08007502   0x00000002   PAD
    0x08007504   0x08007504   0x0000002c   Code   RO          790    .text.__NVIC_EnableIRQ  stm32l0xx_hal_cortex.o
    0x08007530   0x08007530   0x00000084   Code   RO          786    .text.__NVIC_SetPriority  stm32l0xx_hal_cortex.o
    0x080075b4   0x080075b4   0x0000004c   Code   RO           13    .text.main          main.o
    0x08007600   0x08007600   0x00000030   Code   RO         1617    i.__ARM_common_ll_muluu  c_p.l(btod.o)
    0x08007630   0x08007630   0x0000002c   Code   RO         1638    i.__ARM_fpclassify  m_ps.l(fpclassify.o)
    0x0800765c   0x0800765c   0x0000000e   Code   RO         1519    i._is_digit         c_p.l(__printf_wp.o)
    0x0800766a   0x0800766a   0x00000002   PAD
    0x0800766c   0x0800766c   0x0000002c   Code   RO         1622    locale$$code        c_p.l(lc_numeric_c.o)
    0x08007698   0x08007698   0x0000002c   Code   RO         1651    locale$$code        c_p.l(lc_ctype_c.o)
    0x080076c4   0x080076c4   0x0000008c   Code   RO         1441    x$fpl$fadd          fz_ps.l(faddsub.o)
    0x08007750   0x08007750   0x000000d0   Code   RO         1443    x$fpl$fsub          fz_ps.l(faddsub.o)
    0x08007820   0x08007820   0x00000010   Code   RO         1552    x$fpl$printf1       fz_ps.l(printf1.o)
    0x08007830   0x08007830   0x00000010   Code   RO         1554    x$fpl$printf2       fz_ps.l(printf2.o)
    0x08007840   0x08007840   0x00000000   Code   RO         1560    x$fpl$usenofp       fz_ps.l(usenofp.o)
    0x08007840   0x08007840   0x00000040   Data   RO         1448    .constdata          fz_ps.l(fdiv.o)
    0x08007880   0x08007880   0x00000008   Data   RO         1478    .constdata          c_p.l(_printf_wctomb.o)
    0x08007888   0x08007888   0x00000028   Data   RO         1507    .constdata          c_p.l(_printf_hex_int_ll_ptr.o)
    0x080078b0   0x080078b0   0x00000011   Data   RO         1527    .constdata          c_p.l(__printf_flags_ss_wp.o)
    0x080078c1   0x080078c1   0x00000026   Data   RO         1587    .constdata          c_p.l(_printf_fp_hex.o)
    0x080078e7   0x080078e7   0x00000001   PAD
    0x080078e8   0x080078e8   0x00000094   Data   RO         1613    .constdata          c_p.l(bigflt0.o)
    0x0800797c   0x0800797c   0x00000010   Data   RO         1412    .rodata.AHBPrescTable  system_stm32l0xx.o
    0x0800798c   0x0800798c   0x00000008   Data   RO         1413    .rodata.APBPrescTable  system_stm32l0xx.o
    0x08007994   0x08007994   0x00000009   Data   RO         1414    .rodata.PLLMulTable  system_stm32l0xx.o
    0x0800799d   0x0800799d   0x00000006   Data   RO          101    .rodata.str1.1      4dig_7seg_display.o
    0x080079a3   0x080079a3   0x00000001   PAD
    0x080079a4   0x080079a4   0x00000020   Data   RO         1786    Region$$Table       anon$$obj.o
    0x080079c4   0x080079c4   0x0000001c   Data   RO         1621    locale$$data        c_p.l(lc_numeric_c.o)
    0x080079e0   0x080079e0   0x00000110   Data   RO         1650    locale$$data        c_p.l(lc_ctype_c.o)


    Execution Region RW_IRAM1 (Exec base: 0x20000000, Load base: 0x08007af0, Size: 0x00000858, Max: 0x00005000, ABSOLUTE)

    Exec Addr    Load Addr    Size         Type   Attr      Idx    E Section Name        Object

    0x20000000   0x08007af0   0x00000004   Data   RW         1411    .data.SystemCoreClock  system_stm32l0xx.o
    0x20000004   0x08007af4   0x0000000a   Data   RW          100    .data.segmentNumber  4dig_7seg_display.o
    0x2000000e   0x08007afe   0x00000001   Data   RW          277    .data.uwTickFreq    stm32l0xx_hal.o
    0x2000000f   0x08007aff   0x00000001   PAD
    0x20000010   0x08007b00   0x00000004   Data   RW          276    .data.uwTickPrio    stm32l0xx_hal.o
    0x20000014   0x08007b04   0x00000004   PAD
    0x20000018        -       0x00000060   Zero   RW         1641    .bss                c_p.l(libspace.o)
    0x20000078        -       0x00000002   Zero   RW          119    .bss.Temp_RAW       lps25hb.o
    0x2000007a        -       0x00000001   Zero   RW          118    .bss.chipID         lps25hb.o
    0x2000007b        -       0x00000001   Zero   RW          117    .bss.datatowrite    lps25hb.o
    0x2000007c        -       0x0000005c   Zero   RW           34    .bss.hadc           main.o
    0x200000d8        -       0x0000004c   Zero   RW           31    .bss.hi2c2          main.o
    0x20000124        -       0x00000058   Zero   RW           35    .bss.hspi1          main.o
    0x2000017c        -       0x00000040   Zero   RW           33    .bss.htim2          main.o
    0x200001bc        -       0x00000084   Zero   RW           36    .bss.huart2         main.o
    0x20000240        -       0x00000005   Zero   RW           99    .bss.mas            4dig_7seg_display.o
    0x20000245        -       0x00000001   Zero   RW          102    .bss.temp1          4dig_7seg_display.o
    0x20000246        -       0x00000001   Zero   RW          103    .bss.temp2          4dig_7seg_display.o
    0x20000247        -       0x00000001   Zero   RW          104    .bss.temp3          4dig_7seg_display.o
    0x20000248        -       0x00000001   Zero   RW          105    .bss.temp4          4dig_7seg_display.o
    0x20000249   0x08007b04   0x00000003   PAD
    0x2000024c        -       0x00000004   Zero   RW           32    .bss.temperatura    main.o
    0x20000250        -       0x00000004   Zero   RW          278    .bss.uwTick         stm32l0xx_hal.o
    0x20000254        -       0x00000002   Zero   RW          120    .bss.val            lps25hb.o
    0x20000256   0x08007b04   0x00000002   PAD
    0x20000258        -       0x00000200   Zero   RW            2    HEAP                startup_stm32l073xx.o
    0x20000458        -       0x00000400   Zero   RW            1    STACK               startup_stm32l073xx.o


==============================================================================

Image component sizes


      Code (inc. data)   RO Data    RW Data    ZI Data      Debug   Object Name

       408         32          6         10          9       1709   4dig_7seg_display.o
       240         24          0          0          6       3847   lps25hb.o
      1098         80          0          0        456      12697   main.o
        56         26        192          0       1536        612   startup_stm32l073xx.o
       268         28          0          5          4       6625   stm32l0xx_hal.o
      1092         28          0          0          0      10367   stm32l0xx_hal_adc.o
       322         24          0          0          0       6175   stm32l0xx_hal_cortex.o
       138          0          0          0          0       6224   stm32l0xx_hal_dma.o
       832         44          0          0          0       4715   stm32l0xx_hal_gpio.o
      8528         96          0          0          0      34381   stm32l0xx_hal_i2c.o
       310          0          0          0          0       5261   stm32l0xx_hal_i2c_ex.o
       612         64          0          0          0      11768   stm32l0xx_hal_msp.o
      3308        168          0          0          0       8883   stm32l0xx_hal_rcc.o
       784         24          0          0          0       8011   stm32l0xx_hal_rcc_ex.o
       258          0          0          0          0      19941   stm32l0xx_hal_spi.o
      1692         24          0          0          0      34779   stm32l0xx_hal_tim.o
       204          0          0          0          0       4129   stm32l0xx_hal_tim_ex.o
      2368        228          0          0          0      34464   stm32l0xx_hal_uart.o
        76          8          0          0          0        894   stm32l0xx_it.o
         2          0         33          4          0       1907   system_stm32l0xx.o

    ----------------------------------------------------------------------
     22616        898        264         20       2020     217389   Object Totals
         0          0         32          0          0          0   (incl. Generated)
        20          0          1          1          9          0   (incl. Padding)

    ----------------------------------------------------------------------

      Code (inc. data)   RO Data    RW Data    ZI Data      Debug   Library Member Name

         8          0          0          0          0         68   __main.o
       392          6         17          0          0         76   __printf_flags_ss_wp.o
        14          0          0          0          0         60   __printf_wp.o
         0          0          0          0          0          0   __rtentry.o
        12          0          0          0          0          0   __rtentry2.o
         6          0          0          0          0          0   __rtentry4.o
        60          8          0          0          0          0   __scatter.o
        26          0          0          0          0          0   __scatter_copy.o
        28          0          0          0          0          0   __scatter_zi.o
        66          0          0          0          0         76   _c16rtomb.o
        10          0          0          0          0          0   _printf_a.o
        10          0          0          0          0          0   _printf_c.o
        46          0          0          0          0        100   _printf_char.o
        48          6          0          0          0         88   _printf_char_common.o
        38          0          0          0          0         60   _printf_charcount.o
        10          0          0          0          0          0   _printf_d.o
       108         18          0          0          0         76   _printf_dec.o
        10          0          0          0          0          0   _printf_e.o
        10          0          0          0          0          0   _printf_f.o
      1044         12          0          0          0        116   _printf_fp_dec.o
       728         10         38          0          0         84   _printf_fp_hex.o
       136         16          0          0          0         76   _printf_fp_infnan.o
        10          0          0          0          0          0   _printf_g.o
       152          4         40          0          0        148   _printf_hex_int_ll_ptr.o
        10          0          0          0          0          0   _printf_i.o
       176          0          0          0          0         84   _printf_intcommon.o
        10          0          0          0          0          0   _printf_l.o
        10          0          0          0          0          0   _printf_lc.o
        10          0          0          0          0          0   _printf_ll.o
        10          0          0          0          0          0   _printf_lld.o
        10          0          0          0          0          0   _printf_lli.o
        10          0          0          0          0          0   _printf_llo.o
        10          0          0          0          0          0   _printf_llu.o
        10          0          0          0          0          0   _printf_llx.o
       112         18          0          0          0         76   _printf_longlong_dec.o
        10          0          0          0          0          0   _printf_ls.o
        10          0          0          0          0          0   _printf_n.o
        10          0          0          0          0          0   _printf_o.o
       112         10          0          0          0        112   _printf_oct_int_ll.o
        10          0          0          0          0          0   _printf_p.o
        78          0          0          0          0        100   _printf_pad.o
         2          0          0          0          0          0   _printf_percent.o
         4          0          0          0          0          0   _printf_percent_end.o
        10          0          0          0          0          0   _printf_s.o
        82          0          0          0          0         72   _printf_str.o
        36          0          0          0          0         76   _printf_truncate.o
        10          0          0          0          0          0   _printf_u.o
        46          0          0          0          0        100   _printf_wchar.o
       188          6          8          0          0         80   _printf_wctomb.o
        10          0          0          0          0          0   _printf_x.o
        10          0          0          0          0         60   _sputc.o
       364          4          0          0          0         92   aeabi_sdiv.o
       216          6        148          0          0         80   bigflt0.o
      1456         30          0          0          0        336   btod.o
        16          0          0          0          0         68   exit.o
         6          0          0          0          0        136   heapauxi.o
         0          0          0          0          0          0   indicate_semi.o
        44         10        272          0          0         76   lc_ctype_c.o
        44         10         28          0          0         76   lc_numeric_c.o
         2          0          0          0          0          0   libinit.o
        30          0          0          0          0          0   libinit2.o
         2          0          0          0          0          0   libshutdown.o
         2          0          0          0          0          0   libshutdown2.o
         8          4          0          0         96         68   libspace.o
        48          0          0          0          0         72   llmul.o
       272          0          0          0          0         88   lludiv.o
       122          0          0          0          0         72   lludiv10.o
        16          4          0          0          0         76   rt_ctype_table.o
         8          4          0          0          0         68   rt_locale_intlibspace.o
        64          0          0          0          0        108   rt_memclr.o
         2          0          0          0          0          0   rtexit.o
        10          0          0          0          0          0   rtexit2.o
        40          0          0          0          0         60   rtudiv10.o
        44          4          0          0          0         84   sprintf.o
       136          4          0          0          0         72   strcmp.o
        12          4          0          0          0         60   sys_exit.o
        62          0          0          0          0         80   sys_stackheap_outer.o
         2          0          0          0          0         68   use_no_semi.o
        84          4          0          0          0         60   f2d.o
       348          8          0          0          0        160   faddsub.o
       352         10         64          0          0         92   fdiv.o
        94          0          0          0          0         92   fflti.o
        16          4          0          0          0         76   printf1.o
        16          4          0          0          0         76   printf2.o
         0          0          0          0          0          0   usenofp.o
        44          4          0          0          0         60   fpclassify.o

    ----------------------------------------------------------------------
      7976        232        616          0         96       4244   Library Totals
        16          0          1          0          0          0   (incl. Padding)

    ----------------------------------------------------------------------

      Code (inc. data)   RO Data    RW Data    ZI Data      Debug   Library Name

      7006        198        551          0         96       3628   c_p.l
       910         30         64          0          0        556   fz_ps.l
        44          4          0          0          0         60   m_ps.l

    ----------------------------------------------------------------------
      7976        232        616          0         96       4244   Library Totals

    ----------------------------------------------------------------------

==============================================================================


      Code (inc. data)   RO Data    RW Data    ZI Data      Debug   

     30592       1130        880         20       2116     219217   Grand Totals
     30592       1130        880         20       2116     219217   ELF Image Totals
     30592       1130        880         20          0          0   ROM Totals

==============================================================================

    Total RO  Size (Code + RO Data)                31472 (  30.73kB)
    Total RW  Size (RW Data + ZI Data)              2136 (   2.09kB)
    Total ROM Size (Code + RO Data + RW Data)      31492 (  30.75kB)

==============================================================================

